******************************************************************************
                  TI ARM Linker PC v16.9.6                     
******************************************************************************
>> Linked Thu Jan 04 11:13:01 2018

OUTPUT FILE NAME:   <tag-cc1310-v3.out>
ENTRY POINT SYMBOL: "ResetISR"  address: 00007d49


MEMORY CONFIGURATION

         name            origin    length      used     unused   attr    fill
----------------------  --------  ---------  --------  --------  ----  --------
  FLASH                 00000000   00020000  00008d47  000172b9  R  X
  GPRAM                 11000000   00002000  00000000  00002000  RW X
  SRAM                  20000000   00005000  00003732  000018ce  RW X


SEGMENT ALLOCATION MAP

run origin  load origin   length   init length attrs members
----------  ----------- ---------- ----------- ----- -------
00000000    00000000    00000780   00000780    r--
  00000000    00000000    0000003c   0000003c    r-- .resetVecs
  0000003c    0000003c    0000045b   0000045b    r-- .const
  00000498    00000498    000002e8   000002e8    r-- .cinit
00001000    00001000    0000857c   0000857c    r-x
  00001000    00001000    0000003c   0000003c    r-- .const:ti_sysbios_knl_Task_Object__PARAMS__C
  0000103c    0000103c    00000034   00000034    r-- .const:ti_sysbios_knl_Mailbox_Object__PARAMS__C
  00001070    00001070    00000030   00000030    r-- .const:ti_sysbios_family_arm_m3_Hwi_Object__PARAMS__C
  000010a0    000010a0    0000002c   0000002c    r-- .const:ti_sysbios_hal_Hwi_Object__PARAMS__C
  000010cc    000010cc    00000028   00000028    r-- .const:ti_sysbios_heaps_HeapMem_Module__FXNS__C
  000010f4    000010f4    00000028   00000028    r-- .const:ti_sysbios_knl_Swi_Object__PARAMS__C
  0000111c    0000111c    00000024   00000024    r-- .const:ti_sysbios_gates_GateHwi_Module__FXNS__C
  00001140    00001140    00000024   00000024    r-- .const:ti_sysbios_gates_GateMutex_Module__FXNS__C
  00001164    00001164    00000024   00000024    r-- .const:ti_sysbios_heaps_HeapMem_Object__PARAMS__C
  00001188    00001188    00000024   00000024    r-- .const:ti_sysbios_knl_Clock_Object__PARAMS__C
  000011ac    000011ac    00000024   00000024    r-- .const:ti_sysbios_knl_Semaphore_Object__PARAMS__C
  000011d0    000011d0    00000020   00000020    r-- .const:ti_sysbios_family_arm_m3_Hwi_Object__DESC__C
  000011f0    000011f0    00000020   00000020    r-- .const:ti_sysbios_gates_GateHwi_Object__DESC__C
  00001210    00001210    00000020   00000020    r-- .const:ti_sysbios_gates_GateMutex_Object__DESC__C
  00001230    00001230    00000020   00000020    r-- .const:ti_sysbios_hal_Hwi_Object__DESC__C
  00001250    00001250    00000020   00000020    r-- .const:ti_sysbios_heaps_HeapMem_Object__DESC__C
  00001270    00001270    00000020   00000020    r-- .const:ti_sysbios_knl_Clock_Object__DESC__C
  00001290    00001290    00000020   00000020    r-- .const:ti_sysbios_knl_Mailbox_Object__DESC__C
  000012b0    000012b0    00000020   00000020    r-- .const:ti_sysbios_knl_Queue_Object__DESC__C
  000012d0    000012d0    00000020   00000020    r-- .const:ti_sysbios_knl_Semaphore_Object__DESC__C
  000012f0    000012f0    00000020   00000020    r-- .const:ti_sysbios_knl_Swi_Object__DESC__C
  00001310    00001310    00000020   00000020    r-- .const:ti_sysbios_knl_Task_Object__DESC__C
  00001330    00001330    00000018   00000018    r-- .const:ti_sysbios_gates_GateHwi_Object__PARAMS__C
  00001348    00001348    00000018   00000018    r-- .const:ti_sysbios_gates_GateMutex_Object__PARAMS__C
  00001360    00001360    00000018   00000018    r-- .const:ti_sysbios_knl_Queue_Object__PARAMS__C
  00001378    00001378    00000008   00000008    r-- .const:ti_sysbios_knl_Idle_funcList__C
  00001384    00001384    00000004   00000004    r-- .const:ti_sysbios_family_arm_cc26xx_Timer_startupNeeded__C
  00001388    00001388    00000004   00000004    r-- .const:ti_sysbios_family_arm_m3_Hwi_E_alreadyDefined__C
  0000138c    0000138c    00000004   00000004    r-- .const:ti_sysbios_family_arm_m3_Hwi_E_hwiLimitExceeded__C
  00001390    00001390    00000004   00000004    r-- .const:ti_sysbios_family_arm_m3_Hwi_NUM_INTERRUPTS__C
  00001394    00001394    00000004   00000004    r-- .const:ti_sysbios_family_arm_m3_Hwi_Object__count__C
  00001398    00001398    00000004   00000004    r-- .const:ti_sysbios_family_arm_m3_Hwi_Object__table__C
  0000139c    0000139c    00000004   00000004    r-- .const:ti_sysbios_family_arm_m3_Hwi_ccr__C
  000013a0    000013a0    00000004   00000004    r-- .const:ti_sysbios_family_arm_m3_Hwi_excHandlerFunc__C
  000013a4    000013a4    00000004   00000004    r-- .const:ti_sysbios_family_arm_m3_Hwi_nullIsrFunc__C
  000013a8    000013a8    00000004   00000004    r-- .const:ti_sysbios_family_arm_m3_Hwi_numSparseInterrupts__C
  000013ac    000013ac    00000004   00000004    r-- .const:ti_sysbios_family_arm_m3_Hwi_priGroup__C
  000013b0    000013b0    00000004   00000004    r-- .const:ti_sysbios_family_arm_m3_TaskSupport_stackAlignment__C
  000013b4    000013b4    00000004   00000004    r-- .const:ti_sysbios_heaps_HeapMem_E_memory__C
  000013b8    000013b8    00000004   00000004    r-- .const:ti_sysbios_heaps_HeapMem_Module__gateObj__C
  000013bc    000013bc    00000004   00000004    r-- .const:ti_sysbios_heaps_HeapMem_Object__count__C
  000013c0    000013c0    00000004   00000004    r-- .const:ti_sysbios_heaps_HeapMem_Object__table__C
  000013c4    000013c4    00000004   00000004    r-- .const:ti_sysbios_heaps_HeapMem_reqAlign__C
  000013c8    000013c8    00000004   00000004    r-- .const:ti_sysbios_knl_Clock_serviceMargin__C
  000013cc    000013cc    00000004   00000004    r-- .const:ti_sysbios_knl_Mailbox_Object__count__C
  000013d0    000013d0    00000004   00000004    r-- .const:ti_sysbios_knl_Mailbox_Object__table__C
  000013d4    000013d4    00000004   00000004    r-- .const:ti_sysbios_knl_Mailbox_maxTypeAlign__C
  000013d8    000013d8    00000004   00000004    r-- .const:ti_sysbios_knl_Queue_Object__count__C
  000013dc    000013dc    00000004   00000004    r-- .const:ti_sysbios_knl_Queue_Object__table__C
  000013e0    000013e0    00000004   00000004    r-- .const:ti_sysbios_knl_Swi_Object__count__C
  000013e4    000013e4    00000004   00000004    r-- .const:ti_sysbios_knl_Swi_Object__table__C
  000013e8    000013e8    00000004   00000004    r-- .const:ti_sysbios_knl_Swi_numPriorities__C
  000013ec    000013ec    00000004   00000004    r-- .const:ti_sysbios_knl_Task_Object__count__C
  000013f0    000013f0    00000004   00000004    r-- .const:ti_sysbios_knl_Task_Object__table__C
  000013f4    000013f4    00000004   00000004    r-- .const:ti_sysbios_knl_Task_allBlockedFunc__C
  000013f8    000013f8    00000004   00000004    r-- .const:ti_sysbios_knl_Task_defaultStackHeap__C
  000013fc    000013fc    00000004   00000004    r-- .const:ti_sysbios_knl_Task_defaultStackSize__C
  00001400    00001400    00000004   00000004    r-- .const:ti_sysbios_knl_Task_numConstructedTasks__C
  00001406    00001406    00000002   00000002    r-- .const:ti_sysbios_family_arm_cc26xx_Timer_Module__id__C
  00001408    00001408    00000002   00000002    r-- .const:ti_sysbios_family_arm_cc26xx_TimestampProvider_useClockTimer__C
  0000140a    0000140a    00000002   00000002    r-- .const:ti_sysbios_family_arm_m3_Hwi_Module__id__C
  0000140c    0000140c    00000002   00000002    r-- .const:ti_sysbios_gates_GateHwi_Module__id__C
  0000140e    0000140e    00000002   00000002    r-- .const:ti_sysbios_gates_GateMutex_Module__id__C
  00001410    00001410    00000002   00000002    r-- .const:ti_sysbios_heaps_HeapMem_Module__id__C
  00001412    00001412    00000002   00000002    r-- .const:ti_sysbios_knl_Task_initStackFlag__C
  00001414    00001414    00000001   00000001    r-- .const:ti_sysbios_knl_Clock_tickMode__C
  00001418    00001418    00000008   00000008    r-- .const:xdc_runtime_Startup_firstFxns__C
  00001420    00001420    00000008   00000008    r-- .const:xdc_runtime_Startup_lastFxns__C
  00001428    00001428    00000004   00000004    r-- .const:xdc_runtime_Assert_E_assertFailed__C
  0000142c    0000142c    00000004   00000004    r-- .const:xdc_runtime_Error_E_memory__C
  00001430    00001430    00000004   00000004    r-- .const:xdc_runtime_Error_policyFxn__C
  00001434    00001434    00000004   00000004    r-- .const:xdc_runtime_IGateProvider_Interface__BASE__C
  00001438    00001438    00000004   00000004    r-- .const:xdc_runtime_IHeap_Interface__BASE__C
  0000143c    0000143c    00000004   00000004    r-- .const:xdc_runtime_IModule_Interface__BASE__C
  00001440    00001440    00000004   00000004    r-- .const:xdc_runtime_Main_Module__diagsEnabled__C
  00001444    00001444    00000004   00000004    r-- .const:xdc_runtime_Main_Module__diagsIncluded__C
  00001448    00001448    00000004   00000004    r-- .const:xdc_runtime_Main_Module__diagsMask__C
  0000144c    0000144c    00000004   00000004    r-- .const:xdc_runtime_Memory_defaultHeapInstance__C
  00001450    00001450    00000004   00000004    r-- .const:xdc_runtime_Startup_execImpl__C
  00001454    00001454    00000004   00000004    r-- .const:xdc_runtime_Startup_maxPasses__C
  00001458    00001458    00000004   00000004    r-- .const:xdc_runtime_Startup_sfxnRts__C
  0000145c    0000145c    00000004   00000004    r-- .const:xdc_runtime_Startup_sfxnTab__C
  00001460    00001460    00000004   00000004    r-- .const:xdc_runtime_Startup_startModsFxn__C
  00001464    00001464    00000004   00000004    r-- .const:xdc_runtime_SysCallback_abortFxn__C
  00001468    00001468    00000004   00000004    r-- .const:xdc_runtime_SysCallback_exitFxn__C
  0000146c    0000146c    00000004   00000004    r-- .const:xdc_runtime_System_abortFxn__C
  00001470    00001470    00000004   00000004    r-- .const:xdc_runtime_System_exitFxn__C
  00001474    00001474    00000004   00000004    r-- .const:xdc_runtime_System_maxAtexitHandlers__C
  00001478    00001478    00000004   00000004    r-- .const:xdc_runtime_Text_charTab__C
  0000147c    0000147c    00000004   00000004    r-- .const:xdc_runtime_Text_nameEmpty__C
  00001480    00001480    00000004   00000004    r-- .const:xdc_runtime_Text_nameStatic__C
  00001484    00001484    00000004   00000004    r-- .const:xdc_runtime_Text_nameUnknown__C
  00001488    00001488    00000002   00000002    r-- .const:xdc_runtime_Main_Module__id__C
  0000148a    0000148a    00000002   00000002    r-- .const:xdc_runtime_Memory_Module__id__C
  0000148c    0000148c    00000002   00000002    r-- .const:xdc_runtime_Text_charCnt__C
  0000148e    0000148e    00000002   00000002    r-- .const:xdc_runtime_Text_isLoaded__C
  00001490    00001490    00000001   00000001    r-- .const:xdc_runtime_Error_policy__C
  00001494    00001494    00000004   00000004    r-- .const:ti_sysbios_rom_ROM_AONRTCChannelEnable
  00001498    00001498    00000004   00000004    r-- .const:ti_sysbios_rom_ROM_AONRTCCompareValueSet
  0000149c    0000149c    00000004   00000004    r-- .const:ti_sysbios_rom_ROM_AONRTCCurrentCompareValueGet
  000014a0    000014a0    00000004   00000004    r-- .const:ti_sysbios_rom_ROM_AONRTCEventClear
  000014a4    000014a4    00000004   00000004    r-- .const:ti_sysbios_rom_ROM_ti_sysbios_family_arm_cc26xx_Timer_getCount64__E
  000014a8    000014a8    00000004   00000004    r-- .const:ti_sysbios_rom_ROM_ti_sysbios_family_arm_cc26xx_Timer_getCurrentTick__E
  000014ac    000014ac    00000004   00000004    r-- .const:ti_sysbios_rom_ROM_ti_sysbios_family_arm_cc26xx_Timer_getMaxTicks__E
  000014b0    000014b0    00000004   00000004    r-- .const:ti_sysbios_rom_ROM_ti_sysbios_family_arm_cc26xx_Timer_initDevice__I
  000014b4    000014b4    00000004   00000004    r-- .const:ti_sysbios_rom_ROM_ti_sysbios_family_arm_cc26xx_Timer_setNextTick__E
  000014b8    000014b8    00000004   00000004    r-- .const:ti_sysbios_rom_ROM_ti_sysbios_family_arm_cc26xx_Timer_setThreshold__I
  000014bc    000014bc    00000004   00000004    r-- .const:ti_sysbios_rom_ROM_ti_sysbios_family_arm_cc26xx_Timer_start__E
  000014c0    000014c0    00000004   00000004    r-- .const:ti_sysbios_rom_ROM_ti_sysbios_family_arm_cc26xx_TimestampProvider_get32__E
  000014c4    000014c4    00000004   00000004    r-- .const:ti_sysbios_rom_ROM_xdc_runtime_Startup_getState__I
  000014c8    000014c8    00000004   00000004    r-- .const:ti_sysbios_rom_ROM_xdc_runtime_System_SupportProxy_abort__E
  000014cc    000014cc    00000004   00000004    r-- .const:ti_sysbios_rom_ROM_xdc_runtime_System_SupportProxy_exit__E
  000014d0    000014d0    00000004   00000004    r-- .const:ti_sysbios_gates_GateMutex_Instance_State_sem__O
  000014d4    000014d4    00000004   00000004    r-- .const:ti_sysbios_knl_Clock_Module_State_clockQ__O
  000014d8    000014d8    00000004   00000004    r-- .const:ti_sysbios_knl_Mailbox_Instance_State_dataQue__O
  000014dc    000014dc    00000004   00000004    r-- .const:ti_sysbios_knl_Mailbox_Instance_State_dataSem__O
  000014e0    000014e0    00000004   00000004    r-- .const:ti_sysbios_knl_Mailbox_Instance_State_freeQue__O
  000014e4    000014e4    00000004   00000004    r-- .const:ti_sysbios_knl_Mailbox_Instance_State_freeSem__O
  000014e8    000014e8    00000004   00000004    r-- .const:ti_sysbios_knl_Semaphore_Instance_State_pendQ__O
  000014ec    000014ec    00000004   00000004    r-- .const:ti_sysbios_knl_Task_Module_State_inactiveQ__O
  000014f0    000014f0    0000808c   0000808c    r-x .text
0001ffa8    0001ffa8    00000058   00000058    r--
  0001ffa8    0001ffa8    00000058   00000058    r-- .ccfg
20000100    20000100    00000104   00000000    rw-
  20000100    20000100    00000044   00000000    rw- .data:ti_sysbios_knl_Task_Module__state__V
  20000144    20000144    00000034   00000000    rw- .data:ti_sysbios_family_arm_m3_Hwi_Module__state__V
  20000178    20000178    0000002c   00000000    rw- .data:ti_sysbios_knl_Clock_Module__state__V
  200001a4    200001a4    00000024   00000000    rw- .data:ti_sysbios_BIOS_Module__state__V
  200001c8    200001c8    0000001c   00000000    rw- .data:ti_sysbios_knl_Swi_Module__state__V
  200001e4    200001e4    00000008   00000000    rw- .data:ti_sysbios_family_arm_cc26xx_Timer_Module__state__V
  200001ec    200001ec    00000004   00000000    rw- .data:ti_sysbios_family_arm_cc26xx_TimestampProvider_Module__state__V
  200001f0    200001f0    00000008   00000000    rw- .data:xdc_runtime_Startup_Module__state__V
  200001f8    200001f8    00000008   00000000    rw- .data:xdc_runtime_System_Module__state__V
  20000200    20000200    00000004   00000000    rw- .data:xdc_runtime_Memory_Module__state__V
20000430    20000430    00000010   00000000    rw-
  20000430    20000430    00000010   00000000    rw- .TI.bound:dmaSpi0RxControlTableEntry
20000440    20000440    00000010   00000000    rw-
  20000440    20000440    00000010   00000000    rw- .TI.bound:dmaSpi0TxControlTableEntry
20000500    20000500    00000010   00000000    rw-
  20000500    20000500    00000010   00000000    rw- .TI.bound:dmaSpi1RxControlTableEntry
20000510    20000510    00003236   00000000    rw-
  20000510    20000510    00000010   00000000    rw- .TI.bound:dmaSpi1TxControlTableEntry
  20000520    20000520    00002b88   00000000    rw- .bss
  200030a8    200030a8    0000069e   00000000    rw- .data
20004d00    20004d00    00000300   00000000    rw-
  20004d00    20004d00    00000300   00000000    rw- .stack


SECTION ALLOCATION MAP

 output                                  attributes/
section   page    origin      length       input sections
--------  ----  ----------  ----------   ----------------
.const     0    0000003c    0000045b     
                  0000003c    00000101     rtsv7M3_T_le_eabi.lib : ctype.obj (.const:.string:_ctypes_)
                  0000013d    00000001     uart.obj (.const:.string:slip_end)
                  0000013e    0000004c     drivers_cc13x0.aem3 : PowerCC26XX.oem3 (.const:resourceDB)
                  0000018a    00000002     uart.obj (.const:.string:slip_esc_end)
                  0000018c    00000048     tags-cc1310_pem3.oem3 (.const:.string)
                  000001d4    00000040     drivers_cc13x0.aem3 : UARTCC26XX.oem3 (.const:$O1$$)
                  00000214    00000040     CC1310_LAUNCHXL.obj (.const:spiCC26XXDMAHWAttrs)
                  00000254    00000038     drivers_cc13x0.aem3 : SPICC26XXDMA.oem3 (.const:$O1$$)
                  0000028c    0000002c     tags-cc1310_pem3.oem3 (.const:xdc_runtime_Startup_sfxnTab__A)
                  000002b8    00000028     drivers_cc13x0.aem3 : UARTCC26XX.oem3 (.const:UARTCC26XX_fxnTable)
                  000002e0    00000024     CC1310_LAUNCHXL.obj (.const:SPI_config)
                  00000304    00000024     drivers_cc13x0.aem3 : UART.oem3 (.const:UART_defaultParams)
                  00000328    00000020                         : SPI.oem3 (.const:SPI_defaultParams)
                  00000348    00000020     CC1310_LAUNCHXL.obj (.const:uartCC26XXHWAttrs)
                  00000368    0000001c     CC1310_LAUNCHXL.obj (.const:BoardGpioInitTable)
                  00000384    00000018     drivers_cc13x0.aem3 : I2CCC26XX.oem3 (.const:I2CCC26XX_fxnTable)
                  0000039c    00000018     CC1310_LAUNCHXL.obj (.const:I2C_config)
                  000003b4    00000018     CC1310_LAUNCHXL.obj (.const:PowerCC26XX_config)
                  000003cc    00000018     drivers_cc13x0.aem3 : SPICC26XXDMA.oem3 (.const:SPICC26XXDMA_fxnTable)
                  000003e4    00000018     CC1310_LAUNCHXL.obj (.const:UART_config)
                  000003fc    00000018     CC1310_LAUNCHXL.obj (.const:i2cCC26xxHWAttrs)
                  00000414    00000016     tags-cc1310_pem3.oem3 (.const:xdc_runtime_Startup_sfxnRts__A)
                  0000042a    00000002     uart.obj (.const:.string:slip_esc_esc)
                  0000042c    00000010     drivers_cc13x0.aem3 : I2C.oem3 (.const:I2C_defaultParams)
                  0000043c    00000010     CC1310_LAUNCHXL.obj (.const:UDMACC26XX_config)
                  0000044c    0000000c     tags-cc1310_pem3.oem3 (.const:xdc_runtime_Startup_firstFxns__A)
                  00000458    00000008     CC1310_LAUNCHXL.obj (.const:PINCC26XX_hwAttrs)
                  00000460    00000008     drivers_cc13x0.aem3 : I2CCC26XX.oem3 (.const:bitRate)
                  00000468    00000008     CC1310_LAUNCHXL.obj (.const:udmaHWAttrs)
                  00000470    00000004     CC1310_LAUNCHXL.obj (.const)
                  00000474    00000004     tags-cc1310_pem3.oem3 (.const:ti_sysbios_family_arm_m3_Hwi_swiDisable__C)
                  00000478    00000004     tags-cc1310_pem3.oem3 (.const:ti_sysbios_family_arm_m3_Hwi_swiRestoreHwi__C)
                  0000047c    00000004     tags-cc1310_pem3.oem3 (.const:ti_sysbios_family_arm_m3_Timer_E_cannotSupport__C)
                  00000480    00000004     tags-cc1310_pem3.oem3 (.const:ti_sysbios_family_arm_m3_Timer_startupNeeded__C)
                  00000484    00000004     tags-cc1310_pem3.oem3 (.const:ti_sysbios_knl_Clock_tickPeriod__C)
                  00000488    00000004     tags-cc1310_pem3.oem3 (.const:ti_sysbios_knl_Clock_triggerClock__C)
                  0000048c    00000004     tags-cc1310_pem3.oem3 (.const:ti_sysbios_knl_Idle_funcList__A)
                  00000490    00000004     tags-cc1310_pem3.oem3 (.const:xdc_runtime_System_extendFxn__C)
                  00000494    00000002     tags-cc1310_pem3.oem3 (.const:ti_sysbios_family_arm_m3_Timer_Module__id__C)
                  00000496    00000001     tags-cc1310_pem3.oem3 (.const:xdc_runtime_Text_charTab__A)

.text      0    000014f0    0000808c     
                  000014f0    00001106     rtsv7M3_T_le_eabi.lib : _printfi.obj (.text)
                  000025f6    00000002     drivers_cc13x0.aem3 : PowerCC26XX.oem3 (.text:emptyClockFunc)
                  000025f8    0000033c     rom_sysbios.aem3 : rom_sysbios.obj (.text:xdc_runtime_System_doPrint__I)
                  00002934    0000030c     drivers_cc13x0.aem3 : PowerCC26XX_calibrateRCOSC.oem3 (.text:PowerCC26XX_auxISR)
                  00002c40    000002f4                         : SPICC26XXDMA.oem3 (.text:SPICC26XXDMA_transfer)
                  00002f34    0000026c     i2c_sensors.obj (.text:testTaskFunction)
                  000031a0    00000228     driverlib.lib : sys_ctrl.obj (.text:NOROM_SysCtrlSetRechargeBeforePowerDown)
                  000033c8    00000224     drivers_cc13x0.aem3 : PowerCC26XX.oem3 (.text:Power_sleep)
                  000035ec    000001f4     rtsv7M3_T_le_eabi.lib : ull_div_t2.obj (.text)
                  000037e0    000001c4                           : fopen.obj (.text)
                  000039a4    000001bc     drivers_cc13x0.aem3 : PINCC26XX.oem3 (.text:PIN_init)
                  00003b60    000001b6     rtsv7M3_T_le_eabi.lib : fd_add_t2.obj (.text)
                  00003d16    00000002                           : i_div0.obj (.text)
                  00003d18    00000198     uart.obj (.text:uartTasks_init)
                  00003eb0    00000190     drivers_cc13x0.aem3 : PowerCC26XX_calibrateRCOSC.oem3 (.text:PowerCC26XX_doCalibrate)
                  00004040    00000168     tags-cc1310_pem3.oem3 (.text:xdc_runtime_System_printfExtend__I)
                  000041a8    00000164     drivers_cc13x0.aem3 : UARTCC26XX.oem3 (.text:UARTCC26XX_open)
                  0000430c    00000158                         : SPICC26XXDMA.oem3 (.text:SPICC26XXDMA_initIO)
                  00004464    00000154                         : I2CCC26XX.oem3 (.text:I2CCC26XX_open)
                  000045b8    0000014c     leds.obj (.text:leds_init)
                  00004704    00000136     rtsv7M3_T_le_eabi.lib : fd_div_t2.obj (.text)
                  0000483a    00000002     rom_sysbios.aem3 : rom_sysbios.obj (.text:ti_sysbios_BIOS_linkedWithIncorrectBootLibrary__E)
                  0000483c    00000130     driverlib.lib : setup_rom.obj (.text:NOROM_SetupAfterColdResetWakeupFromShutDownCfg3)
                  0000496c    00000124     drivers_cc13x0.aem3 : SPICC26XXDMA.oem3 (.text:SPICC26XXDMA_open)
                  00004a90    0000011c                         : UARTCC26XX.oem3 (.text:UARTCC26XX_read)
                  00004bac    00000114                         : PowerCC26XX.oem3 (.text:Power_init)
                  00004cc0    00000112                         : UARTCC26XX.oem3 (.text:UARTCC26XX_hwiIntFxn)
                  00004dd2    00000002     tags-cc1310_pem3.oem3 (.text:ti_sysbios_BIOS_nullFunc__I)
                  00004dd4    00000110     drivers_cc13x0.aem3 : I2CCC26XX.oem3 (.text:I2CCC26XX_hwiFxn)
                  00004ee4    000000fc                         : UARTCC26XX.oem3 (.text:UARTCC26XX_write)
                  00004fe0    000000fc     rtsv7M3_T_le_eabi.lib : fd_mul_t2.obj (.text)
                  000050dc    000000f0     driverlib.lib : setup_rom.obj (.text:NOROM_SetupAfterColdResetWakeupFromShutDownCfg2)
                  000051cc    000000e8     drivers_cc13x0.aem3 : SPICC26XXDMA.oem3 (.text:SPICC26XXDMA_transferCancel)
                  000052b4    000000e4     dpl_cc13x0.aem3 : PowerCC26XX_tirtos.oem3 (.text:PowerCC26XX_standbyPolicy)
                  00005398    000000dc     drivers_cc13x0.aem3 : PINCC26XX.oem3 (.text:PINCC26XX_setIoCfg)
                  00005474    000000dc     rtsv7M3_T_le_eabi.lib : setvbuf.obj (.text)
                  00005550    000000dc     uart.obj (.text:uartRxTaskFunction)
                  0000562c    000000d0     rtsv7M3_T_le_eabi.lib : s_scalbn.obj (.text)
                  000056fc    000000c8                           : fflush.obj (.text)
                  000057c4    000000c4     driverlib.lib : setup.obj (.text:TrimAfterColdResetWakeupFromShutDown)
                  00005888    000000c0     drivers_cc13x0.aem3 : I2CCC26XX.oem3 (.text:I2CCC26XX_transfer)
                  00005948    000000bc                         : PowerCC26XX.oem3 (.text:Power_releaseDependency)
                  00005a04    000000bc                         : UARTCC26XX.oem3 (.text:UARTCC26XX_initHw)
                  00005ac0    000000bc     rtsv7M3_T_le_eabi.lib : open.obj (.text)
                  00005b7c    000000b4     drivers_cc13x0.aem3 : PowerCC26XX.oem3 (.text:Power_setDependency)
                  00005c30    000000ac     main.obj (.text:main)
                  00005cdc    000000ac     rtsv7M3_T_le_eabi.lib : _io_perm.obj (.text)
                  00005d88    000000a8     driverlib.lib : setup.obj (.text:NOROM_SetupTrimDevice)
                  00005e30    000000a6     drivers_cc13x0.aem3 : SPICC26XXDMA.oem3 (.text:SPICC26XXDMA_hwiFxn)
                  00005ed6    00000002     rom_sysbios.aem3 : rom_sysbios.obj (.text:ti_sysbios_knl_Clock_triggerFunc__I)
                  00005ed8    000000a4     driverlib.lib : setup_rom.obj (.text:NOROM_SetupAfterColdResetWakeupFromShutDownCfg1)
                  00005f7c    000000a4     i2c_sensors.obj (.text:i2cSensorsInit)
                  00006020    000000a4     drivers_cc13x0.aem3 : PowerCC26XX.oem3 (.text:switchXOSCHFclockFunc)
                  000060c4    000000a0     auto_init.aem3 : auto_init.oem3 (.text)
                  00006164    000000a0     uart.obj (.text:uartTxTaskFunction)
                  00006204    0000009c     rtsv7M3_T_le_eabi.lib : memcpy_t2.obj (.text)
                  000062a0    00000098     drivers_cc13x0.aem3 : PINCC26XX.oem3 (.text:PIN_open)
                  00006338    00000098                         : UARTCC26XX.oem3 (.text:UARTCC26XX_initIO)
                  000063d0    00000098     rtsv7M3_T_le_eabi.lib : fclose.obj (.text)
                  00006468    00000098                           : fputc.obj (.text)
                  00006500    00000098     rom_sysbios.aem3 : rom_sysbios.obj (.text:ti_sysbios_knl_Clock_workFuncDynamic__E)
                  00006598    00000090     drivers_cc13x0.aem3 : I2CCC26XX.oem3 (.text:I2CCC26XX_cancel)
                  00006628    00000090                         : SPICC26XXDMA.oem3 (.text:SPICC26XXDMA_control)
                  000066b8    00000090     leds.obj (.text:ledsTaskFunction)
                  00006748    0000008c     drivers_cc13x0.aem3 : I2CCC26XX.oem3 (.text:I2CCC26XX_primeTransfer)
                  000067d4    0000008c                         : UARTCC26XX.oem3 (.text:UARTCC26XX_close)
                  00006860    0000008c                         : UARTCC26XX.oem3 (.text:UARTCC26XX_writeCancel)
                  000068ec    0000008c                         : UARTCC26XX.oem3 (.text:writeFinishedDoCallback)
                  00006978    00000086     rtsv7M3_T_le_eabi.lib : fd_cmp_t2.obj (.text:__aeabi_cdcmple)
                  000069fe    00000086                           : fd_cmp_t2.obj (.text:__aeabi_cdrcmple)
                  00006a84    0000007a                           : memset_t2.obj (.text)
                  00006afe    00000078     drivers_cc13x0.aem3 : UARTCC26XX.oem3 (.text:writeTxFifoFlush)
                  00006b76    00000002     tags-cc1310_pem3.oem3 (.text:ti_sysbios_rom_cortexm_cc13xx_CC13xx_badRomRevision__E)
                  00006b78    00000074     driverlib.lib : setup_rom.obj (.text:NOROM_SetupSetVddrLevel)
                  00006bec    00000074     rom_sysbios.aem3 : rom_sysbios.obj (.text:ti_sysbios_family_arm_cc26xx_Timer_start__E)
                  00006c60    00000070     rtsv7M3_T_le_eabi.lib : getdevice.obj (.text)
                  00006cd0    0000006d     rom_sysbios.aem3 : rom_sysbios.obj (.text:xdc_runtime_System_formatNum__I)
                  00006d3d    00000001     --HOLE-- [fill = 0]
                  00006d3e    00000002                      : rom_sysbios.obj (.text:xdc_runtime_SysCallback_defaultAbort)
                  00006d40    0000006c     drivers_cc13x0.aem3 : PowerCC26XX_calibrateRCOSC.oem3 (.text:PowerCC26XX_initiateCalibration)
                  00006dac    00000068                         : I2CCC26XX.oem3 (.text:I2CCC26XX_close)
                  00006e14    00000068     driverlib.lib : setup_rom.obj (.text:NOROM_SetupGetTrimForAmpcompCtrl)
                  00006e7c    00000068                   : setup_rom.obj (.text:NOROM_SetupGetTrimForAnabypassValue1)
                  00006ee4    00000068                   : sys_ctrl.obj (.text:NOROM_SysCtrlAdjustRechargeAfterPowerDown)
                  00006f4c    00000068                   : sys_ctrl.obj (.text:NOROM_SysCtrl_DCDC_VoltageConditionalControl)
                  00006fb4    00000068     drivers_cc13x0.aem3 : UARTCC26XX.oem3 (.text:UARTCC26XX_readCancel)
                  0000701c    00000068     rtsv7M3_T_le_eabi.lib : copy_decompress_lzss.obj (.text:decompress:lzss)
                  00007084    00000068     drivers_cc13x0.aem3 : PowerCC26XX.oem3 (.text:lfClockReadyCallback)
                  000070ec    00000068     rtsv7M3_T_le_eabi.lib : hostlseek.obj (.text)
                  00007154    00000068                           : hostrename.obj (.text)
                  000071bc    00000068                           : trgmsg.obj (.text)
                  00007224    00000064     driverlib.lib : osc.obj (.text:NOROM_OSCHF_AttemptToSwitchToXosc)
                  00007288    00000064     drivers_cc13x0.aem3 : PINCC26XX.oem3 (.text:PIN_add)
                  000072ec    00000064                         : PowerCC26XX.oem3 (.text:configureXOSCHF)
                  00007350    00000064     rtsv7M3_T_le_eabi.lib : fseek.obj (.text)
                  000073b4    00000060     driverlib.lib : osc.obj (.text:NOROM_OSCClockSourceSet)
                  00007414    00000060     drivers_cc13x0.aem3 : UARTCC26XX.oem3 (.text:UARTCC26XX_control)
                  00007474    00000060     rtsv7M3_T_le_eabi.lib : hostopen.obj (.text)
                  000074d4    00000060                           : sprintf.obj (.text)
                  00007534    0000005c     drivers_cc13x0.aem3 : PowerCC26XX_calibrateRCOSC.oem3 (.text:PowerCC26XX_RCOSC_clockFunc)
                  00007590    0000005c                         : PowerCC26XX.oem3 (.text:PowerCC26XX_calibrate)
                  000075ec    0000005c                         : UDMACC26XX.oem3 (.text:UDMACC26XX_open)
                  00007648    0000005c     rtsv7M3_T_le_eabi.lib : close.obj (.text)
                  000076a4    0000005c                           : s_frexp.obj (.text)
                  00007700    0000005c     tags-cc1310_pem3.oem3 (.text:xdc_runtime_Startup_getState__I)
                  0000775c    0000005a     drivers_cc13x0.aem3 : SPICC26XXDMA.oem3 (.text:SPICC26XXDMA_close)
                  000077b6    00000058                         : I2CCC26XX.oem3 (.text:I2CCC26XX_swiFxn)
                  0000780e    00000002     rom_sysbios.aem3 : rom_sysbios.obj (.text:xdc_runtime_SysCallback_defaultExit)
                  00007810    00000058     drivers_cc13x0.aem3 : PINCC26XX.oem3 (.text:PIN_remove)
                  00007868    00000058                         : SPICC26XXDMA.oem3 (.text:SPICC26XXDMA_initHw)
                  000078c0    00000058     rtsv7M3_T_le_eabi.lib : hostread.obj (.text)
                  00007918    00000058                           : hostwrite.obj (.text)
                  00007970    00000056     drivers_cc13x0.aem3 : SPICC26XXDMA.oem3 (.text:SPICC26XXDMA_swiFxn)
                  000079c6    00000054     rtsv7M3_T_le_eabi.lib : ltoa.obj (.text)
                  00007a1a    00000002     --HOLE-- [fill = 0]
                  00007a1c    00000050     driverlib.lib : setup_rom.obj (.text:NOROM_SetupSetCacheModeAccordingToCcfgSetting)
                  00007a6c    00000050     drivers_cc13x0.aem3 : UARTCC26XX.oem3 (.text:startTxFifoEmptyClk)
                  00007abc    0000004c                         : I2CCC26XX.oem3 (.text:I2CCC26XX_initHw)
                  00007b08    0000004c     rtsv7M3_T_le_eabi.lib : atoi.obj (.text)
                  00007b54    0000004c                           : cpy_tbl.obj (.text)
                  00007ba0    00000048     dpl_cc13x0.aem3 : ClockP_tirtos.oem3 (.text:ClockP_construct)
                  00007be8    00000048     drivers_cc13x0.aem3 : PINCC26XX.oem3 (.text:PIN_setOutputEnable)
                  00007c30    00000048     rtsv7M3_T_le_eabi.lib : fd_toi_t2.obj (.text)
                  00007c78    00000048     rom_sysbios.aem3 : rom_sysbios.obj (.text:ti_sysbios_family_arm_m3_Timer_setPeriod__E)
                  00007cc0    00000044     drivers_cc13x0.aem3 : RingBuf.oem3 (.text:RingBuf_put)
                  00007d04    00000044                         : SPICC26XXDMA.oem3 (.text:SPICC26XXDMA_csnCallback)
                  00007d48    00000044     boot.aem3 : boot.oem3 (.text)
                  00007d8c    00000044     drivers_cc13x0.aem3 : PowerCC26XX.oem3 (.text:notify)
                  00007dd0    00000044     rtsv7M3_T_le_eabi.lib : fd_tou_t2.obj (.text)
                  00007e14    00000044                           : hostclose.obj (.text)
                  00007e58    00000044                           : hostunlink.obj (.text)
                  00007e9c    00000044     i2c_sensors.obj (.text:testTask_init)
                  00007ee0    00000044     rom_sysbios.aem3 : rom_sysbios.obj (.text:ti_sysbios_family_arm_m3_Timer_start__E)
                  00007f24    00000040     drivers_cc13x0.aem3 : I2C.oem3 (.text:I2C_open)
                  00007f64    00000040                         : PINCC26XX.oem3 (.text:PINCC26XX_getConfig)
                  00007fa4    00000040                         : PINCC26XX.oem3 (.text:PIN_swi)
                  00007fe4    00000040                         : SPI.oem3 (.text:SPI_init)
                  00008024    00000040                         : SPI.oem3 (.text:SPI_open)
                  00008064    00000040                         : UART.oem3 (.text:UART_init)
                  000080a4    00000040                         : UART.oem3 (.text:UART_open)
                  000080e4    00000040     rtsv7M3_T_le_eabi.lib : u_divt2.obj (.text)
                  00008124    00000040     rom_sysbios.aem3 : rom_sysbios.obj (.text:ti_sysbios_family_arm_cc26xx_Timer_setThreshold__I)
                  00008164    0000003e     dpl_cc13x0.aem3 : HwiP_tirtos.oem3 (.text:HwiP_construct)
                  000081a2    0000003e     drivers_cc13x0.aem3 : RingBuf.oem3 (.text:RingBuf_get)
                  000081e0    0000003c     driverlib.lib : chipinfo.obj (.text:NOROM_ChipInfo_GetHwRevision)
                  0000821c    0000003c                   : osc.obj (.text:NOROM_OSC_HPOSCRelativeFrequencyOffsetGet)
                  00008258    0000003c     dpl_cc13x0.aem3 : SwiP_tirtos.oem3 (.text:SwiP_construct)
                  00008294    0000003c     drivers_cc13x0.aem3 : PowerCC26XX.oem3 (.text:disableLfClkQualifiersEnableClkLoss)
                  000082d0    0000003c     rom_sysbios.aem3 : rom_sysbios.obj (.text:ti_sysbios_family_arm_m3_Hwi_construct2__E)
                  0000830c    0000003c     uart.obj (.text:uartLocalRead)
                  00008348    0000003c     uart.obj (.text:uartLocalWrite)
                  00008384    00000038     drivers_cc13x0.aem3 : PINCC26XX.oem3 (.text:PIN_setOutputValue)
                  000083bc    00000038                         : UARTCC26XX.oem3 (.text:UARTCC26XX_swiIntFxn)
                  000083f4    00000038     buffers.obj (.text:buffers_init)
                  0000842c    00000038     drivers_cc13x0.aem3 : UARTCC26XX.oem3 (.text:readData)
                  00008464    00000038     rtsv7M3_T_le_eabi.lib : fs_tod_t2.obj (.text)
                  0000849c    00000038     rom_sysbios.aem3 : rom_sysbios.obj (.text:ti_sysbios_family_arm_cc26xx_Timer_getCurrentTick__E)
                  000084d4    00000038     drivers_cc13x0.aem3 : UARTCC26XX.oem3 (.text:writeData)
                  0000850c    00000036                         : UDMACC26XX.oem3 (.text:UDMACC26XX_close)
                  00008542    00000036     rtsv7M3_T_le_eabi.lib : strncpy.obj (.text)
                  00008578    00000034     driverlib.lib : osc.obj (.text:NOROM_OSCHF_SwitchToRcOscTurnOffXosc)
                  000085ac    00000034     drivers_cc13x0.aem3 : PINCC26XX.oem3 (.text:PIN_setConfig)
                  000085e0    00000034                         : PINCC26XX.oem3 (.text:PIN_setInterrupt)
                  00008614    00000034                         : PowerCC26XX.oem3 (.text:Power_releaseConstraint)
                  00008648    00000034     tags-cc1310_pem3.oem3 (.text:ti_sysbios_BIOS_startFunc__I)
                  0000867c    00000034     rom_sysbios.aem3 : rom_sysbios.obj (.text:ti_sysbios_family_arm_cc26xx_Timer_initDevice__I)
                  000086b0    00000034                      : rom_sysbios.obj (.text:ti_sysbios_family_arm_m3_Timer_initDevice__I)
                  000086e4    00000032                      : rom_sysbios.obj (.text:ti_sysbios_family_arm_cc26xx_Timer_setNextTick__E)
                  00008716    00000002     --HOLE-- [fill = 0]
                  00008718    00000030     driverlib.lib : chipinfo.obj (.text:NOROM_ChipInfo_GetChipType)
                  00008748    00000030                   : setup_rom.obj (.text:NOROM_SetupSetAonRtcSubSecInc)
                  00008778    00000030     drivers_cc13x0.aem3 : PowerCC26XX.oem3 (.text:Power_setConstraint)
                  000087a8    00000030                         : UARTCC26XX.oem3 (.text:readData2RingBuf)
                  000087d8    00000030     tags-cc1310_pem3.oem3 (.text:ti_sysbios_BIOS_atExitFunc__I)
                  00008808    0000002e     rtsv7M3_T_le_eabi.lib : i_tofd_t2.obj (.text)
                  00008836    0000002e     tags-cc1310_pem3.oem3 (.text:ti_sysbios_rts_gnu_MemAlloc_alloc)
                  00008864    0000002c     driverlib.lib : ddi.obj (.text:NOROM_DDI32RegWrite)
                  00008890    0000002c                   : osc.obj (.text:NOROM_OSCClockSourceGet)
                  000088bc    0000002c                   : setup_rom.obj (.text:NOROM_SetupGetTrimForRadcExtCfg)
                  000088e8    0000002c     drivers_cc13x0.aem3 : PINCC26XX.oem3 (.text:PINCC26XX_setMux)
                  00008914    0000002c     dpl_cc13x0.aem3 : SemaphoreP_tirtos.oem3 (.text:SemaphoreP_constructBinary)
                  00008940    0000002c     rtsv7M3_T_le_eabi.lib : unlink.obj (.text)
                  0000896c    0000002c     rom_sysbios.aem3 : rom_sysbios.obj (.text:ti_sysbios_knl_Clock_getTicksUntilInterrupt__E)
                  00008998    0000002a                      : rom_sysbios.obj (.text:xdc_runtime_System_putchar__I)
                  000089c2    00000002     --HOLE-- [fill = 0]
                  000089c4    00000028     driverlib.lib : aon_batmon.obj (.text:NOROM_AONBatMonTemperatureGetDegC)
                  000089ec    00000028     drivers_cc13x0.aem3 : PowerCC26XX.oem3 (.text:Power_registerNotify)
                  00008a14    00000028                         : SPICC26XXDMA.oem3 (.text:SPICC26XXDMA_flushFifos)
                  00008a3c    00000028     driverlib.lib : adi.obj (.text:SafeHapiVoid)
                  00008a64    00000028     rtsv7M3_T_le_eabi.lib : lseek.obj (.text)
                  00008a8c    00000028                           : write.obj (.text)
                  00008ab4    00000024     tags-cc1310_pem3.oem3 (.text:ti_sysbios_BIOS_registerRTSLock__I)
                  00008ad8    00000024     tags-cc1310_pem3.oem3 (.text:ti_sysbios_BIOS_removeRTSLock__I)
                  00008afc    00000024     rom_sysbios.aem3 : rom_sysbios.obj (.text:ti_sysbios_family_arm_cc26xx_Timer_getMaxTicks__E)
                  00008b20    00000024                      : rom_sysbios.obj (.text:ti_sysbios_family_arm_m3_Timer_Module_startup__E)
                  00008b44    00000024                      : rom_sysbios.obj (.text:ti_sysbios_family_arm_m3_Timer_postInit__I)
                  00008b68    00000024                      : rom_sysbios.obj (.text:ti_sysbios_family_arm_m3_Timer_startup__E)
                  00008b8c    00000024                      : rom_sysbios.obj (.text:xdc_runtime_System_vprintf__E)
                  00008bb0    00000022     drivers_cc13x0.aem3 : List.oem3 (.text:List_put)
                  00008bd2    00000002     --HOLE-- [fill = 0]
                  00008bd4    00000020     driverlib.lib : setup_rom.obj (.text:NOROM_SetupGetTrimForXoscHfCtl)
                  00008bf4    00000020     dpl_cc13x0.aem3 : PowerCC26XX_tirtos.oem3 (.text:PowerCC26XX_schedulerDisable)
                  00008c14    00000020                     : PowerCC26XX_tirtos.oem3 (.text:PowerCC26XX_schedulerRestore)
                  00008c34    00000020     drivers_cc13x0.aem3 : PowerCC26XX.oem3 (.text:Power_unregisterNotify)
                  00008c54    00000020     tags-cc1310_pem3.oem3 (.text:ti_sysbios_BIOS_rtsLock__I)
                  00008c74    00000020     rom_sysbios.aem3 : rom_sysbios.obj (.text:ti_sysbios_family_arm_cc26xx_Timer_dynamicStub__E)
                  00008c94    00000020                      : rom_sysbios.obj (.text:ti_sysbios_knl_Clock_stop__E)
                  00008cb4    00000020                      : rom_sysbios.obj (.text:xdc_runtime_SysStd_abort__E)
                  00008cd4    0000001e     drivers_cc13x0.aem3 : PINCC26XX.oem3 (.text:PIN_close)
                  00008cf2    0000001e                         : PowerCC26XX.oem3 (.text:Power_getTransitionLatency)
                  00008d10    0000001c     driverlib.lib : chipinfo.obj (.text:NOROM_ChipInfo_GetChipFamily)
                  00008d2c    0000001c                   : setup_rom.obj (.text:NOROM_SetupGetTrimForAmpcompTh2)
                  00008d48    0000001c                   : setup_rom.obj (.text:NOROM_SetupGetTrimForRcOscLfRtuneCtuneTrim)
                  00008d64    0000001c     drivers_cc13x0.aem3 : PINCC26XX.oem3 (.text:PINCC26XX_setIoCfgMux)
                  00008d80    0000001c                         : PINCC26XX.oem3 (.text:PIN_hwi)
                  00008d9c    0000001c     rom_sysbios.aem3 : rom_sysbios.obj (.text:ti_sysbios_family_arm_m3_Hwi_clearInterrupt__E)
                  00008db8    0000001c                      : rom_sysbios.obj (.text:ti_sysbios_family_arm_m3_Timer_stop__E)
                  00008dd4    0000001c                      : rom_sysbios.obj (.text:ti_sysbios_knl_Swi_construct2__E)
                  00008df0    0000001a     tags-cc1310_pem3.oem3 (.text:free)
                  00008e0a    0000001a     rtsv7M3_T_le_eabi.lib : memccpy.obj (.text)
                  00008e24    0000001a     rom_sysbios.aem3 : rom_sysbios_config.obj (.text:xdc_runtime_System_printf__E)
                  00008e3e    00000002     --HOLE-- [fill = 0]
                  00008e40    00000018     driverlib.lib : aon_rtc.obj (.text:NOROM_AONRTCCurrentCompareValueGet)
                  00008e58    00000018                   : chipinfo.obj (.text:NOROM_ChipInfo_GetPackageType)
                  00008e70    00000018                   : osc.obj (.text:NOROM_OSCHF_TurnOnXosc)
                  00008e88    00000018                   : setup_rom.obj (.text:NOROM_SetupGetTrimForAdcShModeEn)
                  00008ea0    00000018                   : setup_rom.obj (.text:NOROM_SetupGetTrimForAdcShVbufEn)
                  00008eb8    00000018                   : setup_rom.obj (.text:NOROM_SetupGetTrimForAmpcompTh1)
                  00008ed0    00000018                   : setup_rom.obj (.text:NOROM_SetupGetTrimForDblrLoopFilterResetVoltage)
                  00008ee8    00000018                   : setup_rom.obj (.text:NOROM_SetupGetTrimForRcOscLfIBiasTrim)
                  00008f00    00000018                   : setup_rom.obj (.text:NOROM_SetupGetTrimForXoscLfRegulatorAndCmirrwrRatio)
                  00008f18    00000018     drivers_cc13x0.aem3 : PINCC26XX.oem3 (.text:PIN_getConfig)
                  00008f30    00000018                         : PowerCC26XX.oem3 (.text:Power_idleFunc)
                  00008f48    00000018                         : UARTCC26XX.oem3 (.text:UARTCC26XX_init)
                  00008f60    00000018                         : UART.oem3 (.text:UART_Params_init)
                  00008f78    00000018                         : PowerCC26XX.oem3 (.text:configureRFCoreClocks)
                  00008f90    00000018     rtsv7M3_T_le_eabi.lib : args_main.obj (.text)
                  00008fa8    00000018                           : ll_mul_t2.obj (.text)
                  00008fc0    00000018                           : strcmp.obj (.text)
                  00008fd8    00000018     tags-cc1310_pem3.oem3 (.text:ti_sysbios_BIOS_rtsUnlock__I)
                  00008ff0    00000018     tags-cc1310_pem3.oem3 (.text:ti_sysbios_family_arm_m3_Timer_Module__startupDone__F)
                  00009008    00000018     rom_sysbios.aem3 : rom_sysbios.obj (.text:ti_sysbios_knl_Swi_or__E)
                  00009020    00000018     tags-cc1310_pem3.oem3 (.text:ti_sysbios_rom_cortexm_cc13xx_CC13xx_checkRevision__E)
                  00009038    00000018     rom_sysbios.aem3 : rom_sysbios.obj (.text:xdc_runtime_Error_init__E)
                  00009050    00000016     drivers_cc13x0.aem3 : List.oem3 (.text:List_remove)
                  00009066    00000016     driverlib.lib : chipinfo.obj (.text:NOROM_ThisLibraryIsFor_CC13x0_HwRev20AndLater_HaltIfViolated)
                  0000907c    00000016     rtsv7M3_T_le_eabi.lib : strchr.obj (.text)
                  00009092    00000016                           : strcpy.obj (.text)
                  000090a8    00000016     tags-cc1310_pem3.oem3 (.text:ti_sysbios_BIOS_exitFunc__I)
                  000090be    00000002     --HOLE-- [fill = 0]
                  000090c0    00000014     driverlib.lib : aon_rtc.obj (.text:NOROM_AONRTCCurrent64BitValueGet)
                  000090d4    00000014     drivers_cc13x0.aem3 : SPI.oem3 (.text:SPI_Params_init)
                  000090e8    00000014     rtsv7M3_T_le_eabi.lib : _lock.obj (.text)
                  000090fc    00000014                           : strlen.obj (.text)
                  00009110    00000014     tags-cc1310_pem3.oem3 (.text:ti_sysbios_knl_Clock_doTick__I)
                  00009124    00000012     drivers_cc13x0.aem3 : RingBuf.oem3 (.text:RingBuf_construct)
                  00009136    00000012     dpl_cc13x0.aem3 : SemaphoreP_tirtos.oem3 (.text:SemaphoreP_pend)
                  00009148    00000012     rom_sysbios.aem3 : rom_sysbios.obj (.text:ti_sysbios_hal_Timer_Module_startup__E)
                  0000915a    00000012     tags-cc1310_pem3.oem3 (.text:xdc_runtime_Startup_exec__I)
                  0000916c    00000010     dpl_cc13x0.aem3 : HwiP_tirtos.oem3 (.text:HwiP_Params_init)
                  0000917c    00000010     drivers_cc13x0.aem3 : I2C.oem3 (.text:I2C_Params_init)
                  0000918c    00000010     driverlib.lib : setup_rom.obj (.text:NOROM_SetupGetTrimForXoscHfFastStart)
                  0000919c    00000010                   : setup_rom.obj (.text:NOROM_SetupGetTrimForXoscHfIbiastherm)
                  000091ac    00000010     drivers_cc13x0.aem3 : PINCC26XX.oem3 (.text:PINCC26XX_getPinCount)
                  000091bc    00000010     dpl_cc13x0.aem3 : SwiP_tirtos.oem3 (.text:SwiP_Params_init)
                  000091cc    00000010     i2c_sensors.obj (.text:flashDeselect)
                  000091dc    00000010     i2c_sensors.obj (.text:flashSelect)
                  000091ec    00000010     drivers_cc13x0.aem3 : I2CCC26XX.oem3 (.text:i2cPostNotify)
                  000091fc    00000010                         : UARTCC26XX.oem3 (.text:uartPostNotify)
                  0000920c    0000000e     driverlib.lib : vims.obj (.text:NOROM_VIMSModeGet)
                  0000921a    0000000e     drivers_cc13x0.aem3 : SPICC26XXDMA.oem3 (.text:SPICC26XXDMA_init)
                  00009228    0000000e     rtsv7M3_T_le_eabi.lib : copy_decompress_none.obj (.text:decompress:none)
                  00009236    0000000e     rom_sysbios.aem3 : rom_sysbios.obj (.text:ti_sysbios_family_arm_cc26xx_TimestampProvider_get32__E)
                  00009244    0000000c     drivers_cc13x0.aem3 : List.oem3 (.text:List_empty)
                  00009250    0000000c     driverlib.lib : cpu.obj (.text:NOROM_CPUcpsid)
                  0000925c    0000000c                   : cpu.obj (.text:NOROM_CPUcpsie)
                  00009268    0000000c                   : osc.obj (.text:NOROM_OSC_HPOSCRelativeFrequencyOffsetToRFCoreFormatConvert)
                  00009274    0000000c     drivers_cc13x0.aem3 : PINCC26XX.oem3 (.text:PIN_registerIntCb)
                  00009280    0000000c                         : PowerCC26XX.oem3 (.text:Power_getConstraintMask)
                  0000928c    0000000c                         : PowerCC26XX.oem3 (.text:Power_getDependencyCount)
                  00009298    0000000c     rtsv7M3_T_le_eabi.lib : copy_zero_init.obj (.text:decompress:ZI)
                  000092a4    0000000c     drivers_cc13x0.aem3 : SPICC26XXDMA.oem3 (.text:spiPostNotify)
                  000092b0    0000000c     rom_sysbios.aem3 : rom_sysbios.obj (.text:ti_sysbios_knl_Swi_getTrigger__E)
                  000092bc    0000000c     uart.obj (.text:uartRxCallback)
                  000092c8    0000000c     uart.obj (.text:uartTxCallback)
                  000092d4    0000000c     tags-cc1310_pem3.oem3 (.text:xdc_runtime_Startup_reset__I)
                  000092e0    0000000c     rom_sysbios.aem3 : rom_sysbios.obj (.text:xdc_runtime_Startup_rtsDone__E)
                  000092ec    0000000c                      : rom_sysbios.obj (.text:xdc_runtime_SysStd_exit__E)
                  000092f8    0000000a     drivers_cc13x0.aem3 : I2CCC26XX.oem3 (.text:I2CCC26XX_init)
                  00009302    0000000a                         : I2C.oem3 (.text:I2C_transfer)
                  0000930c    0000000a                         : SPI.oem3 (.text:SPI_transfer)
                  00009316    0000000a                         : UART.oem3 (.text:UART_read)
                  00009320    0000000a                         : UART.oem3 (.text:UART_write)
                  0000932a    0000000a                         : UDMACC26XX.oem3 (.text:UDMACC26XX_hwiIntFxn)
                  00009334    00000008                         : I2CCC26XX.oem3 (.text:I2CCC26XX_blockingCallback)
                  0000933c    00000008                         : SPICC26XXDMA.oem3 (.text:SPICC26XXDMA_transferCallback)
                  00009344    00000008                         : UARTCC26XX.oem3 (.text:readSemCallback)
                  0000934c    00000008     rtsv7M3_T_le_eabi.lib : s_copysign.obj (.text)
                  00009354    00000008     drivers_cc13x0.aem3 : UARTCC26XX.oem3 (.text:writeSemCallback)
                  0000935c    00000006     dpl_cc13x0.aem3 : ClockP_tirtos.oem3 (.text:ClockP_Params_init)
                  00009362    00000006     drivers_cc13x0.aem3 : I2CCC26XX.oem3 (.text:I2CCC26XX_control)
                  00009368    00000006     driverlib.lib : cpu.obj (.text:NOROM_CPUdelay)
                  0000936e    00000006     drivers_cc13x0.aem3 : UARTCC26XX.oem3 (.text:UARTCC26XX_readPolling)
                  00009374    00000006                         : UARTCC26XX.oem3 (.text:UARTCC26XX_writePolling)
                  0000937a    00000004     dpl_cc13x0.aem3 : PowerCC26XX_tirtos.oem3 (.text:CPUwfi)
                  0000937e    00000004                     : ClockP_tirtos.oem3 (.text:ClockP_destruct)
                  00009382    00000004                     : ClockP_tirtos.oem3 (.text:ClockP_getCpuFreq)
                  00009386    00000004                     : ClockP_tirtos.oem3 (.text:ClockP_setTimeout)
                  0000938a    00000004                     : ClockP_tirtos.oem3 (.text:ClockP_start)
                  0000938e    00000004                     : ClockP_tirtos.oem3 (.text:ClockP_stop)
                  00009392    00000004                     : HwiP_tirtos.oem3 (.text:HwiP_destruct)
                  00009396    00000004                     : HwiP_tirtos.oem3 (.text:HwiP_disable)
                  0000939a    00000004                     : HwiP_tirtos.oem3 (.text:HwiP_disableInterrupt)
                  0000939e    00000004                     : HwiP_tirtos.oem3 (.text:HwiP_enableInterrupt)
                  000093a2    00000004     drivers_cc13x0.aem3 : List.oem3 (.text:List_head)
                  000093a6    00000004                         : List.oem3 (.text:List_next)
                  000093aa    00000004     dpl_cc13x0.aem3 : SemaphoreP_tirtos.oem3 (.text:SemaphoreP_destruct)
                  000093ae    00000004                     : SemaphoreP_tirtos.oem3 (.text:SemaphoreP_post)
                  000093b2    00000004                     : SwiP_tirtos.oem3 (.text:SwiP_destruct)
                  000093b6    00000004                     : SwiP_tirtos.oem3 (.text:SwiP_disable)
                  000093ba    00000004                     : SwiP_tirtos.oem3 (.text:SwiP_getTrigger)
                  000093be    00000004                     : SwiP_tirtos.oem3 (.text:SwiP_or)
                  000093c2    00000004                     : SwiP_tirtos.oem3 (.text:SwiP_post)
                  000093c6    00000004     drivers_cc13x0.aem3 : PowerCC26XX.oem3 (.text:nopResourceHandler)
                  000093ca    00000004     rom_sysbios.aem3 : rom_sysbios.obj (.text:ti_sysbios_family_arm_cc26xx_Timer_getCount64__E)
                  000093ce    00000004                      : rom_sysbios.obj (.text:xdc_runtime_SysStd_putch__E)
                  000093d2    00000004                      : rom_sysbios.obj (.text:xdc_runtime_SysStd_ready__E)
                  000093d6    00000004                      : rom_sysbios.obj (.text:xdc_runtime_System_printf_va__F)
                  000093da    00000002     --HOLE-- [fill = 0]
                  000093dc    00000008     (.tramp.ti_sysbios_knl_Swi_destruct.1)
                  000093e4    00000008     (.tramp.ti_sysbios_knl_Semaphore_destruct.1)
                  000093ec    00000008     (.tramp.ti_sysbios_family_arm_m3_Hwi_disableFxn__E.1)
                  000093f4    00000008     (.tramp.ti_sysbios_family_arm_m3_Hwi_destruct.1)
                  000093fc    00000008     (.tramp.ti_sysbios_BIOS_getCpuFreq__E.1)
                  00009404    00000008     (.tramp.ti_sysbios_knl_Clock_destruct.1)
                  0000940c    00000008     (.tramp.xdc_runtime_Startup_startMods__I.1)
                  00009414    00000008     (.tramp.ti_sysbios_knl_Clock_logTick__E.1)
                  0000941c    00000008     (.tramp.ti_sysbios_knl_Swi_post__E.1)
                  00009424    00000008     (.tramp.ti_sysbios_BIOS_RtsGateProxy_leave__E.1)
                  0000942c    00000008     (.tramp.xdc_runtime_Memory_free__E.1)
                  00009434    00000008     (.tramp.ti_sysbios_knl_Swi_construct.1)
                  0000943c    00000008     (.tramp.ti_sysbios_BIOS_RtsGateProxy_enter__E.1)
                  00009444    00000008     (.tramp.ti_sysbios_knl_Task_restore__E.1)
                  0000944c    00000008     (.tramp.ti_sysbios_knl_Semaphore_construct.1)
                  00009454    00000008     (.tramp.xdc_runtime_Memory_alloc__E.1)
                  0000945c    00000008     (.tramp.ti_sysbios_BIOS_setThreadType__E.1)
                  00009464    00000008     (.tramp.ti_sysbios_knl_Task_disable__E.1)
                  0000946c    00000008     (.tramp.ti_sysbios_knl_Swi_disable__E.1)
                  00009474    00000008     (.tramp.ti_sysbios_family_arm_m3_Hwi_disableInterrupt__E.1)
                  0000947c    00000008     (.tramp.ti_sysbios_knl_Task_startup__E.1)
                  00009484    00000008     (.tramp.ti_sysbios_knl_Swi_startup__E.1)
                  0000948c    00000008     (.tramp.ti_sysbios_hal_Hwi_startup__E.1)
                  00009494    00000008     (.tramp.ti_sysbios_family_arm_cc26xx_Timer_startup__E.1)
                  0000949c    00000008     (.tramp.xdc_runtime_System_atexit__E.1)
                  000094a4    00000008     (.tramp.ti_sysbios_knl_Semaphore_post__E.1)
                  000094ac    00000008     (.tramp.ti_sysbios_family_arm_m3_Hwi_construct.1)
                  000094b4    00000008     (.tramp.ti_sysbios_knl_Swi_Params__init__S.1)
                  000094bc    00000008     (.tramp.ti_sysbios_family_arm_m3_Hwi_Params__init__S.1)
                  000094c4    00000008     (.tramp.ti_sysbios_family_arm_m3_Hwi_enableInterrupt__E.1)
                  000094cc    00000008     (.tramp.xdc_runtime_System_exit__E.1)
                  000094d4    00000008     (.tramp.xdc_runtime_Error_raiseX__E.1)
                  000094dc    00000008     (.tramp.ti_sysbios_knl_Clock_construct.1)
                  000094e4    00000008     (.tramp.ti_sysbios_knl_Clock_Params__init__S.1)
                  000094ec    00000008     (.tramp.ti_sysbios_knl_Semaphore_pend__E.1)
                  000094f4    00000008     (.tramp.ti_sysbios_knl_Clock_scheduleNextTick__E.1)
                  000094fc    00000008     (.tramp.ti_sysbios_knl_Clock_walkQueueDynamic__E.1)
                  00009504    00000008     (.tramp.ti_sysbios_knl_Clock_TimerProxy_getCurrentTick__E.1)
                  0000950c    00000008     (.tramp.ti_sysbios_BIOS_start__E.1)
                  00009514    00000008     (.tramp.ti_sysbios_knl_Clock_start__E.1)
                  0000951c    00000008     (.tramp.ti_sysbios_knl_Clock_setTimeout__E.1)
                  00009524    00000008     (.tramp.xdc_runtime_System_abort__E.1)
                  0000952c    00000008     (.tramp.ti_sysbios_knl_Task_construct.1)
                  00009534    00000008     (.tramp.ti_sysbios_knl_Task_Params__init__S.1)
                  0000953c    00000008     (.tramp.ti_sysbios_knl_Semaphore_create.1)
                  00009544    00000008     (.tramp.ti_sysbios_knl_Semaphore_Params__init__S.1)
                  0000954c    00000008     (.tramp.ti_sysbios_knl_Mailbox_create.1)
                  00009554    00000008     (.tramp.ti_sysbios_knl_Swi_restore__E.1)
                  0000955c    00000008     (.tramp.ti_sysbios_knl_Mailbox_post__E.1)
                  00009564    00000008     (.tramp.ti_sysbios_knl_Task_sleep__E.1)
                  0000956c    00000008     (.tramp.ti_sysbios_knl_Mailbox_pend__E.1)
                  00009574    00000008     (.tramp.ti_sysbios_family_arm_m3_Hwi_restoreFxn__E.1)

.cinit     0    00000498    000002e8     
                  00000498    00000174     (.cinit..data.load) [load image, compression = lzss]
                  0000060c    00000028     (.cinit..data:ti_sysbios_family_arm_m3_Hwi_Module__state__V.load) [load image, compression = lzss]
                  00000634    00000020     (.cinit..data:ti_sysbios_knl_Task_Module__state__V.load) [load image, compression = lzss]
                  00000654    0000001f     (.cinit..data:ti_sysbios_BIOS_Module__state__V.load) [load image, compression = lzss]
                  00000673    0000001d     (.cinit..data:ti_sysbios_knl_Clock_Module__state__V.load) [load image, compression = lzss]
                  00000690    00000010     (.cinit..data:ti_sysbios_knl_Swi_Module__state__V.load) [load image, compression = lzss]
                  000006a0    0000000c     (__TI_handler_table)
                  000006ac    0000000b     (.cinit..data:ti_sysbios_family_arm_cc26xx_Timer_Module__state__V.load) [load image, compression = lzss]
                  000006b7    00000001     --HOLE-- [fill = 0]
                  000006b8    00000008     (.cinit..TI.bound:dmaSpi0RxControlTableEntry.load) [load image, compression = zero_init]
                  000006c0    00000008     (.cinit..TI.bound:dmaSpi0TxControlTableEntry.load) [load image, compression = zero_init]
                  000006c8    00000008     (.cinit..TI.bound:dmaSpi1RxControlTableEntry.load) [load image, compression = zero_init]
                  000006d0    00000008     (.cinit..TI.bound:dmaSpi1TxControlTableEntry.load) [load image, compression = zero_init]
                  000006d8    00000008     (.cinit..bss.load) [load image, compression = zero_init]
                  000006e0    00000008     (.cinit..data:xdc_runtime_Memory_Module__state__V.load) [load image, compression = lzss]
                  000006e8    00000007     (.cinit..data:ti_sysbios_family_arm_cc26xx_TimestampProvider_Module__state__V.load) [load image, compression = lzss]
                  000006ef    00000007     (.cinit..data:xdc_runtime_Startup_Module__state__V.load) [load image, compression = lzss]
                  000006f6    00000007     (.cinit..data:xdc_runtime_System_Module__state__V.load) [load image, compression = lzss]
                  000006fd    00000003     --HOLE-- [fill = 0]
                  00000700    00000080     (__TI_cinit_table)

.init_array 
*          0    00000000    00000000     UNINITIALIZED

.ccfg      0    0001ffa8    00000058     
                  0001ffa8    00000058     ccfg.obj (.ccfg:retain)

.resetVecs 
*          0    00000000    0000003c     
                  00000000    0000003c     tags-cc1310_pem3.oem3 (.resetVecs)

.const:ti_sysbios_knl_Task_Object__PARAMS__C 
*          0    00001000    0000003c     
                  00001000    0000003c     tags-cc1310_pem3.oem3 (.const:ti_sysbios_knl_Task_Object__PARAMS__C)

.const:ti_sysbios_knl_Mailbox_Object__PARAMS__C 
*          0    0000103c    00000034     
                  0000103c    00000034     tags-cc1310_pem3.oem3 (.const:ti_sysbios_knl_Mailbox_Object__PARAMS__C)

.const:ti_sysbios_family_arm_m3_Hwi_Object__PARAMS__C 
*          0    00001070    00000030     
                  00001070    00000030     tags-cc1310_pem3.oem3 (.const:ti_sysbios_family_arm_m3_Hwi_Object__PARAMS__C)

.const:ti_sysbios_hal_Hwi_Object__PARAMS__C 
*          0    000010a0    0000002c     
                  000010a0    0000002c     tags-cc1310_pem3.oem3 (.const:ti_sysbios_hal_Hwi_Object__PARAMS__C)

.const:ti_sysbios_heaps_HeapMem_Module__FXNS__C 
*          0    000010cc    00000028     
                  000010cc    00000028     tags-cc1310_pem3.oem3 (.const:ti_sysbios_heaps_HeapMem_Module__FXNS__C)

.const:ti_sysbios_knl_Swi_Object__PARAMS__C 
*          0    000010f4    00000028     
                  000010f4    00000028     tags-cc1310_pem3.oem3 (.const:ti_sysbios_knl_Swi_Object__PARAMS__C)

.const:ti_sysbios_gates_GateHwi_Module__FXNS__C 
*          0    0000111c    00000024     
                  0000111c    00000024     tags-cc1310_pem3.oem3 (.const:ti_sysbios_gates_GateHwi_Module__FXNS__C)

.const:ti_sysbios_gates_GateMutex_Module__FXNS__C 
*          0    00001140    00000024     
                  00001140    00000024     tags-cc1310_pem3.oem3 (.const:ti_sysbios_gates_GateMutex_Module__FXNS__C)

.const:ti_sysbios_heaps_HeapMem_Object__PARAMS__C 
*          0    00001164    00000024     
                  00001164    00000024     tags-cc1310_pem3.oem3 (.const:ti_sysbios_heaps_HeapMem_Object__PARAMS__C)

.const:ti_sysbios_knl_Clock_Object__PARAMS__C 
*          0    00001188    00000024     
                  00001188    00000024     tags-cc1310_pem3.oem3 (.const:ti_sysbios_knl_Clock_Object__PARAMS__C)

.const:ti_sysbios_knl_Semaphore_Object__PARAMS__C 
*          0    000011ac    00000024     
                  000011ac    00000024     tags-cc1310_pem3.oem3 (.const:ti_sysbios_knl_Semaphore_Object__PARAMS__C)

.const:ti_sysbios_family_arm_m3_Hwi_Object__DESC__C 
*          0    000011d0    00000020     
                  000011d0    00000020     tags-cc1310_pem3.oem3 (.const:ti_sysbios_family_arm_m3_Hwi_Object__DESC__C)

.const:ti_sysbios_gates_GateHwi_Object__DESC__C 
*          0    000011f0    00000020     
                  000011f0    00000020     tags-cc1310_pem3.oem3 (.const:ti_sysbios_gates_GateHwi_Object__DESC__C)

.const:ti_sysbios_gates_GateMutex_Object__DESC__C 
*          0    00001210    00000020     
                  00001210    00000020     tags-cc1310_pem3.oem3 (.const:ti_sysbios_gates_GateMutex_Object__DESC__C)

.const:ti_sysbios_hal_Hwi_Object__DESC__C 
*          0    00001230    00000020     
                  00001230    00000020     tags-cc1310_pem3.oem3 (.const:ti_sysbios_hal_Hwi_Object__DESC__C)

.const:ti_sysbios_heaps_HeapMem_Object__DESC__C 
*          0    00001250    00000020     
                  00001250    00000020     tags-cc1310_pem3.oem3 (.const:ti_sysbios_heaps_HeapMem_Object__DESC__C)

.const:ti_sysbios_knl_Clock_Object__DESC__C 
*          0    00001270    00000020     
                  00001270    00000020     tags-cc1310_pem3.oem3 (.const:ti_sysbios_knl_Clock_Object__DESC__C)

.const:ti_sysbios_knl_Mailbox_Object__DESC__C 
*          0    00001290    00000020     
                  00001290    00000020     tags-cc1310_pem3.oem3 (.const:ti_sysbios_knl_Mailbox_Object__DESC__C)

.const:ti_sysbios_knl_Queue_Object__DESC__C 
*          0    000012b0    00000020     
                  000012b0    00000020     tags-cc1310_pem3.oem3 (.const:ti_sysbios_knl_Queue_Object__DESC__C)

.const:ti_sysbios_knl_Semaphore_Object__DESC__C 
*          0    000012d0    00000020     
                  000012d0    00000020     tags-cc1310_pem3.oem3 (.const:ti_sysbios_knl_Semaphore_Object__DESC__C)

.const:ti_sysbios_knl_Swi_Object__DESC__C 
*          0    000012f0    00000020     
                  000012f0    00000020     tags-cc1310_pem3.oem3 (.const:ti_sysbios_knl_Swi_Object__DESC__C)

.const:ti_sysbios_knl_Task_Object__DESC__C 
*          0    00001310    00000020     
                  00001310    00000020     tags-cc1310_pem3.oem3 (.const:ti_sysbios_knl_Task_Object__DESC__C)

.const:ti_sysbios_gates_GateHwi_Object__PARAMS__C 
*          0    00001330    00000018     
                  00001330    00000018     tags-cc1310_pem3.oem3 (.const:ti_sysbios_gates_GateHwi_Object__PARAMS__C)

.const:ti_sysbios_gates_GateMutex_Object__PARAMS__C 
*          0    00001348    00000018     
                  00001348    00000018     tags-cc1310_pem3.oem3 (.const:ti_sysbios_gates_GateMutex_Object__PARAMS__C)

.const:ti_sysbios_knl_Queue_Object__PARAMS__C 
*          0    00001360    00000018     
                  00001360    00000018     tags-cc1310_pem3.oem3 (.const:ti_sysbios_knl_Queue_Object__PARAMS__C)

.const:ti_sysbios_knl_Idle_funcList__C 
*          0    00001378    00000008     
                  00001378    00000008     tags-cc1310_pem3.oem3 (.const:ti_sysbios_knl_Idle_funcList__C)

.const:ti_sysbios_family_arm_cc26xx_Timer_startupNeeded__C 
*          0    00001384    00000004     
                  00001384    00000004     tags-cc1310_pem3.oem3 (.const:ti_sysbios_family_arm_cc26xx_Timer_startupNeeded__C)

.const:ti_sysbios_family_arm_m3_Hwi_E_alreadyDefined__C 
*          0    00001388    00000004     
                  00001388    00000004     tags-cc1310_pem3.oem3 (.const:ti_sysbios_family_arm_m3_Hwi_E_alreadyDefined__C)

.const:ti_sysbios_family_arm_m3_Hwi_E_hwiLimitExceeded__C 
*          0    0000138c    00000004     
                  0000138c    00000004     tags-cc1310_pem3.oem3 (.const:ti_sysbios_family_arm_m3_Hwi_E_hwiLimitExceeded__C)

.const:ti_sysbios_family_arm_m3_Hwi_NUM_INTERRUPTS__C 
*          0    00001390    00000004     
                  00001390    00000004     tags-cc1310_pem3.oem3 (.const:ti_sysbios_family_arm_m3_Hwi_NUM_INTERRUPTS__C)

.const:ti_sysbios_family_arm_m3_Hwi_Object__count__C 
*          0    00001394    00000004     
                  00001394    00000004     tags-cc1310_pem3.oem3 (.const:ti_sysbios_family_arm_m3_Hwi_Object__count__C)

.const:ti_sysbios_family_arm_m3_Hwi_Object__table__C 
*          0    00001398    00000004     
                  00001398    00000004     tags-cc1310_pem3.oem3 (.const:ti_sysbios_family_arm_m3_Hwi_Object__table__C)

.const:ti_sysbios_family_arm_m3_Hwi_ccr__C 
*          0    0000139c    00000004     
                  0000139c    00000004     tags-cc1310_pem3.oem3 (.const:ti_sysbios_family_arm_m3_Hwi_ccr__C)

.const:ti_sysbios_family_arm_m3_Hwi_excHandlerFunc__C 
*          0    000013a0    00000004     
                  000013a0    00000004     tags-cc1310_pem3.oem3 (.const:ti_sysbios_family_arm_m3_Hwi_excHandlerFunc__C)

.const:ti_sysbios_family_arm_m3_Hwi_nullIsrFunc__C 
*          0    000013a4    00000004     
                  000013a4    00000004     tags-cc1310_pem3.oem3 (.const:ti_sysbios_family_arm_m3_Hwi_nullIsrFunc__C)

.const:ti_sysbios_family_arm_m3_Hwi_numSparseInterrupts__C 
*          0    000013a8    00000004     
                  000013a8    00000004     tags-cc1310_pem3.oem3 (.const:ti_sysbios_family_arm_m3_Hwi_numSparseInterrupts__C)

.const:ti_sysbios_family_arm_m3_Hwi_priGroup__C 
*          0    000013ac    00000004     
                  000013ac    00000004     tags-cc1310_pem3.oem3 (.const:ti_sysbios_family_arm_m3_Hwi_priGroup__C)

.const:ti_sysbios_family_arm_m3_TaskSupport_stackAlignment__C 
*          0    000013b0    00000004     
                  000013b0    00000004     tags-cc1310_pem3.oem3 (.const:ti_sysbios_family_arm_m3_TaskSupport_stackAlignment__C)

.const:ti_sysbios_heaps_HeapMem_E_memory__C 
*          0    000013b4    00000004     
                  000013b4    00000004     tags-cc1310_pem3.oem3 (.const:ti_sysbios_heaps_HeapMem_E_memory__C)

.const:ti_sysbios_heaps_HeapMem_Module__gateObj__C 
*          0    000013b8    00000004     
                  000013b8    00000004     tags-cc1310_pem3.oem3 (.const:ti_sysbios_heaps_HeapMem_Module__gateObj__C)

.const:ti_sysbios_heaps_HeapMem_Object__count__C 
*          0    000013bc    00000004     
                  000013bc    00000004     tags-cc1310_pem3.oem3 (.const:ti_sysbios_heaps_HeapMem_Object__count__C)

.const:ti_sysbios_heaps_HeapMem_Object__table__C 
*          0    000013c0    00000004     
                  000013c0    00000004     tags-cc1310_pem3.oem3 (.const:ti_sysbios_heaps_HeapMem_Object__table__C)

.const:ti_sysbios_heaps_HeapMem_reqAlign__C 
*          0    000013c4    00000004     
                  000013c4    00000004     tags-cc1310_pem3.oem3 (.const:ti_sysbios_heaps_HeapMem_reqAlign__C)

.const:ti_sysbios_knl_Clock_serviceMargin__C 
*          0    000013c8    00000004     
                  000013c8    00000004     tags-cc1310_pem3.oem3 (.const:ti_sysbios_knl_Clock_serviceMargin__C)

.const:ti_sysbios_knl_Mailbox_Object__count__C 
*          0    000013cc    00000004     
                  000013cc    00000004     tags-cc1310_pem3.oem3 (.const:ti_sysbios_knl_Mailbox_Object__count__C)

.const:ti_sysbios_knl_Mailbox_Object__table__C 
*          0    000013d0    00000004     
                  000013d0    00000004     tags-cc1310_pem3.oem3 (.const:ti_sysbios_knl_Mailbox_Object__table__C)

.const:ti_sysbios_knl_Mailbox_maxTypeAlign__C 
*          0    000013d4    00000004     
                  000013d4    00000004     tags-cc1310_pem3.oem3 (.const:ti_sysbios_knl_Mailbox_maxTypeAlign__C)

.const:ti_sysbios_knl_Queue_Object__count__C 
*          0    000013d8    00000004     
                  000013d8    00000004     tags-cc1310_pem3.oem3 (.const:ti_sysbios_knl_Queue_Object__count__C)

.const:ti_sysbios_knl_Queue_Object__table__C 
*          0    000013dc    00000004     
                  000013dc    00000004     tags-cc1310_pem3.oem3 (.const:ti_sysbios_knl_Queue_Object__table__C)

.const:ti_sysbios_knl_Swi_Object__count__C 
*          0    000013e0    00000004     
                  000013e0    00000004     tags-cc1310_pem3.oem3 (.const:ti_sysbios_knl_Swi_Object__count__C)

.const:ti_sysbios_knl_Swi_Object__table__C 
*          0    000013e4    00000004     
                  000013e4    00000004     tags-cc1310_pem3.oem3 (.const:ti_sysbios_knl_Swi_Object__table__C)

.const:ti_sysbios_knl_Swi_numPriorities__C 
*          0    000013e8    00000004     
                  000013e8    00000004     tags-cc1310_pem3.oem3 (.const:ti_sysbios_knl_Swi_numPriorities__C)

.const:ti_sysbios_knl_Task_Object__count__C 
*          0    000013ec    00000004     
                  000013ec    00000004     tags-cc1310_pem3.oem3 (.const:ti_sysbios_knl_Task_Object__count__C)

.const:ti_sysbios_knl_Task_Object__table__C 
*          0    000013f0    00000004     
                  000013f0    00000004     tags-cc1310_pem3.oem3 (.const:ti_sysbios_knl_Task_Object__table__C)

.const:ti_sysbios_knl_Task_allBlockedFunc__C 
*          0    000013f4    00000004     
                  000013f4    00000004     tags-cc1310_pem3.oem3 (.const:ti_sysbios_knl_Task_allBlockedFunc__C)

.const:ti_sysbios_knl_Task_defaultStackHeap__C 
*          0    000013f8    00000004     
                  000013f8    00000004     tags-cc1310_pem3.oem3 (.const:ti_sysbios_knl_Task_defaultStackHeap__C)

.const:ti_sysbios_knl_Task_defaultStackSize__C 
*          0    000013fc    00000004     
                  000013fc    00000004     tags-cc1310_pem3.oem3 (.const:ti_sysbios_knl_Task_defaultStackSize__C)

.const:ti_sysbios_knl_Task_numConstructedTasks__C 
*          0    00001400    00000004     
                  00001400    00000004     tags-cc1310_pem3.oem3 (.const:ti_sysbios_knl_Task_numConstructedTasks__C)

.const:ti_sysbios_family_arm_cc26xx_Timer_Module__id__C 
*          0    00001406    00000002     
                  00001406    00000002     tags-cc1310_pem3.oem3 (.const:ti_sysbios_family_arm_cc26xx_Timer_Module__id__C)

.const:ti_sysbios_family_arm_cc26xx_TimestampProvider_useClockTimer__C 
*          0    00001408    00000002     
                  00001408    00000002     tags-cc1310_pem3.oem3 (.const:ti_sysbios_family_arm_cc26xx_TimestampProvider_useClockTimer__C)

.const:ti_sysbios_family_arm_m3_Hwi_Module__id__C 
*          0    0000140a    00000002     
                  0000140a    00000002     tags-cc1310_pem3.oem3 (.const:ti_sysbios_family_arm_m3_Hwi_Module__id__C)

.const:ti_sysbios_gates_GateHwi_Module__id__C 
*          0    0000140c    00000002     
                  0000140c    00000002     tags-cc1310_pem3.oem3 (.const:ti_sysbios_gates_GateHwi_Module__id__C)

.const:ti_sysbios_gates_GateMutex_Module__id__C 
*          0    0000140e    00000002     
                  0000140e    00000002     tags-cc1310_pem3.oem3 (.const:ti_sysbios_gates_GateMutex_Module__id__C)

.const:ti_sysbios_heaps_HeapMem_Module__id__C 
*          0    00001410    00000002     
                  00001410    00000002     tags-cc1310_pem3.oem3 (.const:ti_sysbios_heaps_HeapMem_Module__id__C)

.const:ti_sysbios_knl_Task_initStackFlag__C 
*          0    00001412    00000002     
                  00001412    00000002     tags-cc1310_pem3.oem3 (.const:ti_sysbios_knl_Task_initStackFlag__C)

.const:ti_sysbios_knl_Clock_tickMode__C 
*          0    00001414    00000001     
                  00001414    00000001     tags-cc1310_pem3.oem3 (.const:ti_sysbios_knl_Clock_tickMode__C)

.const:xdc_runtime_Startup_firstFxns__C 
*          0    00001418    00000008     
                  00001418    00000008     tags-cc1310_pem3.oem3 (.const:xdc_runtime_Startup_firstFxns__C)

.const:xdc_runtime_Startup_lastFxns__C 
*          0    00001420    00000008     
                  00001420    00000008     tags-cc1310_pem3.oem3 (.const:xdc_runtime_Startup_lastFxns__C)

.const:xdc_runtime_Assert_E_assertFailed__C 
*          0    00001428    00000004     
                  00001428    00000004     tags-cc1310_pem3.oem3 (.const:xdc_runtime_Assert_E_assertFailed__C)

.const:xdc_runtime_Error_E_memory__C 
*          0    0000142c    00000004     
                  0000142c    00000004     tags-cc1310_pem3.oem3 (.const:xdc_runtime_Error_E_memory__C)

.const:xdc_runtime_Error_policyFxn__C 
*          0    00001430    00000004     
                  00001430    00000004     tags-cc1310_pem3.oem3 (.const:xdc_runtime_Error_policyFxn__C)

.const:xdc_runtime_IGateProvider_Interface__BASE__C 
*          0    00001434    00000004     
                  00001434    00000004     tags-cc1310_pem3.oem3 (.const:xdc_runtime_IGateProvider_Interface__BASE__C)

.const:xdc_runtime_IHeap_Interface__BASE__C 
*          0    00001438    00000004     
                  00001438    00000004     tags-cc1310_pem3.oem3 (.const:xdc_runtime_IHeap_Interface__BASE__C)

.const:xdc_runtime_IModule_Interface__BASE__C 
*          0    0000143c    00000004     
                  0000143c    00000004     tags-cc1310_pem3.oem3 (.const:xdc_runtime_IModule_Interface__BASE__C)

.const:xdc_runtime_Main_Module__diagsEnabled__C 
*          0    00001440    00000004     
                  00001440    00000004     tags-cc1310_pem3.oem3 (.const:xdc_runtime_Main_Module__diagsEnabled__C)

.const:xdc_runtime_Main_Module__diagsIncluded__C 
*          0    00001444    00000004     
                  00001444    00000004     tags-cc1310_pem3.oem3 (.const:xdc_runtime_Main_Module__diagsIncluded__C)

.const:xdc_runtime_Main_Module__diagsMask__C 
*          0    00001448    00000004     
                  00001448    00000004     tags-cc1310_pem3.oem3 (.const:xdc_runtime_Main_Module__diagsMask__C)

.const:xdc_runtime_Memory_defaultHeapInstance__C 
*          0    0000144c    00000004     
                  0000144c    00000004     tags-cc1310_pem3.oem3 (.const:xdc_runtime_Memory_defaultHeapInstance__C)

.const:xdc_runtime_Startup_execImpl__C 
*          0    00001450    00000004     
                  00001450    00000004     tags-cc1310_pem3.oem3 (.const:xdc_runtime_Startup_execImpl__C)

.const:xdc_runtime_Startup_maxPasses__C 
*          0    00001454    00000004     
                  00001454    00000004     tags-cc1310_pem3.oem3 (.const:xdc_runtime_Startup_maxPasses__C)

.const:xdc_runtime_Startup_sfxnRts__C 
*          0    00001458    00000004     
                  00001458    00000004     tags-cc1310_pem3.oem3 (.const:xdc_runtime_Startup_sfxnRts__C)

.const:xdc_runtime_Startup_sfxnTab__C 
*          0    0000145c    00000004     
                  0000145c    00000004     tags-cc1310_pem3.oem3 (.const:xdc_runtime_Startup_sfxnTab__C)

.const:xdc_runtime_Startup_startModsFxn__C 
*          0    00001460    00000004     
                  00001460    00000004     tags-cc1310_pem3.oem3 (.const:xdc_runtime_Startup_startModsFxn__C)

.const:xdc_runtime_SysCallback_abortFxn__C 
*          0    00001464    00000004     
                  00001464    00000004     tags-cc1310_pem3.oem3 (.const:xdc_runtime_SysCallback_abortFxn__C)

.const:xdc_runtime_SysCallback_exitFxn__C 
*          0    00001468    00000004     
                  00001468    00000004     tags-cc1310_pem3.oem3 (.const:xdc_runtime_SysCallback_exitFxn__C)

.const:xdc_runtime_System_abortFxn__C 
*          0    0000146c    00000004     
                  0000146c    00000004     tags-cc1310_pem3.oem3 (.const:xdc_runtime_System_abortFxn__C)

.const:xdc_runtime_System_exitFxn__C 
*          0    00001470    00000004     
                  00001470    00000004     tags-cc1310_pem3.oem3 (.const:xdc_runtime_System_exitFxn__C)

.const:xdc_runtime_System_maxAtexitHandlers__C 
*          0    00001474    00000004     
                  00001474    00000004     tags-cc1310_pem3.oem3 (.const:xdc_runtime_System_maxAtexitHandlers__C)

.const:xdc_runtime_Text_charTab__C 
*          0    00001478    00000004     
                  00001478    00000004     tags-cc1310_pem3.oem3 (.const:xdc_runtime_Text_charTab__C)

.const:xdc_runtime_Text_nameEmpty__C 
*          0    0000147c    00000004     
                  0000147c    00000004     tags-cc1310_pem3.oem3 (.const:xdc_runtime_Text_nameEmpty__C)

.const:xdc_runtime_Text_nameStatic__C 
*          0    00001480    00000004     
                  00001480    00000004     tags-cc1310_pem3.oem3 (.const:xdc_runtime_Text_nameStatic__C)

.const:xdc_runtime_Text_nameUnknown__C 
*          0    00001484    00000004     
                  00001484    00000004     tags-cc1310_pem3.oem3 (.const:xdc_runtime_Text_nameUnknown__C)

.const:xdc_runtime_Main_Module__id__C 
[...]
1001c175  ti_sysbios_gates_GateMutex_Params__init__S                                
1001c175  ti_sysbios_heaps_HeapMem_Module_GateProxy_Params__init__S                 
1001c175  ti_sysbios_heaps_HeapMem_Module_GateProxy_Params__init__S__mangled__      
1001c181  ti_sysbios_knl_Clock_Params__init__S                                      
1001c18d  ti_sysbios_knl_Clock_getTimerHandle__E                                    
1001c199  ti_sysbios_knl_Mailbox_Params__init__S                                    
1001c1a5  ti_sysbios_knl_Queue_dequeue__E                                           
1001c1b1  ti_sysbios_knl_Queue_enqueue__E                                           
1001c1bd  ti_sysbios_knl_Semaphore_Params__init__S                                  
1001c1c9  ti_sysbios_knl_Swi_Params__init__S                                        
1001c1d5  ti_sysbios_knl_Task_Params__init__S                                       
1001c1e1  ti_sysbios_knl_Task_self__E                                               
1001c1ed  ti_sysbios_hal_Hwi_Instance_finalize__E                                   
1001c1f7  ti_sysbios_family_arm_m3_Hwi_doSwiRestore__I                              
1001c1ff  ti_sysbios_family_arm_m3_Hwi_startup__E                                   
1001c1ff  ti_sysbios_hal_Hwi_HwiProxy_startup__E__mangled__                         
1001c207  ti_sysbios_knl_Idle_loop__E                                               
1001c20f  ti_sysbios_family_arm_m3_Hwi_doTaskRestore__I                             
1001c215  HwiP_restore                                                              
1001c215  scifOsalLeaveCriticalSection                                              
1001c215  ti_sysbios_family_arm_m3_Hwi_restoreFxn__E                                
1001c21b  ti_sysbios_gates_GateHwi_leave__E                                         
1001c227  ti_sysbios_knl_Queue_Instance_init__E                                     
1001c22d  ti_sysbios_knl_Queue_elemClear__E                                         
1001c233  ti_sysbios_knl_Swi_Module_startup__E                                      
1001c239  ti_sysbios_knl_Swi_startup__E                                             
1001c23f  ti_sysbios_knl_Task_enable__E                                             
1001c245  ti_sysbios_BIOS_RtsGateProxy_enter__E                                     
1001c249  ti_sysbios_BIOS_RtsGateProxy_leave__E                                     
1001c24d  ti_sysbios_family_arm_cc26xx_Timer_getExpiredTicks__E                     
1001c251  ti_sysbios_family_arm_cc26xx_Timer_getPeriod__E                           
1001c255  ti_sysbios_family_arm_cc26xx_Timer_setPeriod__E                           
1001c259  ti_sysbios_family_arm_m3_Hwi_delete                                       
1001c25d  ti_sysbios_family_arm_m3_Hwi_destruct                                     
1001c261  ti_sysbios_family_arm_m3_TaskSupport_Module__startupDone__S               
1001c261  ti_sysbios_knl_Task_SupportProxy_Module__startupDone__S__mangled__        
1001c265  ti_sysbios_gates_GateHwi_query__E                                         
1001c265  xdc_runtime_Main_Module_GateProxy_query__E                                
1001c265  xdc_runtime_System_Module_GateProxy_query__E                              
1001c265  xdc_runtime_System_Module_GateProxy_query__E__mangled__                   
1001c269  ti_sysbios_gates_GateMutex_delete                                         
1001c26d  ti_sysbios_gates_GateMutex_destruct                                       
1001c271  ti_sysbios_BIOS_RtsGateProxy_query__E                                     
1001c271  ti_sysbios_BIOS_RtsGateProxy_query__E__mangled__                          
1001c271  ti_sysbios_gates_GateMutex_query__E                                       
1001c271  ti_sysbios_heaps_HeapMem_Module_GateProxy_query__E                        
1001c271  ti_sysbios_heaps_HeapMem_Module_GateProxy_query__E__mangled__             
1001c275  ti_sysbios_hal_Hwi_HwiProxy_Module__startupDone__S                        
1001c279  ti_sysbios_hal_Hwi_HwiProxy_delete                                        
1001c27d  ti_sysbios_hal_Hwi_HwiProxy_disableInterrupt__E                           
1001c27d  ti_sysbios_hal_Hwi_disableInterrupt__E                                    
1001c27d  ti_sysbios_hal_Hwi_disableInterrupt__E                                    
1001c281  ti_sysbios_hal_Hwi_HwiProxy_enableInterrupt__E                            
1001c281  ti_sysbios_hal_Hwi_enableInterrupt__E                                     
1001c281  ti_sysbios_hal_Hwi_enableInterrupt__E                                     
1001c285  ti_sysbios_hal_Hwi_HwiProxy_getStackInfo__E                               
1001c285  ti_sysbios_hal_Hwi_getStackInfo__E                                        
1001c285  ti_sysbios_hal_Hwi_getStackInfo__E                                        
1001c289  ti_sysbios_hal_Hwi_HwiProxy_startup__E                                    
1001c289  ti_sysbios_hal_Hwi_startup__E                                             
1001c289  ti_sysbios_hal_Hwi_startup__E                                             
1001c28d  ti_sysbios_hal_Hwi_HwiProxy_switchFromBootStack__E                        
1001c291  ti_sysbios_hal_Hwi_delete                                                 
1001c295  ti_sysbios_hal_Hwi_switchFromBootStack__E                                 
1001c295  ti_sysbios_hal_Hwi_switchFromBootStack__E                                 
1001c299  ti_sysbios_heaps_HeapMem_Module_GateProxy_enter__E                        
1001c29d  ti_sysbios_heaps_HeapMem_Module_GateProxy_leave__E                        
1001c2a1  ti_sysbios_heaps_HeapMem_isBlocking__E                                    
1001c2a5  ti_sysbios_knl_Clock_TimerProxy_Module__startupDone__S                    
1001c2a9  ti_sysbios_knl_Clock_TimerProxy_getExpiredTicks__E                        
1001c2ad  ti_sysbios_knl_Clock_TimerProxy_getPeriod__E                              
1001c2b1  ti_sysbios_knl_Clock_delete                                               
1001c2b5  ti_sysbios_knl_Clock_destruct                                             
1001c2b9  ti_sysbios_knl_Clock_removeI__E                                           
1001c2bd  ti_sysbios_knl_Clock_setTimeout__E                                        
1001c2c1  ti_sysbios_knl_Mailbox_delete                                             
1001c2c5  ti_sysbios_knl_Mailbox_destruct                                           
1001c2c9  ti_sysbios_knl_Queue_delete                                               
1001c2cd  ti_sysbios_knl_Queue_destruct                                             
1001c2d1  ti_sysbios_knl_Queue_head__E                                              
1001c2d5  ti_sysbios_knl_Queue_next__E                                              
1001c2d9  ti_sysbios_knl_Semaphore_delete                                           
1001c2dd  ti_sysbios_knl_Semaphore_destruct                                         
1001c2e1  ti_sysbios_knl_Swi_delete                                                 
1001c2e5  ti_sysbios_knl_Swi_destruct                                               
1001c2e9  ti_sysbios_knl_Swi_postInit__I                                            
1001c2ed  ti_sysbios_knl_Task_SupportProxy_Module__startupDone__S                   
1001c2f1  ti_sysbios_knl_Task_SupportProxy_getStackAlignment__E                     
1001c2f5  ti_sysbios_knl_Task_SupportProxy_start__E                                 
1001c2f9  ti_sysbios_knl_Task_SupportProxy_swap__E                                  
1001c2fd  ti_sysbios_knl_Task_delete                                                
1001c301  ti_sysbios_knl_Task_destruct                                              
1001c305  ti_sysbios_knl_Task_startup__E                                            
1001c309  xdc_runtime_Startup_startMods__I                                          
1001c401  xdc_runtime_Core_createObject__I                                          
1001c483  xdc_runtime_Error_policySpin__E                                           
1001c485  xdc_runtime_Memory_alloc__E                                               
1001c4f5  xdc_runtime_Core_deleteObject__I                                          
1001c555  xdc_runtime_Startup_exec__E                                               
1001c5a5  xdc_runtime_Assert_raise__I                                               
1001c5ed  xdc_runtime_Core_assignParams__I                                          
1001c635  xdc_runtime_Core_constructObject__I                                       
1001c67d  xdc_runtime_System_atexit__E                                              
1001c6b5  xdc_runtime_System_processAtExit__E                                       
1001c6e9  xdc_runtime_Core_assignLabel__I                                           
1001c719  xdc_runtime_Text_cordText__E                                              
1001c745  xdc_runtime_System_abort__E                                               
1001c765  xdc_runtime_Error_raiseX__E                                               
1001c781  xdc_runtime_Memory_valloc__E                                              
1001c79d  xdc_runtime_Core_destructObject__I                                        
1001c7b5  xdc_runtime_Error_check__E                                                
1001c7cd  xdc_runtime_System_exit__E                                                
1001c7e5  xdc_runtime_Text_ropeText__E                                              
1001c7fd  xdc_runtime_Memory_free__E                                                
1001c80d  xdc_runtime_SysCallback_abort__E                                          
1001c81d  xdc_runtime_SysCallback_exit__E                                           
1001c82d  xdc_runtime_Timestamp_SupportProxy_get32__E                               
1001c82d  xdc_runtime_Timestamp_get32__E                                            
1001c82d  xdc_runtime_Timestamp_get32__E                                            
1001c849  xdc_runtime_Memory_calloc__E                                              
1001c855  xdc_runtime_Memory_getMaxDefaultTypeAlign__E                              
1001c875  xdc_runtime_Gate_leaveSystem__E                                           
1001c87b  xdc_runtime_System_Module_startup__E                                      
1001c881  xdc_runtime_Gate_enterSystem__E                                           
1001c885  xdc_runtime_Memory_HeapProxy_alloc__E                                     
1001c889  xdc_runtime_Memory_HeapProxy_free__E                                      
1001c88d  xdc_runtime_System_Module_GateProxy_enter__E                              
1001c891  xdc_runtime_System_Module_GateProxy_leave__E                              
1001c895  xdc_runtime_System_abortSpin__E                                           
1001c897  xdc_runtime_System_exitSpin__E                                            
1001c899  ti_sysbios_family_arm_m3_Hwi_dispatch__I                                  
1001c969  ti_sysbios_family_arm_m3_TaskSupport_buildTaskStack                       
1001c9b5  ti_sysbios_family_arm_m3_Hwi_initStacks__E                                
1001c9fd  ti_sysbios_family_arm_m3_Hwi_excHandlerAsm__I                             
1001ca1d  ti_sysbios_family_xxx_Hwi_switchAndRunFunc                                
1001ca3b  ti_sysbios_family_arm_m3_Hwi_pendSV__I                                    
1001ca53  ti_sysbios_family_arm_m3_Hwi_return                                       
1001ca55  ti_sysbios_family_arm_m3_TaskSupport_glue                                 
1001ca65  ti_sysbios_family_arm_m3_TaskSupport_swap__E                              
1001ca65  ti_sysbios_knl_Task_SupportProxy_swap__E__mangled__                       
1001ca6d  ti_sysbios_knl_Task_swapReturn                                            
1001ca97  ti_sysbios_rom_cortexm_cc13xx_CC13xx_getRevision__E                       
20000000  ti_sysbios_family_arm_m3_Hwi_ramVectors                                   
20000100  ti_sysbios_knl_Task_Module__state__V                                      
20000144  ti_sysbios_family_arm_m3_Hwi_Module__state__V                             
20000178  ti_sysbios_knl_Clock_Module__state__V                                     
200001a4  ti_sysbios_BIOS_Module__state__V                                          
200001c8  ti_sysbios_knl_Swi_Module__state__V                                       
200001e4  ti_sysbios_family_arm_cc26xx_Timer_Module__state__V                       
200001ec  ti_sysbios_family_arm_cc26xx_TimestampProvider_Module__state__V           
200001f0  xdc_runtime_Startup_Module__state__V                                      
200001f8  xdc_runtime_System_Module__state__V                                       
20000200  xdc_runtime_Memory_Module__state__V                                       
20000520  buffers                                                                   
20001120  ti_sysbios_heaps_HeapMem_Instance_State_0_buf__A                          
20002120  ti_sysbios_knl_Task_Instance_State_0_stack__A                             
20002720  spiCC26XXDMAObjects                                                       
200028d8  uartCC26XXObjects                                                         
20002a04  __CIOBUF_                                                                 
20002b24  i2cCC26xxObjects                                                          
20002c04  ti_sysbios_family_arm_m3_Hwi_dispatchTable                                
20002ccc  __TI_tmpnams                                                              
20002e0c  ledsGrnTask                                                               
20002e5c  ledsRedTask                                                               
20002eac  testTask                                                                  
20002fec  uartCC26XXRingBuffer                                                      
2000300c  udmaObjects                                                               
2000304f  driverlib_release_0_49471                                                 
20003068  ledsSemaphores                                                            
20003074  PowerCC26XX_taskKey                                                       
20003078  PowerCC26XX_swiKey                                                        
20003084  parmbuf                                                                   
20003090  ClockP_tickPeriod                                                         
20003094  freeMailbox                                                               
20003098  i2cHandle                                                                 
2000309c  spiHandle                                                                 
200030a0  uartRxMailbox                                                             
200030a4  uartTxMailbox                                                             
200030a8  pinUpperBound                                                             
200030ac  pinLowerBound                                                             
20003140  pinHandleTable                                                            
200031bc  PowerCC26XX_module                                                        
200032d0  _ftable                                                                   
200033c0  _device                                                                   
20003438  ti_sysbios_knl_Task_Module_State_0_readyQ__A                              
20003498  _stream                                                                   
200034e8  ti_sysbios_knl_Task_Object__table__V                                      
20003538  ti_sysbios_family_arm_cc26xx_Timer_Object__table__V                       
20003580  ti_sysbios_gates_GateMutex_Object__table__V                               
200035b8  ti_sysbios_knl_Swi_Module_State_0_readyQ__A                               
200035e8  ti_sysbios_knl_Swi_Object__table__V                                       
20003618  ti_sysbios_knl_Clock_Object__table__V                                     
20003638  xdc_runtime_Error_IgnoreBlock                                             
20003658  ti_sysbios_family_arm_m3_Hwi_Object__table__V                             
20003670  ti_sysbios_heaps_HeapMem_Object__table__V                                 
20003688  __TI_ft_end                                                               
2000368c  __aeabi_stdin                                                             
20003690  __aeabi_stdout                                                            
20003694  __aeabi_stderr                                                            
20003698  __TI_cleanup_ptr                                                          
2000369c  __TI_dtors_ptr                                                            
200036a0  __TI_enable_exit_profile_output                                           
200036a4  ti_sysbios_family_arm_m3_Timer_Module__state__V                           
200036b0  _lock                                                                     
200036b4  _unlock                                                                   
200036c0  pinTable                                                                  
200036c8  ti_sysbios_family_arm_m3_Hwi_Module__root__V                              
200036d0  ti_sysbios_gates_GateHwi_Module__root__V                                  
200036d8  ti_sysbios_gates_GateMutex_Module__root__V                                
200036e0  ti_sysbios_hal_Hwi_Module__root__V                                        
200036e8  ti_sysbios_heaps_HeapMem_Module__root__V                                  
200036f0  ti_sysbios_knl_Clock_Module__root__V                                      
200036f8  ti_sysbios_knl_Mailbox_Module__root__V                                    
20003700  ti_sysbios_knl_Queue_Module__root__V                                      
20003708  ti_sysbios_knl_Semaphore_Module__root__V                                  
20003710  ti_sysbios_knl_Swi_Module__root__V                                        
20003718  ti_sysbios_knl_Task_Module__root__V                                       
20003720  errno                                                                     
2000372c  main_func_sp                                                              
20003730  ti_sysbios_family_arm_m3_Hwi_Module_State_0_excContext__A                 
20003734  ti_sysbios_family_arm_m3_Hwi_Module_State_0_excStack__A                   
20003738  ti_sysbios_knl_Task_Module_State_0_idleTask__A                            
20003740  ti_sysbios_family_arm_m3_Hwi_Module_State_0_excActive__A                  
20004d00  __stack                                                                   
20005000  __STACK_END                                                               
20005000  __STACK_TOP                                                               
e000e000  ti_sysbios_family_arm_m3_Hwi_nvic                                         
ffffffff  __TI_pprof_out_hndl                                                       
ffffffff  __TI_prof_data_size                                                       
ffffffff  __TI_prof_data_start                                                      
ffffffff  __binit__                                                                 
ffffffff  __c_args__                                                                
ffffffff  binit                                                                     
UNDEFED   SHT$$INIT_ARRAY$$Base                                                     
UNDEFED   SHT$$INIT_ARRAY$$Limit                                                    

[916 symbols]
