******************************************************************************
                  TI ARM Linker PC v16.9.6                     
******************************************************************************
>> Linked Tue May 29 14:01:09 2018

OUTPUT FILE NAME:   <tag-cc1310-v3.out>
ENTRY POINT SYMBOL: "ResetISR"  address: 0000a77d


MEMORY CONFIGURATION

         name            origin    length      used     unused   attr    fill
----------------------  --------  ---------  --------  --------  ----  --------
  FLASH                 00000000   00020000  0000c5cb  00013a35  R  X
  GPRAM                 11000000   00002000  00000000  00002000  RW X
  SRAM                  20000000   00005000  0000467e  00000982  RW X


SEGMENT ALLOCATION MAP

run origin  load origin   length   init length attrs members
----------  ----------- ---------- ----------- ----- -------
00000000    00000000    00000dd7   00000dd7    r--
  00000000    00000000    0000003c   0000003c    r-- .resetVecs
  0000003c    0000003c    00000d9b   00000d9b    r-- .const
00001000    00001000    0000b7a8   0000b7a8    r-x
  00001000    00001000    0000003c   0000003c    r-- .const:ti_sysbios_knl_Task_Object__PARAMS__C
  0000103c    0000103c    00000034   00000034    r-- .const:ti_sysbios_knl_Mailbox_Object__PARAMS__C
  00001070    00001070    00000030   00000030    r-- .const:ti_sysbios_family_arm_m3_Hwi_Object__PARAMS__C
  000010a0    000010a0    0000002c   0000002c    r-- .const:ti_sysbios_hal_Hwi_Object__PARAMS__C
  000010cc    000010cc    00000028   00000028    r-- .const:ti_sysbios_heaps_HeapMem_Module__FXNS__C
  000010f4    000010f4    00000028   00000028    r-- .const:ti_sysbios_knl_Swi_Object__PARAMS__C
  0000111c    0000111c    00000024   00000024    r-- .const:ti_sysbios_gates_GateHwi_Module__FXNS__C
  00001140    00001140    00000024   00000024    r-- .const:ti_sysbios_gates_GateMutex_Module__FXNS__C
  00001164    00001164    00000024   00000024    r-- .const:ti_sysbios_heaps_HeapMem_Object__PARAMS__C
  00001188    00001188    00000024   00000024    r-- .const:ti_sysbios_knl_Clock_Object__PARAMS__C
  000011ac    000011ac    00000024   00000024    r-- .const:ti_sysbios_knl_Semaphore_Object__PARAMS__C
  000011d0    000011d0    00000020   00000020    r-- .const:ti_sysbios_family_arm_m3_Hwi_Object__DESC__C
  000011f0    000011f0    00000020   00000020    r-- .const:ti_sysbios_gates_GateHwi_Object__DESC__C
  00001210    00001210    00000020   00000020    r-- .const:ti_sysbios_gates_GateMutex_Object__DESC__C
  00001230    00001230    00000020   00000020    r-- .const:ti_sysbios_hal_Hwi_Object__DESC__C
  00001250    00001250    00000020   00000020    r-- .const:ti_sysbios_heaps_HeapMem_Object__DESC__C
  00001270    00001270    00000020   00000020    r-- .const:ti_sysbios_knl_Clock_Object__DESC__C
  00001290    00001290    00000020   00000020    r-- .const:ti_sysbios_knl_Mailbox_Object__DESC__C
  000012b0    000012b0    00000020   00000020    r-- .const:ti_sysbios_knl_Queue_Object__DESC__C
  000012d0    000012d0    00000020   00000020    r-- .const:ti_sysbios_knl_Semaphore_Object__DESC__C
  000012f0    000012f0    00000020   00000020    r-- .const:ti_sysbios_knl_Swi_Object__DESC__C
  00001310    00001310    00000020   00000020    r-- .const:ti_sysbios_knl_Task_Object__DESC__C
  00001330    00001330    00000018   00000018    r-- .const:ti_sysbios_gates_GateHwi_Object__PARAMS__C
  00001348    00001348    00000018   00000018    r-- .const:ti_sysbios_gates_GateMutex_Object__PARAMS__C
  00001360    00001360    00000018   00000018    r-- .const:ti_sysbios_knl_Queue_Object__PARAMS__C
  00001378    00001378    00000008   00000008    r-- .const:ti_sysbios_knl_Idle_funcList__C
  00001384    00001384    00000004   00000004    r-- .const:ti_sysbios_family_arm_cc26xx_Timer_startupNeeded__C
  00001388    00001388    00000004   00000004    r-- .const:ti_sysbios_family_arm_m3_Hwi_E_alreadyDefined__C
  0000138c    0000138c    00000004   00000004    r-- .const:ti_sysbios_family_arm_m3_Hwi_E_hwiLimitExceeded__C
  00001390    00001390    00000004   00000004    r-- .const:ti_sysbios_family_arm_m3_Hwi_NUM_INTERRUPTS__C
  00001394    00001394    00000004   00000004    r-- .const:ti_sysbios_family_arm_m3_Hwi_Object__count__C
  00001398    00001398    00000004   00000004    r-- .const:ti_sysbios_family_arm_m3_Hwi_Object__table__C
  0000139c    0000139c    00000004   00000004    r-- .const:ti_sysbios_family_arm_m3_Hwi_ccr__C
  000013a0    000013a0    00000004   00000004    r-- .const:ti_sysbios_family_arm_m3_Hwi_excHandlerFunc__C
  000013a4    000013a4    00000004   00000004    r-- .const:ti_sysbios_family_arm_m3_Hwi_nullIsrFunc__C
  000013a8    000013a8    00000004   00000004    r-- .const:ti_sysbios_family_arm_m3_Hwi_numSparseInterrupts__C
  000013ac    000013ac    00000004   00000004    r-- .const:ti_sysbios_family_arm_m3_Hwi_priGroup__C
  000013b0    000013b0    00000004   00000004    r-- .const:ti_sysbios_family_arm_m3_TaskSupport_stackAlignment__C
  000013b4    000013b4    00000004   00000004    r-- .const:ti_sysbios_heaps_HeapMem_E_memory__C
  000013b8    000013b8    00000004   00000004    r-- .const:ti_sysbios_heaps_HeapMem_Module__gateObj__C
  000013bc    000013bc    00000004   00000004    r-- .const:ti_sysbios_heaps_HeapMem_Object__count__C
  000013c0    000013c0    00000004   00000004    r-- .const:ti_sysbios_heaps_HeapMem_Object__table__C
  000013c4    000013c4    00000004   00000004    r-- .const:ti_sysbios_heaps_HeapMem_reqAlign__C
  000013c8    000013c8    00000004   00000004    r-- .const:ti_sysbios_knl_Clock_serviceMargin__C
  000013cc    000013cc    00000004   00000004    r-- .const:ti_sysbios_knl_Mailbox_Object__count__C
  000013d0    000013d0    00000004   00000004    r-- .const:ti_sysbios_knl_Mailbox_Object__table__C
  000013d4    000013d4    00000004   00000004    r-- .const:ti_sysbios_knl_Mailbox_maxTypeAlign__C
  000013d8    000013d8    00000004   00000004    r-- .const:ti_sysbios_knl_Queue_Object__count__C
  000013dc    000013dc    00000004   00000004    r-- .const:ti_sysbios_knl_Queue_Object__table__C
  000013e0    000013e0    00000004   00000004    r-- .const:ti_sysbios_knl_Swi_Object__count__C
  000013e4    000013e4    00000004   00000004    r-- .const:ti_sysbios_knl_Swi_Object__table__C
  000013e8    000013e8    00000004   00000004    r-- .const:ti_sysbios_knl_Swi_numPriorities__C
  000013ec    000013ec    00000004   00000004    r-- .const:ti_sysbios_knl_Task_Object__count__C
  000013f0    000013f0    00000004   00000004    r-- .const:ti_sysbios_knl_Task_Object__table__C
  000013f4    000013f4    00000004   00000004    r-- .const:ti_sysbios_knl_Task_allBlockedFunc__C
  000013f8    000013f8    00000004   00000004    r-- .const:ti_sysbios_knl_Task_defaultStackHeap__C
  000013fc    000013fc    00000004   00000004    r-- .const:ti_sysbios_knl_Task_defaultStackSize__C
  00001400    00001400    00000004   00000004    r-- .const:ti_sysbios_knl_Task_numConstructedTasks__C
  00001406    00001406    00000002   00000002    r-- .const:ti_sysbios_family_arm_cc26xx_Timer_Module__id__C
  00001408    00001408    00000002   00000002    r-- .const:ti_sysbios_family_arm_cc26xx_TimestampProvider_useClockTimer__C
  0000140a    0000140a    00000002   00000002    r-- .const:ti_sysbios_family_arm_m3_Hwi_Module__id__C
  0000140c    0000140c    00000002   00000002    r-- .const:ti_sysbios_gates_GateHwi_Module__id__C
  0000140e    0000140e    00000002   00000002    r-- .const:ti_sysbios_gates_GateMutex_Module__id__C
  00001410    00001410    00000002   00000002    r-- .const:ti_sysbios_heaps_HeapMem_Module__id__C
  00001412    00001412    00000002   00000002    r-- .const:ti_sysbios_knl_Task_initStackFlag__C
  00001414    00001414    00000001   00000001    r-- .const:ti_sysbios_knl_Clock_tickMode__C
  00001418    00001418    00000008   00000008    r-- .const:xdc_runtime_Startup_firstFxns__C
  00001420    00001420    00000008   00000008    r-- .const:xdc_runtime_Startup_lastFxns__C
  00001428    00001428    00000004   00000004    r-- .const:xdc_runtime_Assert_E_assertFailed__C
  0000142c    0000142c    00000004   00000004    r-- .const:xdc_runtime_Error_E_memory__C
  00001430    00001430    00000004   00000004    r-- .const:xdc_runtime_Error_policyFxn__C
  00001434    00001434    00000004   00000004    r-- .const:xdc_runtime_IGateProvider_Interface__BASE__C
  00001438    00001438    00000004   00000004    r-- .const:xdc_runtime_IHeap_Interface__BASE__C
  0000143c    0000143c    00000004   00000004    r-- .const:xdc_runtime_IModule_Interface__BASE__C
  00001440    00001440    00000004   00000004    r-- .const:xdc_runtime_Main_Module__diagsEnabled__C
  00001444    00001444    00000004   00000004    r-- .const:xdc_runtime_Main_Module__diagsIncluded__C
  00001448    00001448    00000004   00000004    r-- .const:xdc_runtime_Main_Module__diagsMask__C
  0000144c    0000144c    00000004   00000004    r-- .const:xdc_runtime_Memory_defaultHeapInstance__C
  00001450    00001450    00000004   00000004    r-- .const:xdc_runtime_Startup_execImpl__C
  00001454    00001454    00000004   00000004    r-- .const:xdc_runtime_Startup_maxPasses__C
  00001458    00001458    00000004   00000004    r-- .const:xdc_runtime_Startup_sfxnRts__C
  0000145c    0000145c    00000004   00000004    r-- .const:xdc_runtime_Startup_sfxnTab__C
  00001460    00001460    00000004   00000004    r-- .const:xdc_runtime_Startup_startModsFxn__C
  00001464    00001464    00000004   00000004    r-- .const:xdc_runtime_SysCallback_abortFxn__C
  00001468    00001468    00000004   00000004    r-- .const:xdc_runtime_SysCallback_exitFxn__C
  0000146c    0000146c    00000004   00000004    r-- .const:xdc_runtime_System_abortFxn__C
  00001470    00001470    00000004   00000004    r-- .const:xdc_runtime_System_exitFxn__C
  00001474    00001474    00000004   00000004    r-- .const:xdc_runtime_System_maxAtexitHandlers__C
  00001478    00001478    00000004   00000004    r-- .const:xdc_runtime_Text_charTab__C
  0000147c    0000147c    00000004   00000004    r-- .const:xdc_runtime_Text_nameEmpty__C
  00001480    00001480    00000004   00000004    r-- .const:xdc_runtime_Text_nameStatic__C
  00001484    00001484    00000004   00000004    r-- .const:xdc_runtime_Text_nameUnknown__C
  00001488    00001488    00000002   00000002    r-- .const:xdc_runtime_Main_Module__id__C
  0000148a    0000148a    00000002   00000002    r-- .const:xdc_runtime_Memory_Module__id__C
  0000148c    0000148c    00000002   00000002    r-- .const:xdc_runtime_Text_charCnt__C
  0000148e    0000148e    00000002   00000002    r-- .const:xdc_runtime_Text_isLoaded__C
  00001490    00001490    00000001   00000001    r-- .const:xdc_runtime_Error_policy__C
  00001494    00001494    00000004   00000004    r-- .const:ti_sysbios_rom_ROM_AONRTCChannelEnable
  00001498    00001498    00000004   00000004    r-- .const:ti_sysbios_rom_ROM_AONRTCCompareValueSet
  0000149c    0000149c    00000004   00000004    r-- .const:ti_sysbios_rom_ROM_AONRTCCurrentCompareValueGet
  000014a0    000014a0    00000004   00000004    r-- .const:ti_sysbios_rom_ROM_AONRTCEventClear
  000014a4    000014a4    00000004   00000004    r-- .const:ti_sysbios_rom_ROM_ti_sysbios_family_arm_cc26xx_Timer_getCount64__E
  000014a8    000014a8    00000004   00000004    r-- .const:ti_sysbios_rom_ROM_ti_sysbios_family_arm_cc26xx_Timer_getCurrentTick__E
  000014ac    000014ac    00000004   00000004    r-- .const:ti_sysbios_rom_ROM_ti_sysbios_family_arm_cc26xx_Timer_getMaxTicks__E
  000014b0    000014b0    00000004   00000004    r-- .const:ti_sysbios_rom_ROM_ti_sysbios_family_arm_cc26xx_Timer_initDevice__I
  000014b4    000014b4    00000004   00000004    r-- .const:ti_sysbios_rom_ROM_ti_sysbios_family_arm_cc26xx_Timer_setNextTick__E
  000014b8    000014b8    00000004   00000004    r-- .const:ti_sysbios_rom_ROM_ti_sysbios_family_arm_cc26xx_Timer_setThreshold__I
  000014bc    000014bc    00000004   00000004    r-- .const:ti_sysbios_rom_ROM_ti_sysbios_family_arm_cc26xx_Timer_start__E
  000014c0    000014c0    00000004   00000004    r-- .const:ti_sysbios_rom_ROM_ti_sysbios_family_arm_cc26xx_TimestampProvider_get32__E
  000014c4    000014c4    00000004   00000004    r-- .const:ti_sysbios_rom_ROM_xdc_runtime_Startup_getState__I
  000014c8    000014c8    00000004   00000004    r-- .const:ti_sysbios_rom_ROM_xdc_runtime_System_SupportProxy_abort__E
  000014cc    000014cc    00000004   00000004    r-- .const:ti_sysbios_rom_ROM_xdc_runtime_System_SupportProxy_exit__E
  000014d0    000014d0    00000004   00000004    r-- .const:ti_sysbios_gates_GateMutex_Instance_State_sem__O
  000014d4    000014d4    00000004   00000004    r-- .const:ti_sysbios_knl_Clock_Module_State_clockQ__O
  000014d8    000014d8    00000004   00000004    r-- .const:ti_sysbios_knl_Mailbox_Instance_State_dataQue__O
  000014dc    000014dc    00000004   00000004    r-- .const:ti_sysbios_knl_Mailbox_Instance_State_dataSem__O
  000014e0    000014e0    00000004   00000004    r-- .const:ti_sysbios_knl_Mailbox_Instance_State_freeQue__O
  000014e4    000014e4    00000004   00000004    r-- .const:ti_sysbios_knl_Mailbox_Instance_State_freeSem__O
  000014e8    000014e8    00000004   00000004    r-- .const:ti_sysbios_knl_Semaphore_Instance_State_pendQ__O
  000014ec    000014ec    00000004   00000004    r-- .const:ti_sysbios_knl_Task_Module_State_inactiveQ__O
  000014f0    000014f0    0000af08   0000af08    r-x .text
  0000c3f8    0000c3f8    000003b0   000003b0    r-- .cinit
0001ffa8    0001ffa8    00000058   00000058    r--
  0001ffa8    0001ffa8    00000058   00000058    r-- .ccfg
20000100    20000100    00000104   00000000    rw-
  20000100    20000100    00000044   00000000    rw- .data:ti_sysbios_knl_Task_Module__state__V
  20000144    20000144    00000034   00000000    rw- .data:ti_sysbios_family_arm_m3_Hwi_Module__state__V
  20000178    20000178    0000002c   00000000    rw- .data:ti_sysbios_knl_Clock_Module__state__V
  200001a4    200001a4    00000024   00000000    rw- .data:ti_sysbios_BIOS_Module__state__V
  200001c8    200001c8    0000001c   00000000    rw- .data:ti_sysbios_knl_Swi_Module__state__V
  200001e4    200001e4    00000008   00000000    rw- .data:ti_sysbios_family_arm_cc26xx_Timer_Module__state__V
  200001ec    200001ec    00000004   00000000    rw- .data:ti_sysbios_family_arm_cc26xx_TimestampProvider_Module__state__V
  200001f0    200001f0    00000008   00000000    rw- .data:xdc_runtime_Startup_Module__state__V
  200001f8    200001f8    00000008   00000000    rw- .data:xdc_runtime_System_Module__state__V
  20000200    20000200    00000004   00000000    rw- .data:xdc_runtime_Memory_Module__state__V
20000430    20000430    00000010   00000000    rw-
  20000430    20000430    00000010   00000000    rw- .TI.bound:dmaSpi0RxControlTableEntry
20000440    20000440    00000010   00000000    rw-
  20000440    20000440    00000010   00000000    rw- .TI.bound:dmaSpi0TxControlTableEntry
20000500    20000500    00000010   00000000    rw-
  20000500    20000500    00000010   00000000    rw- .TI.bound:dmaSpi1RxControlTableEntry
20000510    20000510    00004182   00000000    rw-
  20000510    20000510    00000010   00000000    rw- .TI.bound:dmaSpi1TxControlTableEntry
  20000520    20000520    000033c8   00000000    rw- .bss
  200038e8    200038e8    00000daa   00000000    rw- .data
20004d00    20004d00    00000300   00000000    rw-
  20004d00    20004d00    00000300   00000000    rw- .stack


SECTION ALLOCATION MAP

 output                                  attributes/
section   page    origin      length       input sections
--------  ----  ----------  ----------   ----------------
.const     0    0000003c    00000d9b     
                  0000003c    000006b4     radio_setup.obj (.const:patchGenfskRfe)
                  000006f0    0000028c     radio_setup.obj (.const:patchImageGenfsk)
                  0000097c    00000101     rtsv7M3_T_le_eabi.lib : ctype.obj (.const:.string:_ctypes_)
                  00000a7d    00000001     uart.obj (.const:.string:slip_end)
                  00000a7e    0000004c     drivers_cc13x0.aem3 : PowerCC26XX.oem3 (.const:resourceDB)
                  00000aca    00000002     uart.obj (.const:.string:slip_esc_end)
                  00000acc    00000048     tags-cc1310_pem3.oem3 (.const:.string)
                  00000b14    00000040     drivers_cc13x0.aem3 : UARTCC26XX.oem3 (.const:$O1$$)
                  00000b54    00000040     CC1310_LAUNCHXL.obj (.const:spiCC26XXDMAHWAttrs)
                  00000b94    00000038     drivers_cc13x0.aem3 : SPICC26XXDMA.oem3 (.const:$O1$$)
                  00000bcc    0000002c     tags-cc1310_pem3.oem3 (.const:xdc_runtime_Startup_sfxnTab__A)
                  00000bf8    00000028     drivers_cc13x0.aem3 : UARTCC26XX.oem3 (.const:UARTCC26XX_fxnTable)
                  00000c20    00000024     CC1310_LAUNCHXL.obj (.const:SPI_config)
                  00000c44    00000024     drivers_cc13x0.aem3 : UART.oem3 (.const:UART_defaultParams)
                  00000c68    00000020                         : SPI.oem3 (.const:SPI_defaultParams)
                  00000c88    00000020     CC1310_LAUNCHXL.obj (.const:uartCC26XXHWAttrs)
                  00000ca8    0000001c     CC1310_LAUNCHXL.obj (.const:BoardGpioInitTable)
                  00000cc4    00000018     drivers_cc13x0.aem3 : I2CCC26XX.oem3 (.const:I2CCC26XX_fxnTable)
                  00000cdc    00000018     CC1310_LAUNCHXL.obj (.const:I2C_config)
                  00000cf4    00000018     CC1310_LAUNCHXL.obj (.const:PowerCC26XX_config)
                  00000d0c    00000018     drivers_cc13x0.aem3 : SPICC26XXDMA.oem3 (.const:SPICC26XXDMA_fxnTable)
                  00000d24    00000018     CC1310_LAUNCHXL.obj (.const:UART_config)
                  00000d3c    00000018     CC1310_LAUNCHXL.obj (.const:i2cCC26xxHWAttrs)
                  00000d54    00000016     tags-cc1310_pem3.oem3 (.const:xdc_runtime_Startup_sfxnRts__A)
                  00000d6a    00000002     uart.obj (.const:.string:slip_esc_esc)
                  00000d6c    00000010     drivers_cc13x0.aem3 : I2C.oem3 (.const:I2C_defaultParams)
                  00000d7c    00000010     CC1310_LAUNCHXL.obj (.const:UDMACC26XX_config)
                  00000d8c    0000000c     tags-cc1310_pem3.oem3 (.const:xdc_runtime_Startup_firstFxns__A)
                  00000d98    00000008     CC1310_LAUNCHXL.obj (.const:PINCC26XX_hwAttrs)
                  00000da0    00000008     drivers_cc13x0.aem3 : I2CCC26XX.oem3 (.const:bitRate)
                  00000da8    00000008     CC1310_LAUNCHXL.obj (.const:udmaHWAttrs)
                  00000db0    00000004     CC1310_LAUNCHXL.obj (.const)
                  00000db4    00000004     tags-cc1310_pem3.oem3 (.const:ti_sysbios_family_arm_m3_Hwi_swiDisable__C)
                  00000db8    00000004     tags-cc1310_pem3.oem3 (.const:ti_sysbios_family_arm_m3_Hwi_swiRestoreHwi__C)
                  00000dbc    00000004     tags-cc1310_pem3.oem3 (.const:ti_sysbios_family_arm_m3_Timer_E_cannotSupport__C)
                  00000dc0    00000004     tags-cc1310_pem3.oem3 (.const:ti_sysbios_family_arm_m3_Timer_startupNeeded__C)
                  00000dc4    00000004     tags-cc1310_pem3.oem3 (.const:ti_sysbios_knl_Clock_tickPeriod__C)
                  00000dc8    00000004     tags-cc1310_pem3.oem3 (.const:ti_sysbios_knl_Clock_triggerClock__C)
                  00000dcc    00000004     tags-cc1310_pem3.oem3 (.const:ti_sysbios_knl_Idle_funcList__A)
                  00000dd0    00000004     tags-cc1310_pem3.oem3 (.const:xdc_runtime_System_extendFxn__C)
                  00000dd4    00000002     tags-cc1310_pem3.oem3 (.const:ti_sysbios_family_arm_m3_Timer_Module__id__C)
                  00000dd6    00000001     tags-cc1310_pem3.oem3 (.const:xdc_runtime_Text_charTab__A)

.text      0    000014f0    0000af08     
                  000014f0    00001106     rtsv7M3_T_le_eabi.lib : _printfi.obj (.text)
                  000025f6    00000002     drivers_cc13x0.aem3 : PowerCC26XX.oem3 (.text:emptyClockFunc)
                  000025f8    00000710     bmi160_support.obj (.text:bmi160_config_running_mode)
                  00002d08    000003dc     bmi160.obj (.text:bmi160_read_fifo_header_data)
                  000030e4    000003b0     bmi160.obj (.text:bmi160_read_bmm150_mag_trim)
                  00003494    0000033c     rom_sysbios.aem3 : rom_sysbios.obj (.text:xdc_runtime_System_doPrint__I)
                  000037d0    0000030c     drivers_cc13x0.aem3 : PowerCC26XX_calibrateRCOSC.oem3 (.text:PowerCC26XX_auxISR)
                  00003adc    000002f4                         : SPICC26XXDMA.oem3 (.text:SPICC26XXDMA_transfer)
                  00003dd0    00000288     i2c_sensors.obj (.text:bmi160Function)
                  00004058    00000228     driverlib.lib : sys_ctrl.obj (.text:NOROM_SysCtrlSetRechargeBeforePowerDown)
                  00004280    00000224     drivers_cc13x0.aem3 : PowerCC26XX.oem3 (.text:Power_sleep)
                  000044a4    0000021c     bmi160.obj (.text:bmi160_bmm150_mag_interface_init)
                  000046c0    000001f4     rtsv7M3_T_le_eabi.lib : ull_div_t2.obj (.text)
                  000048b4    000001f0     bmi160.obj (.text:bmi160_set_bmm150_mag_presetmode)
                  00004aa4    000001c4     rtsv7M3_T_le_eabi.lib : fopen.obj (.text)
                  00004c68    000001bc     drivers_cc13x0.aem3 : PINCC26XX.oem3 (.text:PIN_init)
                  00004e24    000001b6     rtsv7M3_T_le_eabi.lib : fd_add_t2.obj (.text)
                  00004fda    00000002                           : i_div0.obj (.text)
                  00004fdc    00000198     uart.obj (.text:uartTasks_init)
                  00005174    00000190     drivers_cc13x0.aem3 : PowerCC26XX_calibrateRCOSC.oem3 (.text:PowerCC26XX_doCalibrate)
                  00005304    0000016c     bmi160.obj (.text:bmi160_set_intr_enable_0)
                  00005470    00000168     tags-cc1310_pem3.oem3 (.text:xdc_runtime_System_printfExtend__I)
                  000055d8    00000164     drivers_cc13x0.aem3 : UARTCC26XX.oem3 (.text:UARTCC26XX_open)
                  0000573c    00000158                         : SPICC26XXDMA.oem3 (.text:SPICC26XXDMA_initIO)
                  00005894    00000154                         : I2CCC26XX.oem3 (.text:I2CCC26XX_open)
                  000059e8    00000136     rtsv7M3_T_le_eabi.lib : fd_div_t2.obj (.text)
                  00005b1e    00000002     rom_sysbios.aem3 : rom_sysbios.obj (.text:ti_sysbios_BIOS_linkedWithIncorrectBootLibrary__E)
                  00005b20    00000130     driverlib.lib : setup_rom.obj (.text:NOROM_SetupAfterColdResetWakeupFromShutDownCfg3)
                  00005c50    00000124     drivers_cc13x0.aem3 : SPICC26XXDMA.oem3 (.text:SPICC26XXDMA_open)
                  00005d74    0000011c                         : UARTCC26XX.oem3 (.text:UARTCC26XX_read)
                  00005e90    00000114                         : PowerCC26XX.oem3 (.text:Power_init)
                  00005fa4    00000112                         : UARTCC26XX.oem3 (.text:UARTCC26XX_hwiIntFxn)
                  000060b6    00000002     tags-cc1310_pem3.oem3 (.text:ti_sysbios_BIOS_nullFunc__I)
                  000060b8    00000110     drivers_cc13x0.aem3 : I2CCC26XX.oem3 (.text:I2CCC26XX_hwiFxn)
                  000061c8    0000010c     bmi160.obj (.text:bmi160_bmm150_mag_set_power_mode)
                  000062d4    000000fc     drivers_cc13x0.aem3 : UARTCC26XX.oem3 (.text:UARTCC26XX_write)
                  000063d0    000000fc     rtsv7M3_T_le_eabi.lib : fd_mul_t2.obj (.text)
                  000064cc    000000f4     radio_setup.obj (.text:radioSetup_init)
                  000065c0    000000f0     driverlib.lib : setup_rom.obj (.text:NOROM_SetupAfterColdResetWakeupFromShutDownCfg2)
                  000066b0    000000e8     drivers_cc13x0.aem3 : SPICC26XXDMA.oem3 (.text:SPICC26XXDMA_transferCancel)
                  00006798    000000e4     dpl_cc13x0.aem3 : PowerCC26XX_tirtos.oem3 (.text:PowerCC26XX_standbyPolicy)
                  0000687c    000000dc     drivers_cc13x0.aem3 : PINCC26XX.oem3 (.text:PINCC26XX_setIoCfg)
                  00006958    000000dc     rtsv7M3_T_le_eabi.lib : setvbuf.obj (.text)
                  00006a34    000000dc     uart.obj (.text:uartRxTaskFunction)
                  00006b10    000000d4     bmi160.obj (.text:bmi160_set_bmm150_mag_and_secondary_if_power_mode)
                  00006be4    000000d0     rtsv7M3_T_le_eabi.lib : s_scalbn.obj (.text)
                  00006cb4    000000c8                           : fflush.obj (.text)
                  00006d7c    000000c4     driverlib.lib : setup.obj (.text:TrimAfterColdResetWakeupFromShutDown)
                  00006e40    000000c0     drivers_cc13x0.aem3 : I2CCC26XX.oem3 (.text:I2CCC26XX_transfer)
                  00006f00    000000bc                         : PowerCC26XX.oem3 (.text:Power_releaseDependency)
                  00006fbc    000000bc                         : UARTCC26XX.oem3 (.text:UARTCC26XX_initHw)
                  00007078    000000bc     receive.obj (.text:receive_init)
                  00007134    000000bc     rtsv7M3_T_le_eabi.lib : open.obj (.text)
                  000071f0    000000b8     bmi160.obj (.text:bmi160_set_intr_enable_2)
                  000072a8    000000b4     drivers_cc13x0.aem3 : PowerCC26XX.oem3 (.text:Power_setDependency)
                  0000735c    000000b0     main.obj (.text:main)
                  0000740c    000000ac     rtsv7M3_T_le_eabi.lib : _io_perm.obj (.text)
                  000074b8    000000a8     driverlib.lib : setup.obj (.text:NOROM_SetupTrimDevice)
                  00007560    000000a6     drivers_cc13x0.aem3 : SPICC26XXDMA.oem3 (.text:SPICC26XXDMA_hwiFxn)
                  00007606    00000002     rom_sysbios.aem3 : rom_sysbios.obj (.text:ti_sysbios_knl_Clock_triggerFunc__I)
                  00007608    000000a4     driverlib.lib : setup_rom.obj (.text:NOROM_SetupAfterColdResetWakeupFromShutDownCfg1)
                  000076ac    000000a4     drivers_cc13x0.aem3 : PowerCC26XX.oem3 (.text:switchXOSCHFclockFunc)
                  00007750    000000a0     auto_init.aem3 : auto_init.oem3 (.text)
                  000077f0    000000a0     uart.obj (.text:uartTxTaskFunction)
                  00007890    0000009c     i2c_sensors.obj (.text:readDataFunction)
                  0000792c    0000009c     rtsv7M3_T_le_eabi.lib : memcpy_t2.obj (.text)
                  000079c8    00000098     drivers_cc13x0.aem3 : PINCC26XX.oem3 (.text:PIN_open)
                  00007a60    00000098                         : UARTCC26XX.oem3 (.text:UARTCC26XX_initIO)
                  00007af8    00000098     rtsv7M3_T_le_eabi.lib : fclose.obj (.text)
                  00007b90    00000098                           : fputc.obj (.text)
                  00007c28    00000098     rom_sysbios.aem3 : rom_sysbios.obj (.text:ti_sysbios_knl_Clock_workFuncDynamic__E)
                  00007cc0    00000092     rtsv7M3_T_le_eabi.lib : fs_div_t2.obj (.text)
                  00007d52    00000002     tags-cc1310_pem3.oem3 (.text:ti_sysbios_rom_cortexm_cc13xx_CC13xx_badRomRevision__E)
                  00007d54    00000090     drivers_cc13x0.aem3 : I2CCC26XX.oem3 (.text:I2CCC26XX_cancel)
                  00007de4    00000090                         : SPICC26XXDMA.oem3 (.text:SPICC26XXDMA_control)
                  00007e74    00000090     bmi160.obj (.text:bmi160_set_intr_fifo_wm)
                  00007f04    00000090     bmi160.obj (.text:bmi160_set_intr_level)
                  00007f94    00000090     bmi160.obj (.text:bmi160_set_output_enable)
                  00008024    0000008c     drivers_cc13x0.aem3 : I2CCC26XX.oem3 (.text:I2CCC26XX_primeTransfer)
                  000080b0    0000008c                         : UARTCC26XX.oem3 (.text:UARTCC26XX_close)
                  0000813c    0000008c                         : UARTCC26XX.oem3 (.text:UARTCC26XX_writeCancel)
                  000081c8    0000008c     spi_flash.obj (.text:setWEN)
                  00008254    0000008c     drivers_cc13x0.aem3 : UARTCC26XX.oem3 (.text:writeFinishedDoCallback)
                  000082e0    00000088     rf_queue_pointer.obj (.text:RFQueue_defineQueue)
                  00008368    00000088     i2c_sensors.obj (.text:i2cSensorsInit)
                  000083f0    00000086     rtsv7M3_T_le_eabi.lib : fd_cmp_t2.obj (.text:__aeabi_cdcmple)
                  00008476    00000086                           : fd_cmp_t2.obj (.text:__aeabi_cdrcmple)
                  000084fc    00000080     bmi160.obj (.text:bmi160_read_mag_xyzr)
                  0000857c    0000007c     radio_setup.obj (.text:rf_patch_rfe_genfsk)
                  000085f8    0000007a     rtsv7M3_T_le_eabi.lib : fs_mul_t2.obj (.text)
                  00008672    0000007a                           : memset_t2.obj (.text)
                  000086ec    00000078     bmi160.obj (.text:bmi160_set_gyro_output_data_rate)
                  00008764    00000078     spi_flash.obj (.text:spiFlashWritePage)
                  000087dc    00000078     drivers_cc13x0.aem3 : UARTCC26XX.oem3 (.text:writeTxFifoFlush)
                  00008854    00000074     driverlib.lib : setup_rom.obj (.text:NOROM_SetupSetVddrLevel)
                  000088c8    00000074     spi_flash.obj (.text:spiFlashReadPage)
                  0000893c    00000074     rom_sysbios.aem3 : rom_sysbios.obj (.text:ti_sysbios_family_arm_cc26xx_Timer_start__E)
                  000089b0    00000070     bmi160.obj (.text:bmi160_set_accel_range)
                  00008a20    00000070     rtsv7M3_T_le_eabi.lib : getdevice.obj (.text)
                  00008a90    0000006d     rom_sysbios.aem3 : rom_sysbios.obj (.text:xdc_runtime_System_formatNum__I)
                  00008afd    00000001     --HOLE-- [fill = 0]
                  00008afe    00000002                      : rom_sysbios.obj (.text:xdc_runtime_SysCallback_defaultAbort)
                  00008b00    0000006c     drivers_cc13x0.aem3 : PowerCC26XX_calibrateRCOSC.oem3 (.text:PowerCC26XX_initiateCalibration)
                  00008b6c    0000006c     bmi160.obj (.text:bmi160_bmm150_mag_wakeup)
                  00008bd8    00000068     drivers_cc13x0.aem3 : I2CCC26XX.oem3 (.text:I2CCC26XX_close)
                  00008c40    00000068     driverlib.lib : setup_rom.obj (.text:NOROM_SetupGetTrimForAmpcompCtrl)
                  00008ca8    00000068                   : setup_rom.obj (.text:NOROM_SetupGetTrimForAnabypassValue1)
                  00008d10    00000068                   : sys_ctrl.obj (.text:NOROM_SysCtrlAdjustRechargeAfterPowerDown)
                  00008d78    00000068                   : sys_ctrl.obj (.text:NOROM_SysCtrl_DCDC_VoltageConditionalControl)
                  00008de0    00000068     drivers_cc13x0.aem3 : UARTCC26XX.oem3 (.text:UARTCC26XX_readCancel)
                  00008e48    00000068     bmi160.obj (.text:bmi160_bmm150_mag_compensate_X)
                  00008eb0    00000068     bmi160.obj (.text:bmi160_bmm150_mag_compensate_Y)
                  00008f18    00000068     rtsv7M3_T_le_eabi.lib : copy_decompress_lzss.obj (.text:decompress:lzss)
                  00008f80    00000068     drivers_cc13x0.aem3 : PowerCC26XX.oem3 (.text:lfClockReadyCallback)
                  00008fe8    00000068     rtsv7M3_T_le_eabi.lib : hostlseek.obj (.text)
                  00009050    00000068                           : hostrename.obj (.text)
                  000090b8    00000068                           : trgmsg.obj (.text)
                  00009120    00000068     spi_flash.obj (.text:spiFlash_init)
                  00009188    00000064     driverlib.lib : osc.obj (.text:NOROM_OSCHF_AttemptToSwitchToXosc)
                  000091ec    00000064     drivers_cc13x0.aem3 : PINCC26XX.oem3 (.text:PIN_add)
                  00009250    00000064     bmi160_support.obj (.text:bmi160_interrupt_configuration)
                  000092b4    00000064     bmi160.obj (.text:bmi160_set_accel_bw)
                  00009318    00000064     bmi160.obj (.text:bmi160_set_accel_output_data_rate)
                  0000937c    00000064     bmi160.obj (.text:bmi160_set_fifo_accel_enable)
                  000093e0    00000064     bmi160.obj (.text:bmi160_set_fifo_gyro_enable)
                  00009444    00000064     bmi160.obj (.text:bmi160_set_fifo_header_enable)
                  000094a8    00000064     bmi160.obj (.text:bmi160_set_fifo_mag_enable)
                  0000950c    00000064     bmi160.obj (.text:bmi160_set_fifo_stop_on_full)
                  00009570    00000064     bmi160.obj (.text:bmi160_set_fifo_time_enable)
                  000095d4    00000064     bmi160.obj (.text:bmi160_set_gyro_bw)
                  00009638    00000064     bmi160.obj (.text:bmi160_set_gyro_sleep_state)
                  0000969c    00000064     bmi160.obj (.text:bmi160_set_gyro_sleep_trigger)
                  00009700    00000064     bmi160.obj (.text:bmi160_set_gyro_wakeup_intr)
                  00009764    00000064     bmi160.obj (.text:bmi160_set_gyro_wakeup_trigger)
                  000097c8    00000064     bmi160.obj (.text:bmi160_set_if_mode)
                  0000982c    00000064     bmi160.obj (.text:bmi160_set_mag_output_data_rate)
                  00009890    00000064     bmi160.obj (.text:bmi160_set_paging_enable)
                  000098f4    00000064     bmi160.obj (.text:bmi160_set_pullup_configuration)
                  00009958    00000064     bmi160.obj (.text:bmi160_set_target_page)
                  000099bc    00000064     drivers_cc13x0.aem3 : PowerCC26XX.oem3 (.text:configureXOSCHF)
                  00009a20    00000064     rtsv7M3_T_le_eabi.lib : fseek.obj (.text)
                  00009a84    00000060     driverlib.lib : osc.obj (.text:NOROM_OSCClockSourceSet)
                  00009ae4    00000060     drivers_cc13x0.aem3 : UARTCC26XX.oem3 (.text:UARTCC26XX_control)
                  00009b44    00000060     bmi160.obj (.text:bmi160_set_mag_manual_enable)
                  00009ba4    00000060     rtsv7M3_T_le_eabi.lib : hostopen.obj (.text)
                  00009c04    00000060                           : sprintf.obj (.text)
                  00009c64    0000005c     drivers_cc13x0.aem3 : PowerCC26XX_calibrateRCOSC.oem3 (.text:PowerCC26XX_RCOSC_clockFunc)
                  00009cc0    0000005c                         : PowerCC26XX.oem3 (.text:PowerCC26XX_calibrate)
                  00009d1c    0000005c                         : UDMACC26XX.oem3 (.text:UDMACC26XX_open)
                  00009d78    0000005c     bmi160.obj (.text:bmi160_bmm150_mag_compensate_Z)
                  00009dd4    0000005c     bmi160.obj (.text:bmi160_set_i2c_device_addr)
                  00009e30    0000005c     spi_flash.obj (.text:getWIP)
                  00009e8c    0000005c     rtsv7M3_T_le_eabi.lib : close.obj (.text)
                  00009ee8    0000005c                           : s_frexp.obj (.text)
                  00009f44    0000005c     tags-cc1310_pem3.oem3 (.text:xdc_runtime_Startup_getState__I)
                  00009fa0    0000005a     drivers_cc13x0.aem3 : SPICC26XXDMA.oem3 (.text:SPICC26XXDMA_close)
                  00009ffa    00000058                         : I2CCC26XX.oem3 (.text:I2CCC26XX_swiFxn)
                  0000a052    00000002     rom_sysbios.aem3 : rom_sysbios.obj (.text:xdc_runtime_SysCallback_defaultExit)
                  0000a054    00000058     drivers_cc13x0.aem3 : PINCC26XX.oem3 (.text:PIN_remove)
                  0000a0ac    00000058                         : SPICC26XXDMA.oem3 (.text:SPICC26XXDMA_initHw)
                  0000a104    00000058     bmi160.obj (.text:bmi160_read_accel_xyz)
                  0000a15c    00000058     bmi160.obj (.text:bmi160_read_gyro_xyz)
                  0000a1b4    00000058     rtsv7M3_T_le_eabi.lib : hostread.obj (.text)
                  0000a20c    00000058                           : hostwrite.obj (.text)
                  0000a264    00000058     spi_flash.obj (.text:spiFlashEraseChip)
                  0000a2bc    00000056     drivers_cc13x0.aem3 : SPICC26XXDMA.oem3 (.text:SPICC26XXDMA_swiFxn)
                  0000a312    00000054     rtsv7M3_T_le_eabi.lib : ltoa.obj (.text)
                  0000a366    00000002     --HOLE-- [fill = 0]
                  0000a368    00000050     driverlib.lib : setup_rom.obj (.text:NOROM_SetupSetCacheModeAccordingToCcfgSetting)
                  0000a3b8    00000050     radio_setup.obj (.text:applyGenfskPatch)
                  0000a408    00000050     bmi160_support.obj (.text:bmi160_i2c_bus_write)
                  0000a458    00000050     drivers_cc13x0.aem3 : UARTCC26XX.oem3 (.text:startTxFifoEmptyClk)
                  0000a4a8    0000004c                         : I2CCC26XX.oem3 (.text:I2CCC26XX_initHw)
                  0000a4f4    0000004c     rtsv7M3_T_le_eabi.lib : atoi.obj (.text)
                  0000a540    0000004c                           : cpy_tbl.obj (.text)
                  0000a58c    00000048     dpl_cc13x0.aem3 : ClockP_tirtos.oem3 (.text:ClockP_construct)
                  0000a5d4    00000048     drivers_cc13x0.aem3 : PINCC26XX.oem3 (.text:PIN_setOutputEnable)
                  0000a61c    00000048     bmi160_support.obj (.text:bmi160_initialize_sensor)
                  0000a664    00000048     rtsv7M3_T_le_eabi.lib : fd_toi_t2.obj (.text)
                  0000a6ac    00000048     rom_sysbios.aem3 : rom_sysbios.obj (.text:ti_sysbios_family_arm_m3_Timer_setPeriod__E)
                  0000a6f4    00000044     drivers_cc13x0.aem3 : RingBuf.oem3 (.text:RingBuf_put)
                  0000a738    00000044                         : SPICC26XXDMA.oem3 (.text:SPICC26XXDMA_csnCallback)
                  0000a77c    00000044     boot.aem3 : boot.oem3 (.text)
                  0000a7c0    00000044     drivers_cc13x0.aem3 : PowerCC26XX.oem3 (.text:notify)
                  0000a804    00000044     rtsv7M3_T_le_eabi.lib : fd_tou_t2.obj (.text)
                  0000a848    00000044                           : hostclose.obj (.text)
                  0000a88c    00000044                           : hostunlink.obj (.text)
                  0000a8d0    00000044     rom_sysbios.aem3 : rom_sysbios.obj (.text:ti_sysbios_family_arm_m3_Timer_start__E)
                  0000a914    00000040     drivers_cc13x0.aem3 : I2C.oem3 (.text:I2C_init)
                  0000a954    00000040                         : I2C.oem3 (.text:I2C_open)
                  0000a994    00000040                         : PINCC26XX.oem3 (.text:PINCC26XX_getConfig)
                  0000a9d4    00000040                         : PINCC26XX.oem3 (.text:PIN_swi)
                  0000aa14    00000040                         : SPI.oem3 (.text:SPI_init)
                  0000aa54    00000040                         : SPI.oem3 (.text:SPI_open)
                  0000aa94    00000040                         : UART.oem3 (.text:UART_init)
                  0000aad4    00000040                         : UART.oem3 (.text:UART_open)
                  0000ab14    00000040     bmi160.obj (.text:bmi160_init)
                  0000ab54    00000040     rtsv7M3_T_le_eabi.lib : u_divt2.obj (.text)
                  0000ab94    00000040     rom_sysbios.aem3 : rom_sysbios.obj (.text:ti_sysbios_family_arm_cc26xx_Timer_setThreshold__I)
                  0000abd4    0000003e     dpl_cc13x0.aem3 : HwiP_tirtos.oem3 (.text:HwiP_construct)
                  0000ac12    0000003e     drivers_cc13x0.aem3 : RingBuf.oem3 (.text:RingBuf_get)
                  0000ac50    0000003e     bmi160.obj (.text:bmi160_bmm150_mag_compensate_xyz)
                  0000ac8e    00000002     --HOLE-- [fill = 0]
                  0000ac90    0000003c     driverlib.lib : chipinfo.obj (.text:NOROM_ChipInfo_GetHwRevision)
                  0000accc    0000003c                   : osc.obj (.text:NOROM_OSC_HPOSCRelativeFrequencyOffsetGet)
                  0000ad08    0000003c     dpl_cc13x0.aem3 : SwiP_tirtos.oem3 (.text:SwiP_construct)
                  0000ad44    0000003c     drivers_cc13x0.aem3 : PowerCC26XX.oem3 (.text:disableLfClkQualifiersEnableClkLoss)
                  0000ad80    0000003c     rom_sysbios.aem3 : rom_sysbios.obj (.text:ti_sysbios_family_arm_m3_Hwi_construct2__E)
                  0000adbc    0000003c     uart.obj (.text:uartLocalRead)
                  0000adf8    0000003c     uart.obj (.text:uartLocalWrite)
                  0000ae34    00000038     drivers_cc13x0.aem3 : PINCC26XX.oem3 (.text:PIN_setOutputValue)
                  0000ae6c    00000038                         : UARTCC26XX.oem3 (.text:UARTCC26XX_swiIntFxn)
                  0000aea4    00000038     buffers.obj (.text:buffers_init)
                  0000aedc    00000038     drivers_cc13x0.aem3 : UARTCC26XX.oem3 (.text:readData)
                  0000af14    00000038     rtsv7M3_T_le_eabi.lib : fs_tod_t2.obj (.text)
                  0000af4c    00000038                           : fs_toi_t2.obj (.text)
                  0000af84    00000038     rom_sysbios.aem3 : rom_sysbios.obj (.text:ti_sysbios_family_arm_cc26xx_Timer_getCurrentTick__E)
                  0000afbc    00000038     drivers_cc13x0.aem3 : UARTCC26XX.oem3 (.text:writeData)
                  0000aff4    00000036                         : UDMACC26XX.oem3 (.text:UDMACC26XX_close)
                  0000b02a    00000036     rtsv7M3_T_le_eabi.lib : strncpy.obj (.text)
                  0000b060    00000034     driverlib.lib : osc.obj (.text:NOROM_OSCHF_SwitchToRcOscTurnOffXosc)
                  0000b094    00000034     drivers_cc13x0.aem3 : PINCC26XX.oem3 (.text:PIN_setConfig)
                  0000b0c8    00000034                         : PINCC26XX.oem3 (.text:PIN_setInterrupt)
                  0000b0fc    00000034                         : PowerCC26XX.oem3 (.text:Power_releaseConstraint)
                  0000b130    00000034     bmi160.obj (.text:bmi160_get_accel_data_rdy)
                  0000b164    00000034     bmi160.obj (.text:bmi160_get_if_mode)
                  0000b198    00000034     bmi160.obj (.text:bmi160_get_mag_manual_enable)
                  0000b1cc    00000034     bmi160.obj (.text:bmi160_get_mag_power_mode_stat)
                  0000b200    00000034     bmi160.obj (.text:bmi160_get_paging_enable)
                  0000b234    00000034     bmi160.obj (.text:bmi160_get_pullup_configuration)
                  0000b268    00000034     bmi160.obj (.text:bmi160_get_target_page)
                  0000b29c    00000034     rtsv7M3_T_le_eabi.lib : fs_tou_t2.obj (.text)
                  0000b2d0    00000034     tags-cc1310_pem3.oem3 (.text:ti_sysbios_BIOS_startFunc__I)
                  0000b304    00000034     rom_sysbios.aem3 : rom_sysbios.obj (.text:ti_sysbios_family_arm_cc26xx_Timer_initDevice__I)
                  0000b338    00000034                      : rom_sysbios.obj (.text:ti_sysbios_family_arm_m3_Timer_initDevice__I)
                  0000b36c    00000032                      : rom_sysbios.obj (.text:ti_sysbios_family_arm_cc26xx_Timer_setNextTick__E)
                  0000b39e    00000002     --HOLE-- [fill = 0]
                  0000b3a0    00000030     driverlib.lib : chipinfo.obj (.text:NOROM_ChipInfo_GetChipType)
                  0000b3d0    00000030                   : setup_rom.obj (.text:NOROM_SetupSetAonRtcSubSecInc)
                  0000b400    00000030     drivers_cc13x0.aem3 : PowerCC26XX.oem3 (.text:Power_setConstraint)
                  0000b430    00000030     bmi160_support.obj (.text:bmi160_i2c_burst_read)
                  0000b460    00000030     bmi160_support.obj (.text:bmi160_i2c_bus_read)
                  0000b490    00000030     bmi160_support.obj (.text:i2c_routine)
                  0000b4c0    00000030     drivers_cc13x0.aem3 : UARTCC26XX.oem3 (.text:readData2RingBuf)
                  0000b4f0    00000030     tags-cc1310_pem3.oem3 (.text:ti_sysbios_BIOS_atExitFunc__I)
                  0000b520    0000002e     rtsv7M3_T_le_eabi.lib : i_tofd_t2.obj (.text)
                  0000b54e    0000002e     tags-cc1310_pem3.oem3 (.text:ti_sysbios_rts_gnu_MemAlloc_alloc)
                  0000b57c    0000002c     driverlib.lib : ddi.obj (.text:NOROM_DDI32RegWrite)
                  0000b5a8    0000002c                   : osc.obj (.text:NOROM_OSCClockSourceGet)
                  0000b5d4    0000002c                   : setup_rom.obj (.text:NOROM_SetupGetTrimForRadcExtCfg)
                  0000b600    0000002c     drivers_cc13x0.aem3 : PINCC26XX.oem3 (.text:PINCC26XX_setMux)
                  0000b62c    0000002c     dpl_cc13x0.aem3 : SemaphoreP_tirtos.oem3 (.text:SemaphoreP_constructBinary)
                  0000b658    0000002c     rtsv7M3_T_le_eabi.lib : unlink.obj (.text)
                  0000b684    0000002c     rom_sysbios.aem3 : rom_sysbios.obj (.text:ti_sysbios_knl_Clock_getTicksUntilInterrupt__E)
                  0000b6b0    0000002a                      : rom_sysbios.obj (.text:xdc_runtime_System_putchar__I)
                  0000b6da    00000002     --HOLE-- [fill = 0]
                  0000b6dc    00000028     driverlib.lib : aon_batmon.obj (.text:NOROM_AONBatMonTemperatureGetDegC)
                  0000b704    00000028     drivers_cc13x0.aem3 : PowerCC26XX.oem3 (.text:Power_registerNotify)
                  0000b72c    00000028                         : SPICC26XXDMA.oem3 (.text:SPICC26XXDMA_flushFifos)
                  0000b754    00000028     driverlib.lib : adi.obj (.text:SafeHapiVoid)
                  0000b77c    00000028     bmi160.obj (.text:bmi160_read_reg)
                  0000b7a4    00000028     bmi160.obj (.text:bmi160_set_command_register)
                  0000b7cc    00000028     bmi160.obj (.text:bmi160_set_fifo_wm)
                  0000b7f4    00000028     bmi160.obj (.text:bmi160_set_mag_read_addr)
                  0000b81c    00000028     bmi160.obj (.text:bmi160_set_mag_write_addr)
                  0000b844    00000028     bmi160.obj (.text:bmi160_set_mag_write_data)
                  0000b86c    00000028     rtsv7M3_T_le_eabi.lib : lseek.obj (.text)
                  0000b894    00000028                           : write.obj (.text)
                  0000b8bc    00000024     bmi160.obj (.text:bmi160_fifo_data)
                  0000b8e0    00000024     bmi160.obj (.text:bmi160_write_reg)
                  0000b904    00000024     rtsv7M3_T_le_eabi.lib : u_tofs_t2.obj (.text)
                  0000b928    00000024     tags-cc1310_pem3.oem3 (.text:ti_sysbios_BIOS_registerRTSLock__I)
                  0000b94c    00000024     tags-cc1310_pem3.oem3 (.text:ti_sysbios_BIOS_removeRTSLock__I)
                  0000b970    00000024     rom_sysbios.aem3 : rom_sysbios.obj (.text:ti_sysbios_family_arm_cc26xx_Timer_getMaxTicks__E)
                  0000b994    00000024                      : rom_sysbios.obj (.text:ti_sysbios_family_arm_m3_Timer_Module_startup__E)
                  0000b9b8    00000024                      : rom_sysbios.obj (.text:ti_sysbios_family_arm_m3_Timer_postInit__I)
                  0000b9dc    00000024                      : rom_sysbios.obj (.text:ti_sysbios_family_arm_m3_Timer_startup__E)
                  0000ba00    00000024                      : rom_sysbios.obj (.text:xdc_runtime_System_vprintf__E)
                  0000ba24    00000022     drivers_cc13x0.aem3 : List.oem3 (.text:List_put)
                  0000ba46    00000002     --HOLE-- [fill = 0]
                  0000ba48    00000020     driverlib.lib : setup_rom.obj (.text:NOROM_SetupGetTrimForXoscHfCtl)
                  0000ba68    00000020     dpl_cc13x0.aem3 : PowerCC26XX_tirtos.oem3 (.text:PowerCC26XX_schedulerDisable)
                  0000ba88    00000020                     : PowerCC26XX_tirtos.oem3 (.text:PowerCC26XX_schedulerRestore)
                  0000baa8    00000020     drivers_cc13x0.aem3 : PowerCC26XX.oem3 (.text:Power_unregisterNotify)
                  0000bac8    00000020     tags-cc1310_pem3.oem3 (.text:ti_sysbios_BIOS_rtsLock__I)
                  0000bae8    00000020     rom_sysbios.aem3 : rom_sysbios.obj (.text:ti_sysbios_family_arm_cc26xx_Timer_dynamicStub__E)
                  0000bb08    00000020                      : rom_sysbios.obj (.text:ti_sysbios_knl_Clock_stop__E)
                  0000bb28    00000020                      : rom_sysbios.obj (.text:xdc_runtime_SysStd_abort__E)
                  0000bb48    0000001e     drivers_cc13x0.aem3 : PINCC26XX.oem3 (.text:PIN_close)
                  0000bb66    0000001e                         : PowerCC26XX.oem3 (.text:Power_getTransitionLatency)
                  0000bb84    0000001c     driverlib.lib : chipinfo.obj (.text:NOROM_ChipInfo_GetChipFamily)
                  0000bba0    0000001c                   : setup_rom.obj (.text:NOROM_SetupGetTrimForAmpcompTh2)
                  0000bbbc    0000001c                   : setup_rom.obj (.text:NOROM_SetupGetTrimForRcOscLfRtuneCtuneTrim)
                  0000bbd8    0000001c     drivers_cc13x0.aem3 : PINCC26XX.oem3 (.text:PINCC26XX_setIoCfgMux)
                  0000bbf4    0000001c                         : PINCC26XX.oem3 (.text:PIN_hwi)
                  0000bc10    0000001c     rom_sysbios.aem3 : rom_sysbios.obj (.text:ti_sysbios_family_arm_m3_Hwi_clearInterrupt__E)
                  0000bc2c    0000001c                      : rom_sysbios.obj (.text:ti_sysbios_family_arm_m3_Timer_stop__E)
                  0000bc48    0000001c                      : rom_sysbios.obj (.text:ti_sysbios_knl_Swi_construct2__E)
                  0000bc64    0000001a     tags-cc1310_pem3.oem3 (.text:free)
                  0000bc7e    0000001a     rtsv7M3_T_le_eabi.lib : memccpy.obj (.text)
                  0000bc98    0000001a     rom_sysbios.aem3 : rom_sysbios_config.obj (.text:xdc_runtime_System_printf__E)
                  0000bcb2    00000002     --HOLE-- [fill = 0]
                  0000bcb4    00000018     driverlib.lib : aon_rtc.obj (.text:NOROM_AONRTCCurrentCompareValueGet)
                  0000bccc    00000018                   : chipinfo.obj (.text:NOROM_ChipInfo_GetPackageType)
                  0000bce4    00000018                   : osc.obj (.text:NOROM_OSCHF_TurnOnXosc)
                  0000bcfc    00000018                   : setup_rom.obj (.text:NOROM_SetupGetTrimForAdcShModeEn)
                  0000bd14    00000018                   : setup_rom.obj (.text:NOROM_SetupGetTrimForAdcShVbufEn)
                  0000bd2c    00000018                   : setup_rom.obj (.text:NOROM_SetupGetTrimForAmpcompTh1)
                  0000bd44    00000018                   : setup_rom.obj (.text:NOROM_SetupGetTrimForDblrLoopFilterResetVoltage)
                  0000bd5c    00000018                   : setup_rom.obj (.text:NOROM_SetupGetTrimForRcOscLfIBiasTrim)
                  0000bd74    00000018                   : setup_rom.obj (.text:NOROM_SetupGetTrimForXoscLfRegulatorAndCmirrwrRatio)
                  0000bd8c    00000018     drivers_cc13x0.aem3 : PINCC26XX.oem3 (.text:PIN_getConfig)
                  0000bda4    00000018                         : PowerCC26XX.oem3 (.text:Power_idleFunc)
                  0000bdbc    00000018                         : UARTCC26XX.oem3 (.text:UARTCC26XX_init)
                  0000bdd4    00000018                         : UART.oem3 (.text:UART_Params_init)
                  0000bdec    00000018                         : PowerCC26XX.oem3 (.text:configureRFCoreClocks)
                  0000be04    00000018     rtsv7M3_T_le_eabi.lib : args_main.obj (.text)
                  0000be1c    00000018                           : ll_mul_t2.obj (.text)
                  0000be34    00000018                           : strcmp.obj (.text)
                  0000be4c    00000018     tags-cc1310_pem3.oem3 (.text:ti_sysbios_BIOS_rtsUnlock__I)
                  0000be64    00000018     tags-cc1310_pem3.oem3 (.text:ti_sysbios_family_arm_m3_Timer_Module__startupDone__F)
                  0000be7c    00000018     rom_sysbios.aem3 : rom_sysbios.obj (.text:ti_sysbios_knl_Swi_or__E)
                  0000be94    00000018     tags-cc1310_pem3.oem3 (.text:ti_sysbios_rom_cortexm_cc13xx_CC13xx_checkRevision__E)
                  0000beac    00000018     rom_sysbios.aem3 : rom_sysbios.obj (.text:xdc_runtime_Error_init__E)
                  0000bec4    00000016     drivers_cc13x0.aem3 : List.oem3 (.text:List_remove)
                  0000beda    00000016     driverlib.lib : chipinfo.obj (.text:NOROM_ThisLibraryIsFor_CC13x0_HwRev20AndLater_HaltIfViolated)
                  0000bef0    00000016     rtsv7M3_T_le_eabi.lib : strchr.obj (.text)
                  0000bf06    00000016                           : strcpy.obj (.text)
                  0000bf1c    00000016     tags-cc1310_pem3.oem3 (.text:ti_sysbios_BIOS_exitFunc__I)
                  0000bf32    00000002     --HOLE-- [fill = 0]
                  0000bf34    00000014     driverlib.lib : aon_rtc.obj (.text:NOROM_AONRTCCurrent64BitValueGet)
                  0000bf48    00000014     drivers_cc13x0.aem3 : SPI.oem3 (.text:SPI_Params_init)
                  0000bf5c    00000014     bmi160_support.obj (.text:bmi160_delay_ms)
                  0000bf70    00000014     rtsv7M3_T_le_eabi.lib : _lock.obj (.text)
                  0000bf84    00000014                           : strlen.obj (.text)
                  0000bf98    00000014     tags-cc1310_pem3.oem3 (.text:ti_sysbios_knl_Clock_doTick__I)
                  0000bfac    00000012     drivers_cc13x0.aem3 : RingBuf.oem3 (.text:RingBuf_construct)
                  0000bfbe    00000012     dpl_cc13x0.aem3 : SemaphoreP_tirtos.oem3 (.text:SemaphoreP_pend)
                  0000bfd0    00000012     rom_sysbios.aem3 : rom_sysbios.obj (.text:ti_sysbios_hal_Timer_Module_startup__E)
                  0000bfe2    00000012     tags-cc1310_pem3.oem3 (.text:xdc_runtime_Startup_exec__I)
                  0000bff4    00000010     dpl_cc13x0.aem3 : HwiP_tirtos.oem3 (.text:HwiP_Params_init)
                  0000c004    00000010     drivers_cc13x0.aem3 : I2C.oem3 (.text:I2C_Params_init)
                  0000c014    00000010     driverlib.lib : setup_rom.obj (.text:NOROM_SetupGetTrimForXoscHfFastStart)
                  0000c024    00000010                   : setup_rom.obj (.text:NOROM_SetupGetTrimForXoscHfIbiastherm)
                  0000c034    00000010     drivers_cc13x0.aem3 : PINCC26XX.oem3 (.text:PINCC26XX_getPinCount)
                  0000c044    00000010     dpl_cc13x0.aem3 : SwiP_tirtos.oem3 (.text:SwiP_Params_init)
                  0000c054    00000010     drivers_cc13x0.aem3 : I2CCC26XX.oem3 (.text:i2cPostNotify)
                  0000c064    00000010                         : UARTCC26XX.oem3 (.text:uartPostNotify)
                  0000c074    0000000e     driverlib.lib : vims.obj (.text:NOROM_VIMSModeGet)
                  0000c082    0000000e     drivers_cc13x0.aem3 : SPICC26XXDMA.oem3 (.text:SPICC26XXDMA_init)
                  0000c090    0000000e     rtsv7M3_T_le_eabi.lib : copy_decompress_none.obj (.text:decompress:none)
                  0000c09e    0000000e     rom_sysbios.aem3 : rom_sysbios.obj (.text:ti_sysbios_family_arm_cc26xx_TimestampProvider_get32__E)
                  0000c0ac    0000000c     drivers_cc13x0.aem3 : List.oem3 (.text:List_empty)
                  0000c0b8    0000000c     driverlib.lib : cpu.obj (.text:NOROM_CPUcpsid)
                  0000c0c4    0000000c                   : cpu.obj (.text:NOROM_CPUcpsie)
                  0000c0d0    0000000c                   : osc.obj (.text:NOROM_OSC_HPOSCRelativeFrequencyOffsetToRFCoreFormatConvert)
                  0000c0dc    0000000c     drivers_cc13x0.aem3 : PINCC26XX.oem3 (.text:PIN_registerIntCb)
                  0000c0e8    0000000c                         : PowerCC26XX.oem3 (.text:Power_getConstraintMask)
                  0000c0f4    0000000c                         : PowerCC26XX.oem3 (.text:Power_getDependencyCount)
                  0000c100    0000000c     rtsv7M3_T_le_eabi.lib : copy_zero_init.obj (.text:decompress:ZI)
                  0000c10c    0000000c     drivers_cc13x0.aem3 : SPICC26XXDMA.oem3 (.text:spiPostNotify)
                  0000c118    0000000c     rom_sysbios.aem3 : rom_sysbios.obj (.text:ti_sysbios_knl_Swi_getTrigger__E)
                  0000c124    0000000c     uart.obj (.text:uartRxCallback)
                  0000c130    0000000c     uart.obj (.text:uartTxCallback)
                  0000c13c    0000000c     tags-cc1310_pem3.oem3 (.text:xdc_runtime_Startup_reset__I)
                  0000c148    0000000c     rom_sysbios.aem3 : rom_sysbios.obj (.text:xdc_runtime_Startup_rtsDone__E)
                  0000c154    0000000c                      : rom_sysbios.obj (.text:xdc_runtime_SysStd_exit__E)
                  0000c160    0000000a     drivers_cc13x0.aem3 : I2CCC26XX.oem3 (.text:I2CCC26XX_init)
                  0000c16a    0000000a                         : I2C.oem3 (.text:I2C_transfer)
                  0000c174    0000000a                         : SPI.oem3 (.text:SPI_transfer)
                  0000c17e    0000000a                         : UART.oem3 (.text:UART_read)
                  0000c188    0000000a                         : UART.oem3 (.text:UART_write)
                  0000c192    0000000a                         : UDMACC26XX.oem3 (.text:UDMACC26XX_hwiIntFxn)
                  0000c19c    00000008                         : I2CCC26XX.oem3 (.text:I2CCC26XX_blockingCallback)
                  0000c1a4    00000008                         : SPICC26XXDMA.oem3 (.text:SPICC26XXDMA_transferCallback)
                  0000c1ac    00000008                         : UARTCC26XX.oem3 (.text:readSemCallback)
                  0000c1b4    00000008     rtsv7M3_T_le_eabi.lib : s_copysign.obj (.text)
                  0000c1bc    00000008     drivers_cc13x0.aem3 : UARTCC26XX.oem3 (.text:writeSemCallback)
                  0000c1c4    00000006     dpl_cc13x0.aem3 : ClockP_tirtos.oem3 (.text:ClockP_Params_init)
                  0000c1ca    00000006     drivers_cc13x0.aem3 : I2CCC26XX.oem3 (.text:I2CCC26XX_control)
                  0000c1d0    00000006     driverlib.lib : cpu.obj (.text:NOROM_CPUdelay)
                  0000c1d6    00000006     drivers_cc13x0.aem3 : UARTCC26XX.oem3 (.text:UARTCC26XX_readPolling)
                  0000c1dc    00000006                         : UARTCC26XX.oem3 (.text:UARTCC26XX_writePolling)
                  0000c1e2    00000004     dpl_cc13x0.aem3 : PowerCC26XX_tirtos.oem3 (.text:CPUwfi)
                  0000c1e6    00000004                     : ClockP_tirtos.oem3 (.text:ClockP_destruct)
                  0000c1ea    00000004                     : ClockP_tirtos.oem3 (.text:ClockP_getCpuFreq)
                  0000c1ee    00000004                     : ClockP_tirtos.oem3 (.text:ClockP_setTimeout)
                  0000c1f2    00000004                     : ClockP_tirtos.oem3 (.text:ClockP_start)
                  0000c1f6    00000004                     : ClockP_tirtos.oem3 (.text:ClockP_stop)
                  0000c1fa    00000004                     : HwiP_tirtos.oem3 (.text:HwiP_destruct)
                  0000c1fe    00000004                     : HwiP_tirtos.oem3 (.text:HwiP_disable)
                  0000c202    00000004                     : HwiP_tirtos.oem3 (.text:HwiP_disableInterrupt)
                  0000c206    00000004                     : HwiP_tirtos.oem3 (.text:HwiP_enableInterrupt)
                  0000c20a    00000004     drivers_cc13x0.aem3 : List.oem3 (.text:List_head)
                  0000c20e    00000004                         : List.oem3 (.text:List_next)
                  0000c212    00000004     dpl_cc13x0.aem3 : SemaphoreP_tirtos.oem3 (.text:SemaphoreP_destruct)
                  0000c216    00000004                     : SemaphoreP_tirtos.oem3 (.text:SemaphoreP_post)
                  0000c21a    00000004                     : SwiP_tirtos.oem3 (.text:SwiP_destruct)
                  0000c21e    00000004                     : SwiP_tirtos.oem3 (.text:SwiP_disable)
                  0000c222    00000004                     : SwiP_tirtos.oem3 (.text:SwiP_getTrigger)
                  0000c226    00000004                     : SwiP_tirtos.oem3 (.text:SwiP_or)
                  0000c22a    00000004                     : SwiP_tirtos.oem3 (.text:SwiP_post)
                  0000c22e    00000004     drivers_cc13x0.aem3 : PowerCC26XX.oem3 (.text:nopResourceHandler)
                  0000c232    00000004     radio_setup.obj (.text:rf_patch_cpe_genfsk)
                  0000c236    00000004     rom_sysbios.aem3 : rom_sysbios.obj (.text:ti_sysbios_family_arm_cc26xx_Timer_getCount64__E)
                  0000c23a    00000004                      : rom_sysbios.obj (.text:xdc_runtime_SysStd_putch__E)
                  0000c23e    00000004                      : rom_sysbios.obj (.text:xdc_runtime_SysStd_ready__E)
                  0000c242    00000004                      : rom_sysbios.obj (.text:xdc_runtime_System_printf_va__F)
                  0000c246    00000002     --HOLE-- [fill = 0]
                  0000c248    00000008     (.tramp.ti_sysbios_knl_Swi_destruct.1)
                  0000c250    00000008     (.tramp.ti_sysbios_knl_Semaphore_destruct.1)
                  0000c258    00000008     (.tramp.ti_sysbios_family_arm_m3_Hwi_disableFxn__E.1)
                  0000c260    00000008     (.tramp.ti_sysbios_family_arm_m3_Hwi_destruct.1)
                  0000c268    00000008     (.tramp.ti_sysbios_BIOS_getCpuFreq__E.1)
                  0000c270    00000008     (.tramp.ti_sysbios_knl_Clock_destruct.1)
                  0000c278    00000008     (.tramp.xdc_runtime_Startup_startMods__I.1)
                  0000c280    00000008     (.tramp.ti_sysbios_knl_Clock_logTick__E.1)
                  0000c288    00000008     (.tramp.ti_sysbios_knl_Swi_post__E.1)
                  0000c290    00000008     (.tramp.ti_sysbios_BIOS_RtsGateProxy_leave__E.1)
                  0000c298    00000008     (.tramp.xdc_runtime_Memory_free__E.1)
                  0000c2a0    00000008     (.tramp.ti_sysbios_knl_Swi_construct.1)
                  0000c2a8    00000008     (.tramp.ti_sysbios_BIOS_RtsGateProxy_enter__E.1)
                  0000c2b0    00000008     (.tramp.ti_sysbios_knl_Task_restore__E.1)
                  0000c2b8    00000008     (.tramp.xdc_runtime_Memory_alloc__E.1)
                  0000c2c0    00000008     (.tramp.ti_sysbios_BIOS_setThreadType__E.1)
                  0000c2c8    00000008     (.tramp.ti_sysbios_knl_Task_disable__E.1)
                  0000c2d0    00000008     (.tramp.ti_sysbios_knl_Swi_disable__E.1)
                  0000c2d8    00000008     (.tramp.ti_sysbios_family_arm_m3_Hwi_disableInterrupt__E.1)
                  0000c2e0    00000008     (.tramp.ti_sysbios_knl_Task_startup__E.1)
                  0000c2e8    00000008     (.tramp.ti_sysbios_knl_Swi_startup__E.1)
                  0000c2f0    00000008     (.tramp.ti_sysbios_hal_Hwi_startup__E.1)
                  0000c2f8    00000008     (.tramp.ti_sysbios_family_arm_cc26xx_Timer_startup__E.1)
                  0000c300    00000008     (.tramp.xdc_runtime_System_atexit__E.1)
                  0000c308    00000008     (.tramp.ti_sysbios_knl_Semaphore_post__E.1)
                  0000c310    00000008     (.tramp.ti_sysbios_knl_Semaphore_pend__E.1)
                  0000c318    00000008     (.tramp.ti_sysbios_family_arm_m3_Hwi_construct.1)
                  0000c320    00000008     (.tramp.ti_sysbios_knl_Swi_Params__init__S.1)
                  0000c328    00000008     (.tramp.ti_sysbios_family_arm_m3_Hwi_Params__init__S.1)
                  0000c330    00000008     (.tramp.ti_sysbios_family_arm_m3_Hwi_enableInterrupt__E.1)
                  0000c338    00000008     (.tramp.xdc_runtime_System_exit__E.1)
                  0000c340    00000008     (.tramp.xdc_runtime_Error_raiseX__E.1)
                  0000c348    00000008     (.tramp.ti_sysbios_knl_Clock_construct.1)
                  0000c350    00000008     (.tramp.ti_sysbios_knl_Clock_Params__init__S.1)
                  0000c358    00000008     (.tramp.ti_sysbios_knl_Clock_scheduleNextTick__E.1)
                  0000c360    00000008     (.tramp.ti_sysbios_knl_Clock_walkQueueDynamic__E.1)
                  0000c368    00000008     (.tramp.ti_sysbios_knl_Clock_TimerProxy_getCurrentTick__E.1)
                  0000c370    00000008     (.tramp.ti_sysbios_BIOS_start__E.1)
                  0000c378    00000008     (.tramp.xdc_runtime_System_abort__E.1)
                  0000c380    00000008     (.tramp.ti_sysbios_knl_Semaphore_construct.1)
                  0000c388    00000008     (.tramp.ti_sysbios_knl_Clock_start__E.1)
                  0000c390    00000008     (.tramp.ti_sysbios_knl_Clock_setTimeout__E.1)
                  0000c398    00000008     (.tramp.ti_sysbios_knl_Task_construct.1)
                  0000c3a0    00000008     (.tramp.ti_sysbios_knl_Task_Params__init__S.1)
                  0000c3a8    00000008     (.tramp.ti_sysbios_knl_Semaphore_create.1)
                  0000c3b0    00000008     (.tramp.ti_sysbios_knl_Semaphore_Params__init__S.1)
                  0000c3b8    00000008     (.tramp.ti_sysbios_knl_Mailbox_create.1)
                  0000c3c0    00000008     (.tramp.ti_sysbios_knl_Swi_restore__E.1)
                  0000c3c8    00000008     (.tramp.ti_sysbios_knl_Task_sleep__E.1)
                  0000c3d0    00000008     (.tramp.ti_sysbios_knl_Mailbox_post__E.1)
                  0000c3d8    00000008     (.tramp.xdc_runtime_Timestamp_get32__E.1)
                  0000c3e0    00000008     (.tramp.ti_sysbios_knl_Mailbox_pend__E.1)
                  0000c3e8    00000008     (.tramp.xdc_runtime_Timestamp_getFreq__E.1)
                  0000c3f0    00000008     (.tramp.ti_sysbios_family_arm_m3_Hwi_restoreFxn__E.1)

.cinit     0    0000c3f8    000003b0     
                  0000c3f8    0000023d     (.cinit..data.load) [load image, compression = lzss]
                  0000c635    00000028     (.cinit..data:ti_sysbios_family_arm_m3_Hwi_Module__state__V.load) [load image, compression = lzss]
                  0000c65d    00000021     (.cinit..data:ti_sysbios_knl_Task_Module__state__V.load) [load image, compression = lzss]
                  0000c67e    0000001f     (.cinit..data:ti_sysbios_BIOS_Module__state__V.load) [load image, compression = lzss]
                  0000c69d    0000001d     (.cinit..data:ti_sysbios_knl_Clock_Module__state__V.load) [load image, compression = lzss]
                  0000c6ba    0000000e     (.cinit..data:ti_sysbios_knl_Swi_Module__state__V.load) [load image, compression = lzss]
                  0000c6c8    0000000c     (__TI_handler_table)
                  0000c6d4    0000000b     (.cinit..data:ti_sysbios_family_arm_cc26xx_Timer_Module__state__V.load) [load image, compression = lzss]
                  0000c6df    00000001     --HOLE-- [fill = 0]
                  0000c6e0    00000008     (.cinit..TI.bound:dmaSpi0RxControlTableEntry.load) [load image, compression = zero_init]
                  0000c6e8    00000008     (.cinit..TI.bound:dmaSpi0TxControlTableEntry.load) [load image, compression = zero_init]
                  0000c6f0    00000008     (.cinit..TI.bound:dmaSpi1RxControlTableEntry.load) [load image, compression = zero_init]
                  0000c6f8    00000008     (.cinit..TI.bound:dmaSpi1TxControlTableEntry.load) [load image, compression = zero_init]
                  0000c700    00000008     (.cinit..bss.load) [load image, compression = zero_init]
                  0000c708    00000008     (.cinit..data:xdc_runtime_Memory_Module__state__V.load) [load image, compression = lzss]
                  0000c710    00000007     (.cinit..data:ti_sysbios_family_arm_cc26xx_TimestampProvider_Module__state__V.load) [load image, compression = lzss]
                  0000c717    00000007     (.cinit..data:xdc_runtime_Startup_Module__state__V.load) [load image, compression = lzss]
                  0000c71e    00000007     (.cinit..data:xdc_runtime_System_Module__state__V.load) [load image, compression = lzss]
                  0000c725    00000003     --HOLE-- [fill = 0]
                  0000c728    00000080     (__TI_cinit_table)

.init_array 
*          0    00000000    00000000     UNINITIALIZED

.ccfg      0    0001ffa8    00000058     
                  0001ffa8    00000058     ccfg.obj (.ccfg:retain)

.resetVecs 
*          0    00000000    0000003c     
                  00000000    0000003c     tags-cc1310_pem3.oem3 (.resetVecs)

.const:ti_sysbios_knl_Task_Object__PARAMS__C 
*          0    00001000    0000003c     
                  00001000    0000003c     tags-cc1310_pem3.oem3 (.const:ti_sysbios_knl_Task_Object__PARAMS__C)

.const:ti_sysbios_knl_Mailbox_Object__PARAMS__C 
*          0    0000103c    00000034     
                  0000103c    00000034     tags-cc1310_pem3.oem3 (.const:ti_sysbios_knl_Mailbox_Object__PARAMS__C)

.const:ti_sysbios_family_arm_m3_Hwi_Object__PARAMS__C 
*          0    00001070    00000030     
                  00001070    00000030     tags-cc1310_pem3.oem3 (.const:ti_sysbios_family_arm_m3_Hwi_Object__PARAMS__C)

.const:ti_sysbios_hal_Hwi_Object__PARAMS__C 
*          0    000010a0    0000002c     
                  000010a0    0000002c     tags-cc1310_pem3.oem3 (.const:ti_sysbios_hal_Hwi_Object__PARAMS__C)

.const:ti_sysbios_heaps_HeapMem_Module__FXNS__C 
*          0    000010cc    00000028     
                  000010cc    00000028     tags-cc1310_pem3.oem3 (.const:ti_sysbios_heaps_HeapMem_Module__FXNS__C)

.const:ti_sysbios_knl_Swi_Object__PARAMS__C 
*          0    000010f4    00000028     
                  000010f4    00000028     tags-cc1310_pem3.oem3 (.const:ti_sysbios_knl_Swi_Object__PARAMS__C)

.const:ti_sysbios_gates_GateHwi_Module__FXNS__C 
*          0    0000111c    00000024     
                  0000111c    00000024     tags-cc1310_pem3.oem3 (.const:ti_sysbios_gates_GateHwi_Module__FXNS__C)

.const:ti_sysbios_gates_GateMutex_Module__FXNS__C 
*          0    00001140    00000024     
                  00001140    00000024     tags-cc1310_pem3.oem3 (.const:ti_sysbios_gates_GateMutex_Module__FXNS__C)

.const:ti_sysbios_heaps_HeapMem_Object__PARAMS__C 
*          0    00001164    00000024     
                  00001164    00000024     tags-cc1310_pem3.oem3 (.const:ti_sysbios_heaps_HeapMem_Object__PARAMS__C)

.const:ti_sysbios_knl_Clock_Object__PARAMS__C 
*          0    00001188    00000024     
                  00001188    00000024     tags-cc1310_pem3.oem3 (.const:ti_sysbios_knl_Clock_Object__PARAMS__C)

.const:ti_sysbios_knl_Semaphore_Object__PARAMS__C 
*          0    000011ac    00000024     
                  000011ac    00000024     tags-cc1310_pem3.oem3 (.const:ti_sysbios_knl_Semaphore_Object__PARAMS__C)

.const:ti_sysbios_family_arm_m3_Hwi_Object__DESC__C 
*          0    000011d0    00000020     
                  000011d0    00000020     tags-cc1310_pem3.oem3 (.const:ti_sysbios_family_arm_m3_Hwi_Object__DESC__C)

.const:ti_sysbios_gates_GateHwi_Object__DESC__C 
*          0    000011f0    00000020     
                  000011f0    00000020     tags-cc1310_pem3.oem3 (.const:ti_sysbios_gates_GateHwi_Object__DESC__C)

.const:ti_sysbios_gates_GateMutex_Object__DESC__C 
*          0    00001210    00000020     
                  00001210    00000020     tags-cc1310_pem3.oem3 (.const:ti_sysbios_gates_GateMutex_Object__DESC__C)

.const:ti_sysbios_hal_Hwi_Object__DESC__C 
*          0    00001230    00000020     
                  00001230    00000020     tags-cc1310_pem3.oem3 (.const:ti_sysbios_hal_Hwi_Object__DESC__C)

.const:ti_sysbios_heaps_HeapMem_Object__DESC__C 
*          0    00001250    00000020     
                  00001250    00000020     tags-cc1310_pem3.oem3 (.const:ti_sysbios_heaps_HeapMem_Object__DESC__C)

.const:ti_sysbios_knl_Clock_Object__DESC__C 
*          0    00001270    00000020     
                  00001270    00000020     tags-cc1310_pem3.oem3 (.const:ti_sysbios_knl_Clock_Object__DESC__C)

.const:ti_sysbios_knl_Mailbox_Object__DESC__C 
*          0    00001290    00000020     
                  00001290    00000020     tags-cc1310_pem3.oem3 (.const:ti_sysbios_knl_Mailbox_Object__DESC__C)

.const:ti_sysbios_knl_Queue_Object__DESC__C 
*          0    000012b0    00000020     
                  000012b0    00000020     tags-cc1310_pem3.oem3 (.const:ti_sysbios_knl_Queue_Object__DESC__C)

.const:ti_sysbios_knl_Semaphore_Object__DESC__C 
*          0    000012d0    00000020     
                  000012d0    00000020     tags-cc1310_pem3.oem3 (.const:ti_sysbios_knl_Semaphore_Object__DESC__C)

.const:ti_sysbios_knl_Swi_Object__DESC__C 
*          0    000012f0    00000020     
                  000012f0    00000020     tags-cc1310_pem3.oem3 (.const:ti_sysbios_knl_Swi_Object__DESC__C)

.const:ti_sysbios_knl_Task_Object__DESC__C 
*          0    00001310    00000020     
                  00001310    00000020     tags-cc1310_pem3.oem3 (.const:ti_sysbios_knl_Task_Object__DESC__C)

.const:ti_sysbios_gates_GateHwi_Object__PARAMS__C 
*          0    00001330    00000018     
                  00001330    00000018     tags-cc1310_pem3.oem3 (.const:ti_sysbios_gates_GateHwi_Object__PARAMS__C)

.const:ti_sysbios_gates_GateMutex_Object__PARAMS__C 
*          0    00001348    00000018     
                  00001348    00000018     tags-cc1310_pem3.oem3 (.const:ti_sysbios_gates_GateMutex_Object__PARAMS__C)

.const:ti_sysbios_knl_Queue_Object__PARAMS__C 
*          0    00001360    00000018     
                  00001360    00000018     tags-cc1310_pem3.oem3 (.const:ti_sysbios_knl_Queue_Object__PARAMS__C)

.const:ti_sysbios_knl_Idle_funcList__C 
*          0    00001378    00000008     
                  00001378    00000008     tags-cc1310_pem3.oem3 (.const:ti_sysbios_knl_Idle_funcList__C)

.const:ti_sysbios_family_arm_cc26xx_Timer_startupNeeded__C 
*          0    00001384    00000004     
                  00001384    00000004     tags-cc1310_pem3.oem3 (.const:ti_sysbios_family_arm_cc26xx_Timer_startupNeeded__C)

.const:ti_sysbios_family_arm_m3_Hwi_E_alreadyDefined__C 
*          0    00001388    00000004     
                  00001388    00000004     tags-cc1310_pem3.oem3 (.const:ti_sysbios_family_arm_m3_Hwi_E_alreadyDefined__C)

.const:ti_sysbios_family_arm_m3_Hwi_E_hwiLimitExceeded__C 
*          0    0000138c    00000004     
                  0000138c    00000004     tags-cc1310_pem3.oem3 (.const:ti_sysbios_family_arm_m3_Hwi_E_hwiLimitExceeded__C)

.const:ti_sysbios_family_arm_m3_Hwi_NUM_INTERRUPTS__C 
*          0    00001390    00000004     
                  00001390    00000004     tags-cc1310_pem3.oem3 (.const:ti_sysbios_family_arm_m3_Hwi_NUM_INTERRUPTS__C)

.const:ti_sysbios_family_arm_m3_Hwi_Object__count__C 
*          0    00001394    00000004     
                  00001394    00000004     tags-cc1310_pem3.oem3 (.const:ti_sysbios_family_arm_m3_Hwi_Object__count__C)

.const:ti_sysbios_family_arm_m3_Hwi_Object__table__C 
*          0    00001398    00000004     
                  00001398    00000004     tags-cc1310_pem3.oem3 (.const:ti_sysbios_family_arm_m3_Hwi_Object__table__C)

.const:ti_sysbios_family_arm_m3_Hwi_ccr__C 
*          0    0000139c    00000004     
                  0000139c    00000004     tags-cc1310_pem3.oem3 (.const:ti_sysbios_family_arm_m3_Hwi_ccr__C)

.const:ti_sysbios_family_arm_m3_Hwi_excHandlerFunc__C 
*          0    000013a0    00000004     
                  000013a0    00000004     tags-cc1310_pem3.oem3 (.const:ti_sysbios_family_arm_m3_Hwi_excHandlerFunc__C)

.const:ti_sysbios_family_arm_m3_Hwi_nullIsrFunc__C 
*          0    000013a4    00000004     
                  000013a4    00000004     tags-cc1310_pem3.oem3 (.const:ti_sysbios_family_arm_m3_Hwi_nullIsrFunc__C)

.const:ti_sysbios_family_arm_m3_Hwi_numSparseInterrupts__C 
*          0    000013a8    00000004     
                  000013a8    00000004     tags-cc1310_pem3.oem3 (.const:ti_sysbios_family_arm_m3_Hwi_numSparseInterrupts__C)

.const:ti_sysbios_family_arm_m3_Hwi_priGroup__C 
*          0    000013ac    00000004     
                  000013ac    00000004     tags-cc1310_pem3.oem3 (.const:ti_sysbios_family_arm_m3_Hwi_priGroup__C)

.const:ti_sysbios_family_arm_m3_TaskSupport_stackAlignment__C 
*          0    000013b0    00000004     
                  000013b0    00000004     tags-cc1310_pem3.oem3 (.const:ti_sysbios_family_arm_m3_TaskSupport_stackAlignment__C)

.const:ti_sysbios_heaps_HeapMem_E_memory__C 
*          0    000013b4    00000004     
                  000013b4    00000004     tags-cc1310_pem3.oem3 (.const:ti_sysbios_heaps_HeapMem_E_memory__C)

.const:ti_sysbios_heaps_HeapMem_Module__gateObj__C 
*          0    000013b8    00000004     
                  000013b8    00000004     tags-cc1310_pem3.oem3 (.const:ti_sysbios_heaps_HeapMem_Module__gateObj__C)

.const:ti_sysbios_heaps_HeapMem_Object__count__C 
*          0    000013bc    00000004     
                  000013bc    00000004     tags-cc1310_pem3.oem3 (.const:ti_sysbios_heaps_HeapMem_Object__count__C)

.const:ti_sysbios_heaps_HeapMem_Object__table__C 
*          0    000013c0    00000004     
                  000013c0    00000004     tags-cc1310_pem3.oem3 (.const:ti_sysbios_heaps_HeapMem_Object__table__C)

.const:ti_sysbios_heaps_HeapMem_reqAlign__C 
*          0    000013c4    00000004     
                  000013c4    00000004     tags-cc1310_pem3.oem3 (.const:ti_sysbios_heaps_HeapMem_reqAlign__C)

.const:ti_sysbios_knl_Clock_serviceMargin__C 
*          0    000013c8    00000004     
                  000013c8    00000004     tags-cc1310_pem3.oem3 (.const:ti_sysbios_knl_Clock_serviceMargin__C)

.const:ti_sysbios_knl_Mailbox_Object__count__C 
*          0    000013cc    00000004     
                  000013cc    00000004     tags-cc1310_pem3.oem3 (.const:ti_sysbios_knl_Mailbox_Object__count__C)

.const:ti_sysbios_knl_Mailbox_Object__table__C 
*          0    000013d0    00000004     
                  000013d0    00000004     tags-cc1310_pem3.oem3 (.const:ti_sysbios_knl_Mailbox_Object__table__C)

.const:ti_sysbios_knl_Mailbox_maxTypeAlign__C 
*          0    000013d4    00000004     
                  000013d4    00000004     tags-cc1310_pem3.oem3 (.const:ti_sysbios_knl_Mailbox_maxTypeAlign__C)

.const:ti_sysbios_knl_Queue_Object__count__C 
*          0    000013d8    00000004     
                  000013d8    00000004     tags-cc1310_pem3.oem3 (.const:ti_sysbios_knl_Queue_Object__count__C)

.const:ti_sysbios_knl_Queue_Object__table__C 
*          0    000013dc    00000004     
                  000013dc    00000004     tags-cc1310_pem3.oem3 (.const:ti_sysbios_knl_Queue_Object__table__C)

.const:ti_sysbios_knl_Swi_Object__count__C 
*          0    000013e0    00000004     
                  000013e0    00000004     tags-cc1310_pem3.oem3 (.const:ti_sysbios_knl_Swi_Object__count__C)

.const:ti_sysbios_knl_Swi_Object__table__C 
*          0    000013e4    00000004     
                  000013e4    00000004     tags-cc1310_pem3.oem3 (.const:ti_sysbios_knl_Swi_Object__table__C)

.const:ti_sysbios_knl_Swi_numPriorities__C 
*          0    000013e8    00000004     
                  000013e8    00000004     tags-cc1310_pem3.oem3 (.const:ti_sysbios_knl_Swi_numPriorities__C)

.const:ti_sysbios_knl_Task_Object__count__C 
*          0    000013ec    00000004     
                  000013ec    00000004     tags-cc1310_pem3.oem3 (.const:ti_sysbios_knl_Task_Object__count__C)

.const:ti_sysbios_knl_Task_Object__table__C 
*          0    000013f0    00000004     
                  000013f0    00000004     tags-cc1310_pem3.oem3 (.const:ti_sysbios_knl_Task_Object__table__C)

.const:ti_sysbios_knl_Task_allBlockedFunc__C 
*          0    000013f4    00000004     
                  000013f4    00000004     tags-cc1310_pem3.oem3 (.const:ti_sysbios_knl_Task_allBlockedFunc__C)

[...]
1001c239  ti_sysbios_knl_Swi_startup__E                                             
1001c23f  ti_sysbios_knl_Task_enable__E                                             
1001c245  ti_sysbios_BIOS_RtsGateProxy_enter__E                                     
1001c249  ti_sysbios_BIOS_RtsGateProxy_leave__E                                     
1001c24d  ti_sysbios_family_arm_cc26xx_Timer_getExpiredTicks__E                     
1001c251  ti_sysbios_family_arm_cc26xx_Timer_getPeriod__E                           
1001c255  ti_sysbios_family_arm_cc26xx_Timer_setPeriod__E                           
1001c259  ti_sysbios_family_arm_m3_Hwi_delete                                       
1001c25d  ti_sysbios_family_arm_m3_Hwi_destruct                                     
1001c261  ti_sysbios_family_arm_m3_TaskSupport_Module__startupDone__S               
1001c261  ti_sysbios_knl_Task_SupportProxy_Module__startupDone__S__mangled__        
1001c265  ti_sysbios_gates_GateHwi_query__E                                         
1001c265  xdc_runtime_Main_Module_GateProxy_query__E                                
1001c265  xdc_runtime_System_Module_GateProxy_query__E                              
1001c265  xdc_runtime_System_Module_GateProxy_query__E__mangled__                   
1001c269  ti_sysbios_gates_GateMutex_delete                                         
1001c26d  ti_sysbios_gates_GateMutex_destruct                                       
1001c271  ti_sysbios_BIOS_RtsGateProxy_query__E                                     
1001c271  ti_sysbios_BIOS_RtsGateProxy_query__E__mangled__                          
1001c271  ti_sysbios_gates_GateMutex_query__E                                       
1001c271  ti_sysbios_heaps_HeapMem_Module_GateProxy_query__E                        
1001c271  ti_sysbios_heaps_HeapMem_Module_GateProxy_query__E__mangled__             
1001c275  ti_sysbios_hal_Hwi_HwiProxy_Module__startupDone__S                        
1001c279  ti_sysbios_hal_Hwi_HwiProxy_delete                                        
1001c27d  ti_sysbios_hal_Hwi_HwiProxy_disableInterrupt__E                           
1001c27d  ti_sysbios_hal_Hwi_disableInterrupt__E                                    
1001c27d  ti_sysbios_hal_Hwi_disableInterrupt__E                                    
1001c281  ti_sysbios_hal_Hwi_HwiProxy_enableInterrupt__E                            
1001c281  ti_sysbios_hal_Hwi_enableInterrupt__E                                     
1001c281  ti_sysbios_hal_Hwi_enableInterrupt__E                                     
1001c285  ti_sysbios_hal_Hwi_HwiProxy_getStackInfo__E                               
1001c285  ti_sysbios_hal_Hwi_getStackInfo__E                                        
1001c285  ti_sysbios_hal_Hwi_getStackInfo__E                                        
1001c289  ti_sysbios_hal_Hwi_HwiProxy_startup__E                                    
1001c289  ti_sysbios_hal_Hwi_startup__E                                             
1001c289  ti_sysbios_hal_Hwi_startup__E                                             
1001c28d  ti_sysbios_hal_Hwi_HwiProxy_switchFromBootStack__E                        
1001c291  ti_sysbios_hal_Hwi_delete                                                 
1001c295  ti_sysbios_hal_Hwi_switchFromBootStack__E                                 
1001c295  ti_sysbios_hal_Hwi_switchFromBootStack__E                                 
1001c299  ti_sysbios_heaps_HeapMem_Module_GateProxy_enter__E                        
1001c29d  ti_sysbios_heaps_HeapMem_Module_GateProxy_leave__E                        
1001c2a1  ti_sysbios_heaps_HeapMem_isBlocking__E                                    
1001c2a5  ti_sysbios_knl_Clock_TimerProxy_Module__startupDone__S                    
1001c2a9  ti_sysbios_knl_Clock_TimerProxy_getExpiredTicks__E                        
1001c2ad  ti_sysbios_knl_Clock_TimerProxy_getPeriod__E                              
1001c2b1  ti_sysbios_knl_Clock_delete                                               
1001c2b5  ti_sysbios_knl_Clock_destruct                                             
1001c2b9  ti_sysbios_knl_Clock_removeI__E                                           
1001c2bd  ti_sysbios_knl_Clock_setTimeout__E                                        
1001c2c1  ti_sysbios_knl_Mailbox_delete                                             
1001c2c5  ti_sysbios_knl_Mailbox_destruct                                           
1001c2c9  ti_sysbios_knl_Queue_delete                                               
1001c2cd  ti_sysbios_knl_Queue_destruct                                             
1001c2d1  ti_sysbios_knl_Queue_head__E                                              
1001c2d5  ti_sysbios_knl_Queue_next__E                                              
1001c2d9  ti_sysbios_knl_Semaphore_delete                                           
1001c2dd  ti_sysbios_knl_Semaphore_destruct                                         
1001c2e1  ti_sysbios_knl_Swi_delete                                                 
1001c2e5  ti_sysbios_knl_Swi_destruct                                               
1001c2e9  ti_sysbios_knl_Swi_postInit__I                                            
1001c2ed  ti_sysbios_knl_Task_SupportProxy_Module__startupDone__S                   
1001c2f1  ti_sysbios_knl_Task_SupportProxy_getStackAlignment__E                     
1001c2f5  ti_sysbios_knl_Task_SupportProxy_start__E                                 
1001c2f9  ti_sysbios_knl_Task_SupportProxy_swap__E                                  
1001c2fd  ti_sysbios_knl_Task_delete                                                
1001c301  ti_sysbios_knl_Task_destruct                                              
1001c305  ti_sysbios_knl_Task_startup__E                                            
1001c309  xdc_runtime_Startup_startMods__I                                          
1001c401  xdc_runtime_Core_createObject__I                                          
1001c483  xdc_runtime_Error_policySpin__E                                           
1001c485  xdc_runtime_Memory_alloc__E                                               
1001c4f5  xdc_runtime_Core_deleteObject__I                                          
1001c555  xdc_runtime_Startup_exec__E                                               
1001c5a5  xdc_runtime_Assert_raise__I                                               
1001c5ed  xdc_runtime_Core_assignParams__I                                          
1001c635  xdc_runtime_Core_constructObject__I                                       
1001c67d  xdc_runtime_System_atexit__E                                              
1001c6b5  xdc_runtime_System_processAtExit__E                                       
1001c6e9  xdc_runtime_Core_assignLabel__I                                           
1001c719  xdc_runtime_Text_cordText__E                                              
1001c745  xdc_runtime_System_abort__E                                               
1001c765  xdc_runtime_Error_raiseX__E                                               
1001c781  xdc_runtime_Memory_valloc__E                                              
1001c79d  xdc_runtime_Core_destructObject__I                                        
1001c7b5  xdc_runtime_Error_check__E                                                
1001c7cd  xdc_runtime_System_exit__E                                                
1001c7e5  xdc_runtime_Text_ropeText__E                                              
1001c7fd  xdc_runtime_Memory_free__E                                                
1001c80d  xdc_runtime_SysCallback_abort__E                                          
1001c81d  xdc_runtime_SysCallback_exit__E                                           
1001c82d  xdc_runtime_Timestamp_SupportProxy_get32__E                               
1001c82d  xdc_runtime_Timestamp_get32__E                                            
1001c82d  xdc_runtime_Timestamp_get32__E                                            
1001c849  xdc_runtime_Memory_calloc__E                                              
1001c855  xdc_runtime_Memory_getMaxDefaultTypeAlign__E                              
1001c875  xdc_runtime_Gate_leaveSystem__E                                           
1001c87b  xdc_runtime_System_Module_startup__E                                      
1001c881  xdc_runtime_Gate_enterSystem__E                                           
1001c885  xdc_runtime_Memory_HeapProxy_alloc__E                                     
1001c889  xdc_runtime_Memory_HeapProxy_free__E                                      
1001c88d  xdc_runtime_System_Module_GateProxy_enter__E                              
1001c891  xdc_runtime_System_Module_GateProxy_leave__E                              
1001c895  xdc_runtime_System_abortSpin__E                                           
1001c897  xdc_runtime_System_exitSpin__E                                            
1001c899  ti_sysbios_family_arm_m3_Hwi_dispatch__I                                  
1001c969  ti_sysbios_family_arm_m3_TaskSupport_buildTaskStack                       
1001c9b5  ti_sysbios_family_arm_m3_Hwi_initStacks__E                                
1001c9fd  ti_sysbios_family_arm_m3_Hwi_excHandlerAsm__I                             
1001ca1d  ti_sysbios_family_xxx_Hwi_switchAndRunFunc                                
1001ca3b  ti_sysbios_family_arm_m3_Hwi_pendSV__I                                    
1001ca53  ti_sysbios_family_arm_m3_Hwi_return                                       
1001ca55  ti_sysbios_family_arm_m3_TaskSupport_glue                                 
1001ca65  ti_sysbios_family_arm_m3_TaskSupport_swap__E                              
1001ca65  ti_sysbios_knl_Task_SupportProxy_swap__E__mangled__                       
1001ca6d  ti_sysbios_knl_Task_swapReturn                                            
1001ca97  ti_sysbios_rom_cortexm_cc13xx_CC13xx_getRevision__E                       
20000000  ti_sysbios_family_arm_m3_Hwi_ramVectors                                   
20000100  ti_sysbios_knl_Task_Module__state__V                                      
20000144  ti_sysbios_family_arm_m3_Hwi_Module__state__V                             
20000178  ti_sysbios_knl_Clock_Module__state__V                                     
200001a4  ti_sysbios_BIOS_Module__state__V                                          
200001c8  ti_sysbios_knl_Swi_Module__state__V                                       
200001e4  ti_sysbios_family_arm_cc26xx_Timer_Module__state__V                       
200001ec  ti_sysbios_family_arm_cc26xx_TimestampProvider_Module__state__V           
200001f0  xdc_runtime_Startup_Module__state__V                                      
200001f8  xdc_runtime_System_Module__state__V                                       
20000200  xdc_runtime_Memory_Module__state__V                                       
20000520  buffers                                                                   
20001120  ti_sysbios_heaps_HeapMem_Instance_State_0_buf__A                          
20001d20  accel_fifo                                                                
2000208c  gyro_fifo                                                                 
200023f8  mag_fifo                                                                  
20002768  ti_sysbios_knl_Task_Instance_State_0_stack__A                             
20002d68  spiCC26XXDMAObjects                                                       
20002f20  uartCC26XXObjects                                                         
2000304c  __CIOBUF_                                                                 
2000316c  spiRxBuffer                                                               
20003274  spiTxBuffer                                                               
2000337c  i2cCC26xxObjects                                                          
2000345c  ti_sysbios_family_arm_m3_Hwi_dispatchTable                                
20003524  __TI_tmpnams                                                              
20003664  testTask                                                                  
20003788  rxBuffer                                                                  
200037a8  uartCC26XXRingBuffer                                                      
200037c8  udmaObjects                                                               
200037e8  i2cTransaction                                                            
20003804  packetReceivedSemaphoreStruct                                             
20003834  s_bmi160                                                                  
20003848  spiTransaction                                                            
2000387b  driverlib_release_0_49471                                                 
20003888  txBuffer                                                                  
20003894  PowerCC26XX_taskKey                                                       
20003898  PowerCC26XX_swiKey                                                        
200038a4  dataQueue                                                                 
200038ac  parmbuf                                                                   
200038b4  accelxyz                                                                  
200038ba  gyroxyz                                                                   
200038c0  ClockP_tickPeriod                                                         
200038c4  freeMailbox                                                               
200038c8  i2c                                                                       
200038cc  incomingBuffer                                                            
200038d0  packetReceivedSemaphore                                                   
200038d4  readEntry                                                                 
200038d8  readyBuffer                                                               
200038dc  spiHandle                                                                 
200038e0  uartRxMailbox                                                             
200038e4  uartTxMailbox                                                             
200038e8  v_fifo_data_u8                                                            
20003ce8  pinUpperBound                                                             
20003cec  pinLowerBound                                                             
20003d80  pinHandleTable                                                            
20003dfc  PowerCC26XX_module                                                        
20003f10  _ftable                                                                   
20004000  radio_cmd_prop_div_setup                                                  
200040a0  radio_cmd_prop_rx                                                         
20004130  radio_cmd_prop_tx_adv                                                     
200041b0  _device                                                                   
20004228  radio_cmd_fs                                                              
20004288  radio_cmd_prop_tx                                                         
200042e8  ti_sysbios_knl_Task_Module_State_0_readyQ__A                              
200043a0  _stream                                                                   
200043f0  ti_sysbios_knl_Task_Object__table__V                                      
2000443c  errno                                                                     
20004440  ti_sysbios_family_arm_cc26xx_Timer_Object__table__V                       
20004488  radio_mode                                                                
200044c8  ti_sysbios_gates_GateMutex_Object__table__V                               
20004500  ti_sysbios_knl_Swi_Module_State_0_readyQ__A                               
20004530  ti_sysbios_knl_Swi_Object__table__V                                       
20004560  ti_sysbios_knl_Clock_Object__table__V                                     
20004580  xdc_runtime_Error_IgnoreBlock                                             
200045a0  ti_sysbios_family_arm_m3_Hwi_Object__table__V                             
200045b8  ti_sysbios_heaps_HeapMem_Object__table__V                                 
200045d0  __TI_ft_end                                                               
200045d4  __aeabi_stdin                                                             
200045d8  __aeabi_stdout                                                            
200045dc  __aeabi_stderr                                                            
200045e0  __TI_cleanup_ptr                                                          
200045e4  __TI_dtors_ptr                                                            
200045e8  __TI_enable_exit_profile_output                                           
200045ec  ti_sysbios_family_arm_m3_Timer_Module__state__V                           
200045f8  _lock                                                                     
200045fc  _unlock                                                                   
20004608  V_bmm150_maual_auto_condition_u8                                          
2000460c  V_fifo_time_U32                                                           
20004610  ti_sysbios_family_arm_m3_Hwi_Module__root__V                              
20004618  ti_sysbios_gates_GateHwi_Module__root__V                                  
20004620  ti_sysbios_gates_GateMutex_Module__root__V                                
20004628  ti_sysbios_hal_Hwi_Module__root__V                                        
20004630  ti_sysbios_heaps_HeapMem_Module__root__V                                  
20004638  ti_sysbios_knl_Clock_Module__root__V                                      
20004640  ti_sysbios_knl_Mailbox_Module__root__V                                    
20004648  ti_sysbios_knl_Queue_Module__root__V                                      
20004650  ti_sysbios_knl_Semaphore_Module__root__V                                  
20004658  ti_sysbios_knl_Swi_Module__root__V                                        
20004660  ti_sysbios_knl_Task_Module__root__V                                       
20004668  factor                                                                    
2000466c  gRange                                                                    
2000466e  ti_sysbios_family_arm_m3_Hwi_Module_State_0_excActive__A                  
20004678  main_func_sp                                                              
20004680  ti_sysbios_family_arm_m3_Hwi_Module_State_0_excContext__A                 
20004684  ti_sysbios_family_arm_m3_Hwi_Module_State_0_excStack__A                   
20004688  ti_sysbios_knl_Task_Module_State_0_idleTask__A                            
20004d00  __stack                                                                   
20005000  __STACK_END                                                               
20005000  __STACK_TOP                                                               
e000e000  ti_sysbios_family_arm_m3_Hwi_nvic                                         
ffffffff  __TI_pprof_out_hndl                                                       
ffffffff  __TI_prof_data_size                                                       
ffffffff  __TI_prof_data_start                                                      
ffffffff  __binit__                                                                 
ffffffff  __c_args__                                                                
ffffffff  binit                                                                     
UNDEFED   SHT$$INIT_ARRAY$$Base                                                     
UNDEFED   SHT$$INIT_ARRAY$$Limit                                                    

[1020 symbols]
