******************************************************************************
                  TI ARM Linker PC v15.12.7                    
******************************************************************************
>> Linked Tue Feb 27 11:22:44 2018

OUTPUT FILE NAME:   <tag-cc1310-launchpad.out>
ENTRY POINT SYMBOL: "ResetISR"  address: 00008941


MEMORY CONFIGURATION

         name            origin    length      used     unused   attr    fill
----------------------  --------  ---------  --------  --------  ----  --------
  FLASH_APPL            00000000   0001e000  0000af68  00013098  R  X
  FLASH_DATA            0001e000   00001000  00000000  00001000  R  X
  FLASH_CCFG            0001f000   00001000  00000058  00000fa8  R  X
  SRAM                  20000000   00005000  00003f47  000010b9  RW X


SEGMENT ALLOCATION MAP

run origin  load origin   length   init length attrs members
----------  ----------- ---------- ----------- ----- -------
00000000    00000000    0000062c   0000062c    r--
  00000000    00000000    0000003c   0000003c    r-- .resetVecs
  00000040    00000040    000005ec   000005ec    r-- .cinit
00001000    00001000    0000a94c   0000a94c    r-x
  00001000    00001000    0000003c   0000003c    r-- .const:ti_sysbios_knl_Task_Object__PARAMS__C
  0000103c    0000103c    00000034   00000034    r-- .const:ti_sysbios_knl_Mailbox_Object__PARAMS__C
  00001070    00001070    00000030   00000030    r-- .const:ti_sysbios_family_arm_m3_Hwi_Object__PARAMS__C
  000010a0    000010a0    0000002c   0000002c    r-- .const:ti_sysbios_hal_Hwi_Object__PARAMS__C
  000010cc    000010cc    00000028   00000028    r-- .const:ti_sysbios_heaps_HeapMem_Module__FXNS__C
  000010f4    000010f4    00000028   00000028    r-- .const:ti_sysbios_knl_Swi_Object__PARAMS__C
  0000111c    0000111c    00000024   00000024    r-- .const:ti_sysbios_gates_GateHwi_Module__FXNS__C
  00001140    00001140    00000024   00000024    r-- .const:ti_sysbios_gates_GateMutex_Module__FXNS__C
  00001164    00001164    00000024   00000024    r-- .const:ti_sysbios_heaps_HeapMem_Object__PARAMS__C
  00001188    00001188    00000024   00000024    r-- .const:ti_sysbios_knl_Clock_Object__PARAMS__C
  000011ac    000011ac    00000024   00000024    r-- .const:ti_sysbios_knl_Semaphore_Object__PARAMS__C
  000011d0    000011d0    00000020   00000020    r-- .const:ti_sysbios_family_arm_m3_Hwi_Object__DESC__C
  000011f0    000011f0    00000020   00000020    r-- .const:ti_sysbios_gates_GateHwi_Object__DESC__C
  00001210    00001210    00000020   00000020    r-- .const:ti_sysbios_gates_GateMutex_Object__DESC__C
  00001230    00001230    00000020   00000020    r-- .const:ti_sysbios_hal_Hwi_Object__DESC__C
  00001250    00001250    00000020   00000020    r-- .const:ti_sysbios_heaps_HeapMem_Object__DESC__C
  00001270    00001270    00000020   00000020    r-- .const:ti_sysbios_knl_Clock_Object__DESC__C
  00001290    00001290    00000020   00000020    r-- .const:ti_sysbios_knl_Mailbox_Object__DESC__C
  000012b0    000012b0    00000020   00000020    r-- .const:ti_sysbios_knl_Queue_Object__DESC__C
  000012d0    000012d0    00000020   00000020    r-- .const:ti_sysbios_knl_Semaphore_Object__DESC__C
  000012f0    000012f0    00000020   00000020    r-- .const:ti_sysbios_knl_Swi_Object__DESC__C
  00001310    00001310    00000020   00000020    r-- .const:ti_sysbios_knl_Task_Object__DESC__C
  00001330    00001330    00000018   00000018    r-- .const:ti_sysbios_gates_GateHwi_Object__PARAMS__C
  00001348    00001348    00000018   00000018    r-- .const:ti_sysbios_gates_GateMutex_Object__PARAMS__C
  00001360    00001360    00000018   00000018    r-- .const:ti_sysbios_knl_Queue_Object__PARAMS__C
  00001378    00001378    00000008   00000008    r-- .const:ti_sysbios_knl_Idle_funcList__C
  00001384    00001384    00000004   00000004    r-- .const:ti_sysbios_family_arm_cc26xx_Timer_startupNeeded__C
  00001388    00001388    00000004   00000004    r-- .const:ti_sysbios_family_arm_m3_Hwi_E_alreadyDefined__C
  0000138c    0000138c    00000004   00000004    r-- .const:ti_sysbios_family_arm_m3_Hwi_E_hwiLimitExceeded__C
  00001390    00001390    00000004   00000004    r-- .const:ti_sysbios_family_arm_m3_Hwi_NUM_INTERRUPTS__C
  00001394    00001394    00000004   00000004    r-- .const:ti_sysbios_family_arm_m3_Hwi_Object__count__C
  00001398    00001398    00000004   00000004    r-- .const:ti_sysbios_family_arm_m3_Hwi_Object__table__C
  0000139c    0000139c    00000004   00000004    r-- .const:ti_sysbios_family_arm_m3_Hwi_ccr__C
  000013a0    000013a0    00000004   00000004    r-- .const:ti_sysbios_family_arm_m3_Hwi_excHandlerFunc__C
  000013a4    000013a4    00000004   00000004    r-- .const:ti_sysbios_family_arm_m3_Hwi_nullIsrFunc__C
  000013a8    000013a8    00000004   00000004    r-- .const:ti_sysbios_family_arm_m3_Hwi_numSparseInterrupts__C
  000013ac    000013ac    00000004   00000004    r-- .const:ti_sysbios_family_arm_m3_Hwi_priGroup__C
  000013b0    000013b0    00000004   00000004    r-- .const:ti_sysbios_family_arm_m3_TaskSupport_stackAlignment__C
  000013b4    000013b4    00000004   00000004    r-- .const:ti_sysbios_heaps_HeapMem_E_memory__C
  000013b8    000013b8    00000004   00000004    r-- .const:ti_sysbios_heaps_HeapMem_Module__gateObj__C
  000013bc    000013bc    00000004   00000004    r-- .const:ti_sysbios_heaps_HeapMem_Object__count__C
  000013c0    000013c0    00000004   00000004    r-- .const:ti_sysbios_heaps_HeapMem_Object__table__C
  000013c4    000013c4    00000004   00000004    r-- .const:ti_sysbios_heaps_HeapMem_reqAlign__C
  000013c8    000013c8    00000004   00000004    r-- .const:ti_sysbios_knl_Clock_serviceMargin__C
  000013cc    000013cc    00000004   00000004    r-- .const:ti_sysbios_knl_Mailbox_Object__count__C
  000013d0    000013d0    00000004   00000004    r-- .const:ti_sysbios_knl_Mailbox_Object__table__C
  000013d4    000013d4    00000004   00000004    r-- .const:ti_sysbios_knl_Mailbox_maxTypeAlign__C
  000013d8    000013d8    00000004   00000004    r-- .const:ti_sysbios_knl_Queue_Object__count__C
  000013dc    000013dc    00000004   00000004    r-- .const:ti_sysbios_knl_Queue_Object__table__C
  000013e0    000013e0    00000004   00000004    r-- .const:ti_sysbios_knl_Swi_Object__count__C
  000013e4    000013e4    00000004   00000004    r-- .const:ti_sysbios_knl_Swi_Object__table__C
  000013e8    000013e8    00000004   00000004    r-- .const:ti_sysbios_knl_Swi_numPriorities__C
  000013ec    000013ec    00000004   00000004    r-- .const:ti_sysbios_knl_Task_Object__count__C
  000013f0    000013f0    00000004   00000004    r-- .const:ti_sysbios_knl_Task_Object__table__C
  000013f4    000013f4    00000004   00000004    r-- .const:ti_sysbios_knl_Task_allBlockedFunc__C
  000013f8    000013f8    00000004   00000004    r-- .const:ti_sysbios_knl_Task_defaultStackHeap__C
  000013fc    000013fc    00000004   00000004    r-- .const:ti_sysbios_knl_Task_defaultStackSize__C
  00001400    00001400    00000004   00000004    r-- .const:ti_sysbios_knl_Task_numConstructedTasks__C
  00001406    00001406    00000002   00000002    r-- .const:ti_sysbios_family_arm_cc26xx_Timer_Module__id__C
  00001408    00001408    00000002   00000002    r-- .const:ti_sysbios_family_arm_cc26xx_TimestampProvider_useClockTimer__C
  0000140a    0000140a    00000002   00000002    r-- .const:ti_sysbios_family_arm_m3_Hwi_Module__id__C
  0000140c    0000140c    00000002   00000002    r-- .const:ti_sysbios_gates_GateHwi_Module__id__C
  0000140e    0000140e    00000002   00000002    r-- .const:ti_sysbios_gates_GateMutex_Module__id__C
  00001410    00001410    00000002   00000002    r-- .const:ti_sysbios_heaps_HeapMem_Module__id__C
  00001412    00001412    00000002   00000002    r-- .const:ti_sysbios_knl_Task_initStackFlag__C
  00001414    00001414    00000001   00000001    r-- .const:ti_sysbios_knl_Clock_tickMode__C
  00001418    00001418    00000008   00000008    r-- .const:xdc_runtime_Startup_firstFxns__C
  00001420    00001420    00000008   00000008    r-- .const:xdc_runtime_Startup_lastFxns__C
  00001428    00001428    00000004   00000004    r-- .const:xdc_runtime_Assert_E_assertFailed__C
  0000142c    0000142c    00000004   00000004    r-- .const:xdc_runtime_Error_E_memory__C
  00001430    00001430    00000004   00000004    r-- .const:xdc_runtime_Error_policyFxn__C
  00001434    00001434    00000004   00000004    r-- .const:xdc_runtime_IGateProvider_Interface__BASE__C
  00001438    00001438    00000004   00000004    r-- .const:xdc_runtime_IHeap_Interface__BASE__C
  0000143c    0000143c    00000004   00000004    r-- .const:xdc_runtime_IModule_Interface__BASE__C
  00001440    00001440    00000004   00000004    r-- .const:xdc_runtime_Main_Module__diagsEnabled__C
  00001444    00001444    00000004   00000004    r-- .const:xdc_runtime_Main_Module__diagsIncluded__C
  00001448    00001448    00000004   00000004    r-- .const:xdc_runtime_Main_Module__diagsMask__C
  0000144c    0000144c    00000004   00000004    r-- .const:xdc_runtime_Memory_defaultHeapInstance__C
  00001450    00001450    00000004   00000004    r-- .const:xdc_runtime_Startup_execImpl__C
  00001454    00001454    00000004   00000004    r-- .const:xdc_runtime_Startup_maxPasses__C
  00001458    00001458    00000004   00000004    r-- .const:xdc_runtime_Startup_sfxnRts__C
  0000145c    0000145c    00000004   00000004    r-- .const:xdc_runtime_Startup_sfxnTab__C
  00001460    00001460    00000004   00000004    r-- .const:xdc_runtime_Startup_startModsFxn__C
  00001464    00001464    00000004   00000004    r-- .const:xdc_runtime_SysCallback_abortFxn__C
  00001468    00001468    00000004   00000004    r-- .const:xdc_runtime_SysCallback_exitFxn__C
  0000146c    0000146c    00000004   00000004    r-- .const:xdc_runtime_System_abortFxn__C
  00001470    00001470    00000004   00000004    r-- .const:xdc_runtime_System_exitFxn__C
  00001474    00001474    00000004   00000004    r-- .const:xdc_runtime_System_maxAtexitHandlers__C
  00001478    00001478    00000004   00000004    r-- .const:xdc_runtime_Text_charTab__C
  0000147c    0000147c    00000004   00000004    r-- .const:xdc_runtime_Text_nameEmpty__C
  00001480    00001480    00000004   00000004    r-- .const:xdc_runtime_Text_nameStatic__C
  00001484    00001484    00000004   00000004    r-- .const:xdc_runtime_Text_nameUnknown__C
  00001488    00001488    00000002   00000002    r-- .const:xdc_runtime_Main_Module__id__C
  0000148a    0000148a    00000002   00000002    r-- .const:xdc_runtime_Memory_Module__id__C
  0000148c    0000148c    00000002   00000002    r-- .const:xdc_runtime_Text_charCnt__C
  0000148e    0000148e    00000002   00000002    r-- .const:xdc_runtime_Text_isLoaded__C
  00001490    00001490    00000001   00000001    r-- .const:xdc_runtime_Error_policy__C
  00001494    00001494    00000004   00000004    r-- .const:ti_sysbios_rom_ROM_AONRTCChannelEnable
  00001498    00001498    00000004   00000004    r-- .const:ti_sysbios_rom_ROM_AONRTCCompareValueSet
  0000149c    0000149c    00000004   00000004    r-- .const:ti_sysbios_rom_ROM_AONRTCCurrentCompareValueGet
  000014a0    000014a0    00000004   00000004    r-- .const:ti_sysbios_rom_ROM_AONRTCEventClear
  000014a4    000014a4    00000004   00000004    r-- .const:ti_sysbios_rom_ROM_ti_sysbios_family_arm_cc26xx_Timer_getCount64__E
  000014a8    000014a8    00000004   00000004    r-- .const:ti_sysbios_rom_ROM_ti_sysbios_family_arm_cc26xx_Timer_getCurrentTick__E
  000014ac    000014ac    00000004   00000004    r-- .const:ti_sysbios_rom_ROM_ti_sysbios_family_arm_cc26xx_Timer_getMaxTicks__E
  000014b0    000014b0    00000004   00000004    r-- .const:ti_sysbios_rom_ROM_ti_sysbios_family_arm_cc26xx_Timer_initDevice__I
  000014b4    000014b4    00000004   00000004    r-- .const:ti_sysbios_rom_ROM_ti_sysbios_family_arm_cc26xx_Timer_setNextTick__E
  000014b8    000014b8    00000004   00000004    r-- .const:ti_sysbios_rom_ROM_ti_sysbios_family_arm_cc26xx_Timer_setThreshold__I
  000014bc    000014bc    00000004   00000004    r-- .const:ti_sysbios_rom_ROM_ti_sysbios_family_arm_cc26xx_Timer_start__E
  000014c0    000014c0    00000004   00000004    r-- .const:ti_sysbios_rom_ROM_ti_sysbios_family_arm_cc26xx_TimestampProvider_get32__E
  000014c4    000014c4    00000004   00000004    r-- .const:ti_sysbios_rom_ROM_xdc_runtime_Startup_getState__I
  000014c8    000014c8    00000004   00000004    r-- .const:ti_sysbios_rom_ROM_xdc_runtime_System_SupportProxy_abort__E
  000014cc    000014cc    00000004   00000004    r-- .const:ti_sysbios_rom_ROM_xdc_runtime_System_SupportProxy_exit__E
  000014d0    000014d0    00000004   00000004    r-- .const:ti_sysbios_gates_GateMutex_Instance_State_sem__O
  000014d4    000014d4    00000004   00000004    r-- .const:ti_sysbios_knl_Clock_Module_State_clockQ__O
  000014d8    000014d8    00000004   00000004    r-- .const:ti_sysbios_knl_Mailbox_Instance_State_dataQue__O
  000014dc    000014dc    00000004   00000004    r-- .const:ti_sysbios_knl_Mailbox_Instance_State_dataSem__O
  000014e0    000014e0    00000004   00000004    r-- .const:ti_sysbios_knl_Mailbox_Instance_State_freeQue__O
  000014e4    000014e4    00000004   00000004    r-- .const:ti_sysbios_knl_Mailbox_Instance_State_freeSem__O
  000014e8    000014e8    00000004   00000004    r-- .const:ti_sysbios_knl_Semaphore_Instance_State_pendQ__O
  000014ec    000014ec    00000004   00000004    r-- .const:ti_sysbios_knl_Task_Module_State_inactiveQ__O
  000014f0    000014f0    000090d8   000090d8    r-x .text
  0000a5c8    0000a5c8    00001384   00001384    r-- .const
0001ffa8    0001ffa8    00000058   00000058    r--
  0001ffa8    0001ffa8    00000058   00000058    r-- .ccfg
20000100    20000100    00003b85   00000000    rw-
  20000100    20000100    00000044   00000000    rw- .data:ti_sysbios_knl_Task_Module__state__V
  20000144    20000144    00000034   00000000    rw- .data:ti_sysbios_family_arm_m3_Hwi_Module__state__V
  20000178    20000178    0000002c   00000000    rw- .data:ti_sysbios_knl_Clock_Module__state__V
  200001a4    200001a4    00000024   00000000    rw- .data:ti_sysbios_BIOS_Module__state__V
  200001c8    200001c8    0000001c   00000000    rw- .data:ti_sysbios_knl_Swi_Module__state__V
  200001e4    200001e4    00000008   00000000    rw- .data:ti_sysbios_family_arm_cc26xx_Timer_Module__state__V
  200001ec    200001ec    00000004   00000000    rw- .data:ti_sysbios_family_arm_cc26xx_TimestampProvider_Module__state__V
  200001f0    200001f0    00000008   00000000    rw- .data:xdc_runtime_Startup_Module__state__V
  200001f8    200001f8    00000008   00000000    rw- .data:xdc_runtime_System_Module__state__V
  20000200    20000200    00000004   00000000    rw- .data:xdc_runtime_Memory_Module__state__V
  20000208    20000208    00002f7e   00000000    rw- .bss
  20003188    20003188    00000afd   00000000    rw- .data
20004d00    20004d00    00000300   00000000    rw-
  20004d00    20004d00    00000300   00000000    rw- .stack


SECTION ALLOCATION MAP

 output                                  attributes/
section   page    origin      length       input sections
--------  ----  ----------  ----------   ----------------
.cinit     0    00000040    000005ec     
                  00000040    00000467     (.cinit..data.load) [load image, compression = rle]
                  000004a7    00000001     --HOLE-- [fill = 0]
                  000004a8    0000002c     (.cinit..data:ti_sysbios_family_arm_m3_Hwi_Module__state__V.load) [load image, compression = rle]
                  000004d4    00000004     --HOLE-- [fill = 0]
                  000004d8    0000002c     (.cinit..data:ti_sysbios_knl_Task_Module__state__V.load) [load image, compression = rle]
                  00000504    00000004     --HOLE-- [fill = 0]
                  00000508    00000021     (.cinit..data:ti_sysbios_knl_Clock_Module__state__V.load) [load image, compression = rle]
                  00000529    00000007     --HOLE-- [fill = 0]
                  00000530    0000001f     (.cinit..data:ti_sysbios_BIOS_Module__state__V.load) [load image, compression = rle]
                  0000054f    00000001     --HOLE-- [fill = 0]
                  00000550    00000011     (.cinit..data:ti_sysbios_knl_Swi_Module__state__V.load) [load image, compression = rle]
                  00000561    00000007     --HOLE-- [fill = 0]
                  00000568    0000000d     (.cinit..data:ti_sysbios_family_arm_cc26xx_Timer_Module__state__V.load) [load image, compression = rle]
                  00000575    00000003     --HOLE-- [fill = 0]
                  00000578    0000000b     (.cinit..bss.load) [load image, compression = rle]
                  00000583    00000005     --HOLE-- [fill = 0]
                  00000588    0000000a     (.cinit..data:xdc_runtime_Memory_Module__state__V.load) [load image, compression = rle]
                  00000592    00000006     --HOLE-- [fill = 0]
                  00000598    00000009     (.cinit..data:ti_sysbios_family_arm_cc26xx_TimestampProvider_Module__state__V.load) [load image, compression = rle]
                  000005a1    00000007     --HOLE-- [fill = 0]
                  000005a8    00000009     (.cinit..data:xdc_runtime_Startup_Module__state__V.load) [load image, compression = rle]
                  000005b1    00000007     --HOLE-- [fill = 0]
                  000005b8    00000009     (.cinit..data:xdc_runtime_System_Module__state__V.load) [load image, compression = rle]
                  000005c1    00000003     --HOLE-- [fill = 0]
                  000005c4    00000008     (__TI_handler_table)
                  000005cc    00000060     (__TI_cinit_table)

.text      0    000014f0    000090d8     
                  000014f0    00000550     tag.obj (.text:tagTaskFunction)
                  00001a40    00000426     vildehaye.obj (.text:vildehayeHandlePacketNaked)
                  00001e66    00000002     rf_multiMode_cc13x0.aem3 : RFCC26XX_multiMode.oem3 (.text:defaultCallback)
                  00001e68    000003f0                              : RFCC26XX_multiMode.oem3 (.text:fsmActiveState)
                  00002258    0000033c     rom_sysbios.aem3 : rom_sysbios.obj (.text:xdc_runtime_System_doPrint__I)
                  00002594    0000030c     drivers_cc13x0.aem3 : PowerCC26XX_calibrateRCOSC.oem3 (.text:PowerCC26XX_auxISR)
                  000028a0    00000228     driverlib.lib : sys_ctrl.obj (.text:NOROM_SysCtrlSetRechargeBeforePowerDown)
                  00002ac8    00000224     drivers_cc13x0.aem3 : PowerCC26XX.oem3 (.text:Power_sleep)
                  00002cec    00000218     tag.obj (.text:scheduleAdvance)
                  00002f04    000001fc     rf_multiMode_cc13x0.aem3 : RFCC26XX_multiMode.oem3 (.text:RF_open)
                  00003100    000001f4     rtsv7M3_T_le_eabi.lib : ull_div_t2.obj (.text)
                  000032f4    000001c4                           : fopen.obj (.text)
                  000034b8    000001bc     drivers_cc13x0.aem3 : PINCC26XX.oem3 (.text:PIN_init)
                  00003674    000001b6     rtsv7M3_T_le_eabi.lib : fd_add_t2.obj (.text)
                  0000382a    00000002     drivers_cc13x0.aem3 : PowerCC26XX.oem3 (.text:emptyClockFunc)
                  0000382c    0000019c     rf_multiMode_cc13x0.aem3 : RFCC26XX_multiMode.oem3 (.text:fsmSetupState)
                  000039c8    00000194     tag.obj (.text:schedule_init)
                  00003b5c    00000190     drivers_cc13x0.aem3 : PowerCC26XX_calibrateRCOSC.oem3 (.text:PowerCC26XX_doCalibrate)
                  00003cec    00000188     radio_setup.obj (.text:radioSetup_modulation)
                  00003e74    00000168     tags-cc1310_pem3.oem3 (.text:xdc_runtime_System_printfExtend__I)
                  00003fdc    00000164     drivers_cc13x0.aem3 : UARTCC26XX.oem3 (.text:UARTCC26XX_open)
                  00004140    00000154     rf_multiMode_cc13x0.aem3 : RFCC26XX_multiMode.oem3 (.text:radioOpDoneCb)
                  00004294    00000148                              : RFCC26XX_multiMode.oem3 (.text:fsmChangePhyState)
                  000043dc    0000013c                              : RFCC26XX_multiMode.oem3 (.text:hwiFxnCpe0Active)
                  00004518    0000013c     radio_setup.obj (.text:radioSetup_frequency)
                  00004654    00000136     rtsv7M3_T_le_eabi.lib : fd_div_t2.obj (.text)
                  0000478a    00000002     tag.obj (.text:errorCallback)
                  0000478c    00000130     driverlib.lib : setup_rom.obj (.text:NOROM_SetupAfterColdResetWakeupFromShutDownCfg3)
                  000048bc    00000120     watchdog.obj (.text:watchdog_taskFunction)
                  000049dc    0000011c     drivers_cc13x0.aem3 : UARTCC26XX.oem3 (.text:UARTCC26XX_read)
                  00004af8    00000114                         : PowerCC26XX.oem3 (.text:Power_init)
                  00004c0c    00000114     tag.obj (.text:tagTask_init)
                  00004d20    00000112     drivers_cc13x0.aem3 : UARTCC26XX.oem3 (.text:UARTCC26XX_hwiIntFxn)
                  00004e32    00000002     rtsv7M3_T_le_eabi.lib : i_div0.obj (.text)
                  00004e34    00000100     rf_multiMode_cc13x0.aem3 : RFCC26XX_multiMode.oem3 (.text:fsmPowerUpState)
                  00004f34    000000fc                              : RFCC26XX_multiMode.oem3 (.text:RF_close)
                  00005030    000000fc     drivers_cc13x0.aem3 : UARTCC26XX.oem3 (.text:UARTCC26XX_write)
                  0000512c    000000fc     radio_setup.obj (.text:radioSetup_configureFromBuffer)
                  00005228    000000fc     rtsv7M3_T_le_eabi.lib : fd_mul_t2.obj (.text)
                  00005324    000000f0     driverlib.lib : setup_rom.obj (.text:NOROM_SetupAfterColdResetWakeupFromShutDownCfg2)
                  00005414    000000f0     rf_multiMode_cc13x0.aem3 : RFCC26XX_multiMode.oem3 (.text:RF_pendCmd)
                  00005504    000000e4     dpl_cc13x0.aem3 : PowerCC26XX_tirtos.oem3 (.text:PowerCC26XX_standbyPolicy)
                  000055e8    000000dc     driverlib.lib : rfc.obj (.text:NOROM_RFCOverrideUpdate)
                  000056c4    000000dc     drivers_cc13x0.aem3 : PINCC26XX.oem3 (.text:PINCC26XX_setIoCfg)
                  000057a0    000000dc     rtsv7M3_T_le_eabi.lib : setvbuf.obj (.text)
                  0000587c    000000d8     tag.obj (.text:vildehayeCreateBeaconPacket)
                  00005954    000000d4     driverlib.lib : rfc.obj (.text:NOROM_RFCRfTrimRead)
                  00005a28    000000d4     rf_multiMode_cc13x0.aem3 : RFCC26XX_multiMode.oem3 (.text:RF_postCmd)
                  00005afc    000000cc     radio_setup.obj (.text:radioSetup_packetFormat)
                  00005bc8    000000c8     rtsv7M3_T_le_eabi.lib : fflush.obj (.text)
                  00005c90    000000c4     driverlib.lib : setup.obj (.text:TrimAfterColdResetWakeupFromShutDown)
                  00005d54    000000c0     vildehaye.obj (.text:vildehayeAddUIntWithHeader)
                  00005e14    000000bc     drivers_cc13x0.aem3 : PowerCC26XX.oem3 (.text:Power_releaseDependency)
                  00005ed0    000000bc                         : UARTCC26XX.oem3 (.text:UARTCC26XX_initHw)
                  00005f8c    000000bc     receive.obj (.text:receive_init)
                  00006048    000000bc     rtsv7M3_T_le_eabi.lib : open.obj (.text)
                  00006104    000000bc     tag.obj (.text:vildehayeGetSlotAction)
                  000061c0    000000b8     rf_multiMode_cc13x0.aem3 : RFCC26XX_multiMode.oem3 (.text:RF_dispatchNextCmd)
                  00006278    000000b4     drivers_cc13x0.aem3 : PowerCC26XX.oem3 (.text:Power_setDependency)
                  0000632c    000000ac     rtsv7M3_T_le_eabi.lib : _io_perm.obj (.text)
                  000063d8    000000a8     driverlib.lib : setup.obj (.text:NOROM_SetupTrimDevice)
                  00006480    000000a4                   : setup_rom.obj (.text:NOROM_SetupAfterColdResetWakeupFromShutDownCfg1)
                  00006524    000000a4     drivers_cc13x0.aem3 : PowerCC26XX.oem3 (.text:switchXOSCHFclockFunc)
                  000065c8    000000a0     auto_init.aem3 : auto_init.oem3 (.text)
                  00006668    0000009c     rf_multiMode_cc13x0.aem3 : RFCC26XX_multiMode.oem3 (.text:RF_issueRadioFreeCb)
                  00006704    0000009c     main.obj (.text:main)
                  000067a0    0000009c     rtsv7M3_T_le_eabi.lib : memcpy_t2.obj (.text)
                  0000683c    0000009c     rf_multiMode_cc13x0.aem3 : RFCC26XX_multiMode.oem3 (.text:swiFxnHw)
                  000068d8    0000009c     vildehaye.obj (.text:vildehayeAddHeader)
                  00006974    00000098     drivers_cc13x0.aem3 : PINCC26XX.oem3 (.text:PIN_open)
                  00006a0c    00000098                         : UARTCC26XX.oem3 (.text:UARTCC26XX_initIO)
                  00006aa4    00000098     rtsv7M3_T_le_eabi.lib : fclose.obj (.text)
                  00006b3c    00000098                           : fputc.obj (.text)
                  00006bd4    00000098     rom_sysbios.aem3 : rom_sysbios.obj (.text:ti_sysbios_knl_Clock_workFuncDynamic__E)
                  00006c6c    00000098     watchdog.obj (.text:watchdog_init)
                  00006d04    00000094     tag.obj (.text:atlas_setCode)
                  00006d98    00000090     tag.obj (.text:tag_triggerWakeup)
                  00006e28    0000008c     rf_queue_pointer.obj (.text:RFQueue_defineQueue)
                  00006eb4    0000008c     drivers_cc13x0.aem3 : UARTCC26XX.oem3 (.text:UARTCC26XX_close)
                  00006f40    0000008c                         : UARTCC26XX.oem3 (.text:UARTCC26XX_writeCancel)
                  00006fcc    0000008c                         : UARTCC26XX.oem3 (.text:writeFinishedDoCallback)
                  00007058    00000086     rtsv7M3_T_le_eabi.lib : fd_cmp_t2.obj (.text:__aeabi_cdcmple)
                  000070de    00000086                           : fd_cmp_t2.obj (.text:__aeabi_cdrcmple)
                  00007164    00000084     tag.obj (.text:atlasGetSlotAction)
                  000071e8    00000084     radio_setup.obj (.text:enterLrmMcePatch)
                  0000726c    00000080     rf_multiMode_cc13x0.aem3 : RFCC26XX_multiMode.oem3 (.text:RF_prepareRadio)
                  000072ec    00000080                              : RFCC26XX_multiMode.oem3 (.text:hwiFxnCpe0PowerFsm)
                  0000736c    0000007c     radio_setup.obj (.text:rf_patch_rfe_genfsk)
                  000073e8    0000007a     rtsv7M3_T_le_eabi.lib : memset_t2.obj (.text)
                  00007462    00000078     drivers_cc13x0.aem3 : UARTCC26XX.oem3 (.text:writeTxFifoFlush)
                  000074da    00000002     rom_sysbios.aem3 : rom_sysbios.obj (.text:ti_sysbios_BIOS_linkedWithIncorrectBootLibrary__E)
                  000074dc    00000074     driverlib.lib : setup_rom.obj (.text:NOROM_SetupSetVddrLevel)
                  00007550    00000074     rf_multiMode_cc13x0.aem3 : RFCC26XX_multiMode.oem3 (.text:hwiFxnHw)
                  000075c4    00000074     rom_sysbios.aem3 : rom_sysbios.obj (.text:ti_sysbios_family_arm_cc26xx_Timer_start__E)
                  00007638    00000070     tag.obj (.text:flashWriteLastConf)
                  000076a8    00000070     rtsv7M3_T_le_eabi.lib : getdevice.obj (.text)
                  00007718    0000006d     rom_sysbios.aem3 : rom_sysbios.obj (.text:xdc_runtime_System_formatNum__I)
                  00007785    00000001     --HOLE-- [fill = 0]
                  00007786    00000002     tags-cc1310_pem3.oem3 (.text:ti_sysbios_BIOS_nullFunc__I)
                  00007788    0000006c     drivers_cc13x0.aem3 : PowerCC26XX_calibrateRCOSC.oem3 (.text:PowerCC26XX_initiateCalibration)
                  000077f4    0000006a     rtsv7M3_T_le_eabi.lib : copy_decompress_rle.obj (.text)
                  0000785e    00000002     rom_sysbios.aem3 : rom_sysbios.obj (.text:ti_sysbios_knl_Clock_triggerFunc__I)
                  00007860    00000068     driverlib.lib : setup_rom.obj (.text:NOROM_SetupGetTrimForAmpcompCtrl)
                  000078c8    00000068                   : setup_rom.obj (.text:NOROM_SetupGetTrimForAnabypassValue1)
                  00007930    00000068                   : sys_ctrl.obj (.text:NOROM_SysCtrlAdjustRechargeAfterPowerDown)
                  00007998    00000068                   : sys_ctrl.obj (.text:NOROM_SysCtrl_DCDC_VoltageConditionalControl)
                  00007a00    00000068     drivers_cc13x0.aem3 : UARTCC26XX.oem3 (.text:UARTCC26XX_readCancel)
                  00007a68    00000068     rf_multiMode_cc13x0.aem3 : RFCC26XX_multiMode.oem3 (.text:fsmXOSCState)
                  00007ad0    00000068     drivers_cc13x0.aem3 : PowerCC26XX.oem3 (.text:lfClockReadyCallback)
                  00007b38    00000068     rtsv7M3_T_le_eabi.lib : hostlseek.obj (.text)
                  00007ba0    00000068                           : hostrename.obj (.text)
                  00007c08    00000068                           : trgmsg.obj (.text)
                  00007c70    00000064     driverlib.lib : osc.obj (.text:NOROM_OSCHF_AttemptToSwitchToXosc)
                  00007cd4    00000064     drivers_cc13x0.aem3 : PowerCC26XX.oem3 (.text:configureXOSCHF)
                  00007d38    00000064     rtsv7M3_T_le_eabi.lib : fseek.obj (.text)
                  00007d9c    00000064     tag.obj (.text:tag_triggerNoWakeupSetup)
                  00007e00    00000060     driverlib.lib : osc.obj (.text:NOROM_OSCClockSourceSet)
                  00007e60    00000060     drivers_cc13x0.aem3 : UARTCC26XX.oem3 (.text:UARTCC26XX_control)
                  00007ec0    00000060     rtsv7M3_T_le_eabi.lib : hostopen.obj (.text)
                  00007f20    0000005c     drivers_cc13x0.aem3 : PowerCC26XX_calibrateRCOSC.oem3 (.text:PowerCC26XX_RCOSC_clockFunc)
                  00007f7c    0000005c                         : PowerCC26XX.oem3 (.text:PowerCC26XX_calibrate)
                  00007fd8    0000005c     tag.obj (.text:flashGetLastConfiguration)
                  00008034    0000005c     rtsv7M3_T_le_eabi.lib : close.obj (.text)
                  00008090    0000005c     rf_multiMode_cc13x0.aem3 : RFCC26XX_multiMode.oem3 (.text:syncCb)
                  000080ec    0000005c     tags-cc1310_pem3.oem3 (.text:xdc_runtime_Startup_getState__I)
                  00008148    00000058     drivers_cc13x0.aem3 : PINCC26XX.oem3 (.text:PIN_remove)
                  000081a0    00000058     rf_multiMode_cc13x0.aem3 : RFCC26XX_multiMode.oem3 (.text:applyRfCorePatch)
                  000081f8    00000058                              : RFCC26XX_multiMode.oem3 (.text:calculateDispatchTime)
                  00008250    00000058                              : RFCC26XX_multiMode.oem3 (.text:ratChanFree)
                  000082a8    00000058     rtsv7M3_T_le_eabi.lib : hostread.obj (.text)
                  00008300    00000058                           : hostwrite.obj (.text)
                  00008358    00000058     tag.obj (.text:tag_triggerWakeupSetup)
                  000083b0    00000050     driverlib.lib : setup_rom.obj (.text:NOROM_SetupSetCacheModeAccordingToCcfgSetting)
                  00008400    00000050     rf_multiMode_cc13x0.aem3 : RFCC26XX_multiMode.oem3 (.text:RF_getCurrentTime)
                  00008450    00000050                              : RFCC26XX_multiMode.oem3 (.text:RF_ieeeExpansion)
                  000084a0    00000050     radio_setup.obj (.text:applyGenfskPatch)
                  000084f0    00000050     radio_setup.obj (.text:applyLrmPatch)
                  00008540    00000050     drivers_cc13x0.aem3 : UARTCC26XX.oem3 (.text:startTxFifoEmptyClk)
                  00008590    0000004e     vildehaye.obj (.text:vildehayeAddTagState)
                  000085de    00000002     tags-cc1310_pem3.oem3 (.text:ti_sysbios_rom_cortexm_cc13xx_CC13xx_badRomRevision__E)
                  000085e0    0000004c     rf_multiMode_cc13x0.aem3 : RFCC26XX_multiMode.oem3 (.text:RF_wakeupNotifyFxn)
                  0000862c    0000004c     rtsv7M3_T_le_eabi.lib : cpy_tbl.obj (.text)
                  00008678    00000048     dpl_cc13x0.aem3 : ClockP_tirtos.oem3 (.text:ClockP_construct)
                  000086c0    00000048     drivers_cc13x0.aem3 : PINCC26XX.oem3 (.text:PIN_setOutputEnable)
                  00008708    00000048     rf_multiMode_cc13x0.aem3 : RFCC26XX_multiMode.oem3 (.text:Q_push)
                  00008750    00000048     receive.obj (.text:receiveGetBuffer)
                  00008798    00000048     rtsv7M3_T_le_eabi.lib : fd_toi_t2.obj (.text)
                  000087e0    00000048     rom_sysbios.aem3 : rom_sysbios.obj (.text:ti_sysbios_family_arm_m3_Timer_setPeriod__E)
                  00008828    00000046     vildehaye.obj (.text:vildehayeAddUInt48)
                  0000886e    00000002     rom_sysbios.aem3 : rom_sysbios.obj (.text:xdc_runtime_SysCallback_defaultAbort)
                  00008870    00000046     vildehaye.obj (.text:vildehayeAddUInt64)
                  000088b6    00000002     rom_sysbios.aem3 : rom_sysbios.obj (.text:xdc_runtime_SysCallback_defaultExit)
                  000088b8    00000044     rf_multiMode_cc13x0.aem3 : RFCC26XX_multiMode.oem3 (.text:RF_releasePowerConstraint)
                  000088fc    00000044     drivers_cc13x0.aem3 : RingBuf.oem3 (.text:RingBuf_put)
                  00008940    00000044     boot.aem3 : boot.oem3 (.text)
                  00008984    00000044     leds.obj (.text:leds_incrementBlinkCounter)
                  000089c8    00000044     drivers_cc13x0.aem3 : PowerCC26XX.oem3 (.text:notify)
                  00008a0c    00000044     radio_setup.obj (.text:radioSetup_txPower)
                  00008a50    00000044     rtsv7M3_T_le_eabi.lib : fd_tou_t2.obj (.text)
                  00008a94    00000044                           : hostclose.obj (.text)
                  00008ad8    00000044                           : hostunlink.obj (.text)
                  00008b1c    00000044     tag.obj (.text:tag_sessionSeqno)
                  00008b60    00000044     rom_sysbios.aem3 : rom_sysbios.obj (.text:ti_sysbios_family_arm_m3_Timer_start__E)
                  00008ba4    00000040     drivers_cc13x0.aem3 : PINCC26XX.oem3 (.text:PIN_swi)
                  00008be4    00000040                         : UART.oem3 (.text:UART_init)
                  00008c24    00000040     rtsv7M3_T_le_eabi.lib : u_divt2.obj (.text)
                  00008c64    00000040     rom_sysbios.aem3 : rom_sysbios.obj (.text:ti_sysbios_family_arm_cc26xx_Timer_setThreshold__I)
                  00008ca4    0000003e     dpl_cc13x0.aem3 : HwiP_tirtos.oem3 (.text:HwiP_construct)
                  00008ce2    0000003e     drivers_cc13x0.aem3 : RingBuf.oem3 (.text:RingBuf_get)
                  00008d20    0000003c     driverlib.lib : chipinfo.obj (.text:NOROM_ChipInfo_GetHwRevision)
                  00008d5c    0000003c                   : osc.obj (.text:NOROM_OSC_HPOSCRelativeFrequencyOffsetGet)
                  00008d98    0000003c                   : rfc.obj (.text:NOROM_RFCSynthPowerDown)
                  00008dd4    0000003c     drivers_cc13x0.aem3 : PowerCC26XX.oem3 (.text:PowerCC26XX_isStableXOSC_HF)
                  00008e10    0000003c     dpl_cc13x0.aem3 : SwiP_tirtos.oem3 (.text:SwiP_construct)
                  00008e4c    0000003c     drivers_cc13x0.aem3 : PowerCC26XX.oem3 (.text:disableLfClkQualifiersEnableClkLoss)
                  00008e88    0000003c     rf_multiMode_cc13x0.aem3 : RFCC26XX_multiMode.oem3 (.text:getCmd)
                  00008ec4    0000003c     leds.obj (.text:leds_blink)
                  00008f00    0000003c     rom_sysbios.aem3 : rom_sysbios.obj (.text:ti_sysbios_family_arm_m3_Hwi_construct2__E)
                  00008f3c    0000003a     vildehaye.obj (.text:vildehayeGetUint64)
                  00008f76    00000002     --HOLE-- [fill = 0]
                  00008f78    00000038     drivers_cc13x0.aem3 : PINCC26XX.oem3 (.text:PIN_setOutputValue)
                  00008fb0    00000038                         : UARTCC26XX.oem3 (.text:UARTCC26XX_swiIntFxn)
                  00008fe8    00000038     buffers.obj (.text:buffers_init)
                  00009020    00000038     random.obj (.text:random)
                  00009058    00000038     drivers_cc13x0.aem3 : UARTCC26XX.oem3 (.text:readData)
                  00009090    00000038     rtsv7M3_T_le_eabi.lib : fs_tod_t2.obj (.text)
                  000090c8    00000038     rom_sysbios.aem3 : rom_sysbios.obj (.text:ti_sysbios_family_arm_cc26xx_Seconds_get__E)
                  00009100    00000038                      : rom_sysbios.obj (.text:ti_sysbios_family_arm_cc26xx_Timer_getCurrentTick__E)
                  00009138    00000038     drivers_cc13x0.aem3 : UARTCC26XX.oem3 (.text:writeData)
                  00009170    00000035     vildehaye.obj (.text:vildehayeAddUInt16)
                  000091a5    00000003     --HOLE-- [fill = 0]
                  000091a8    00000035     vildehaye.obj (.text:vildehayeAddUInt8)
                  000091dd    00000003     --HOLE-- [fill = 0]
                  000091e0    00000034     driverlib.lib : osc.obj (.text:NOROM_OSCHF_SwitchToRcOscTurnOffXosc)
                  00009214    00000034     drivers_cc13x0.aem3 : PINCC26XX.oem3 (.text:PIN_setConfig)
                  00009248    00000034                         : PowerCC26XX.oem3 (.text:Power_releaseConstraint)
                  0000927c    00000034     rf_multiMode_cc13x0.aem3 : RFCC26XX_multiMode.oem3 (.text:Q_end)
                  000092b0    00000034                              : RFCC26XX_multiMode.oem3 (.text:RF_checkCmdFsError)
                  000092e4    00000034     leds.obj (.text:leds_setBlinkCounter)
                  00009318    00000034     tags-cc1310_pem3.oem3 (.text:ti_sysbios_BIOS_startFunc__I)
                  0000934c    00000034     rom_sysbios.aem3 : rom_sysbios.obj (.text:ti_sysbios_family_arm_cc26xx_Timer_initDevice__I)
                  00009380    00000034                      : rom_sysbios.obj (.text:ti_sysbios_family_arm_m3_Timer_initDevice__I)
                  000093b4    00000032                      : rom_sysbios.obj (.text:ti_sysbios_family_arm_cc26xx_Timer_setNextTick__E)
                  000093e6    00000002     --HOLE-- [fill = 0]
                  000093e8    00000031     vildehaye.obj (.text:vildehayeAddUInt32)
                  00009419    00000003     --HOLE-- [fill = 0]
                  0000941c    00000030     driverlib.lib : chipinfo.obj (.text:NOROM_ChipInfo_GetChipType)
                  0000944c    00000030                   : setup_rom.obj (.text:NOROM_SetupSetAonRtcSubSecInc)
                  0000947c    00000030     drivers_cc13x0.aem3 : PowerCC26XX.oem3 (.text:Power_setConstraint)
                  000094ac    00000030     rf_multiMode_cc13x0.aem3 : RFCC26XX_multiMode.oem3 (.text:RF_runCmd)
                  000094dc    00000030     drivers_cc13x0.aem3 : UARTCC26XX.oem3 (.text:readData2RingBuf)
                  0000950c    00000030     rtsv7M3_T_le_eabi.lib : strncpy.obj (.text)
                  0000953c    00000030     tag.obj (.text:tag_setId)
                  0000956c    00000030     tags-cc1310_pem3.oem3 (.text:ti_sysbios_BIOS_atExitFunc__I)
                  0000959c    0000002e     rtsv7M3_T_le_eabi.lib : i_tofd_t2.obj (.text)
                  000095ca    0000002e     tags-cc1310_pem3.oem3 (.text:ti_sysbios_rts_gnu_MemAlloc_alloc)
                  000095f8    0000002c     driverlib.lib : ddi.obj (.text:NOROM_DDI32RegWrite)
                  00009624    0000002c                   : osc.obj (.text:NOROM_OSCClockSourceGet)
                  00009650    0000002c                   : rfc.obj (.text:NOROM_RFCCPEPatchReset)
                  0000967c    0000002c                   : setup_rom.obj (.text:NOROM_SetupGetTrimForRadcExtCfg)
                  000096a8    0000002c     drivers_cc13x0.aem3 : PINCC26XX.oem3 (.text:PINCC26XX_setMux)
                  000096d4    0000002c     dpl_cc13x0.aem3 : SemaphoreP_tirtos.oem3 (.text:SemaphoreP_constructBinary)
                  00009700    0000002c     rf_multiMode_cc13x0.aem3 : RFCC26XX_multiMode.oem3 (.text:clkPowerUpFxn)
                  0000972c    0000002c     rtsv7M3_T_le_eabi.lib : unlink.obj (.text)
                  00009758    0000002c     rom_sysbios.aem3 : rom_sysbios.obj (.text:ti_sysbios_knl_Clock_getTicksUntilInterrupt__E)
                  00009784    0000002a                      : rom_sysbios.obj (.text:ti_sysbios_knl_Clock_getTimeout__E)
                  000097ae    0000002a                      : rom_sysbios.obj (.text:xdc_runtime_System_putchar__I)
                  000097d8    00000028     driverlib.lib : aon_batmon.obj (.text:NOROM_AONBatMonTemperatureGetDegC)
                  00009800    00000028     drivers_cc13x0.aem3 : PowerCC26XX.oem3 (.text:Power_registerNotify)
                  00009828    00000028     driverlib.lib : adi.obj (.text:SafeHapiVoid)
                  00009850    00000028     rtsv7M3_T_le_eabi.lib : lseek.obj (.text)
                  00009878    00000028                           : write.obj (.text)
                  000098a0    00000026     vildehaye.obj (.text:vildehayeGetUint32)
                  000098c6    00000002     --HOLE-- [fill = 0]
                  000098c8    00000024     driverlib.lib : rfc.obj (.text:NOROM_RFCDoorbellSendTo)
                  000098ec    00000024     rf_multiMode_cc13x0.aem3 : RFCC26XX_multiMode.oem3 (.text:allocCmd)
                  00009910    00000024     random.obj (.text:randomSetState)
                  00009934    00000024     tags-cc1310_pem3.oem3 (.text:ti_sysbios_BIOS_registerRTSLock__I)
                  00009958    00000024     tags-cc1310_pem3.oem3 (.text:ti_sysbios_BIOS_removeRTSLock__I)
                  0000997c    00000024     rom_sysbios.aem3 : rom_sysbios.obj (.text:ti_sysbios_family_arm_cc26xx_Seconds_set__E)
                  000099a0    00000024                      : rom_sysbios.obj (.text:ti_sysbios_family_arm_cc26xx_Timer_getMaxTicks__E)
                  000099c4    00000024                      : rom_sysbios.obj (.text:ti_sysbios_family_arm_m3_Timer_Module_startup__E)
                  000099e8    00000024                      : rom_sysbios.obj (.text:ti_sysbios_family_arm_m3_Timer_postInit__I)
                  00009a0c    00000024                      : rom_sysbios.obj (.text:ti_sysbios_family_arm_m3_Timer_startup__E)
                  00009a30    00000024                      : rom_sysbios.obj (.text:xdc_runtime_System_vprintf__E)
                  00009a54    00000022     drivers_cc13x0.aem3 : List.oem3 (.text:List_put)
                  00009a76    00000002     --HOLE-- [fill = 0]
                  00009a78    00000020     driverlib.lib : rfc.obj (.text:NOROM_RFCAdi3VcoLdoVoltageMode)
                  00009a98    00000020                   : setup_rom.obj (.text:NOROM_SetupGetTrimForXoscHfCtl)
                  00009ab8    00000020     dpl_cc13x0.aem3 : PowerCC26XX_tirtos.oem3 (.text:PowerCC26XX_schedulerDisable)
                  00009ad8    00000020                     : PowerCC26XX_tirtos.oem3 (.text:PowerCC26XX_schedulerRestore)
                  00009af8    00000020     drivers_cc13x0.aem3 : PowerCC26XX.oem3 (.text:Power_unregisterNotify)
                  00009b18    00000020     receive.obj (.text:receiveCallback)
                  00009b38    00000020     rtsv7M3_T_le_eabi.lib : u_tofd_t2.obj (.text)
                  00009b58    00000020     tag.obj (.text:tag_gotoConfiguration)
                  00009b78    00000020     tags-cc1310_pem3.oem3 (.text:ti_sysbios_BIOS_rtsLock__I)
                  00009b98    00000020     rom_sysbios.aem3 : rom_sysbios.obj (.text:ti_sysbios_family_arm_cc26xx_Timer_dynamicStub__E)
                  00009bb8    00000020                      : rom_sysbios.obj (.text:ti_sysbios_knl_Clock_stop__E)
                  00009bd8    00000020                      : rom_sysbios.obj (.text:xdc_runtime_SysStd_abort__E)
                  00009bf8    0000001e     drivers_cc13x0.aem3 : PINCC26XX.oem3 (.text:PIN_close)
                  00009c16    0000001e                         : PowerCC26XX.oem3 (.text:Power_getTransitionLatency)
                  00009c34    0000001e     rtsv7M3_T_le_eabi.lib : ll_lsl_t2.obj (.text)
                  00009c52    00000002     --HOLE-- [fill = 0]
                  00009c54    0000001c     driverlib.lib : chipinfo.obj (.text:NOROM_ChipInfo_GetChipFamily)
                  00009c70    0000001c                   : setup_rom.obj (.text:NOROM_SetupGetTrimForAmpcompTh2)
                  00009c8c    0000001c                   : setup_rom.obj (.text:NOROM_SetupGetTrimForRcOscLfRtuneCtuneTrim)
                  00009ca8    0000001c     drivers_cc13x0.aem3 : PINCC26XX.oem3 (.text:PINCC26XX_setIoCfgMux)
                  00009cc4    0000001c                         : PINCC26XX.oem3 (.text:PIN_hwi)
                  00009ce0    0000001c     rf_multiMode_cc13x0.aem3 : RFCC26XX_multiMode.oem3 (.text:RF_setPowerConstraint)
                  00009cfc    0000001c                              : RFCC26XX_multiMode.oem3 (.text:clkInactivityFxn)
                  00009d18    0000001c                              : RFCC26XX_multiMode.oem3 (.text:hwiFxnCpe0ChangePhy)
                  00009d34    0000001c     rom_sysbios.aem3 : rom_sysbios.obj (.text:ti_sysbios_family_arm_m3_Hwi_clearInterrupt__E)
                  00009d50    0000001c                      : rom_sysbios.obj (.text:ti_sysbios_family_arm_m3_Timer_stop__E)
                  00009d6c    0000001c                      : rom_sysbios.obj (.text:ti_sysbios_knl_Swi_construct2__E)
                  00009d88    0000001c     watchdog.obj (.text:watchdog_pacify)
                  00009da4    0000001a     tags-cc1310_pem3.oem3 (.text:free)
                  00009dbe    0000001a     rom_sysbios.aem3 : rom_sysbios_config.obj (.text:xdc_runtime_System_printf__E)
                  00009dd8    00000018     driverlib.lib : flash.obj (.text:MemBusWrkAroundHapiProgramFlash)
                  00009df0    00000018                   : aon_rtc.obj (.text:NOROM_AONRTCCurrentCompareValueGet)
                  00009e08    00000018                   : chipinfo.obj (.text:NOROM_ChipInfo_GetPackageType)
                  00009e20    00000018                   : osc.obj (.text:NOROM_OSCHF_TurnOnXosc)
                  00009e38    00000018                   : rfc.obj (.text:NOROM_RFCCpeIntGetAndClear)
                  00009e50    00000018                   : rfc.obj (.text:NOROM_RFCHWIntGetAndClear)
                  00009e68    00000018                   : setup_rom.obj (.text:NOROM_SetupGetTrimForAdcShModeEn)
                  00009e80    00000018                   : setup_rom.obj (.text:NOROM_SetupGetTrimForAdcShVbufEn)
                  00009e98    00000018                   : setup_rom.obj (.text:NOROM_SetupGetTrimForAmpcompTh1)
                  00009eb0    00000018                   : setup_rom.obj (.text:NOROM_SetupGetTrimForDblrLoopFilterResetVoltage)
                  00009ec8    00000018                   : setup_rom.obj (.text:NOROM_SetupGetTrimForRcOscLfIBiasTrim)
                  00009ee0    00000018                   : setup_rom.obj (.text:NOROM_SetupGetTrimForXoscLfRegulatorAndCmirrwrRatio)
                  00009ef8    00000018                   : sys_ctrl.obj (.text:NOROM_SysCtrlResetSourceGet)
                  00009f10    00000018     drivers_cc13x0.aem3 : PowerCC26XX.oem3 (.text:Power_idleFunc)
                  00009f28    00000018     rf_multiMode_cc13x0.aem3 : RFCC26XX_multiMode.oem3 (.text:Q_pop)
                  00009f40    00000018     drivers_cc13x0.aem3 : UARTCC26XX.oem3 (.text:UARTCC26XX_init)
                  00009f58    00000018                         : PowerCC26XX.oem3 (.text:configureRFCoreClocks)
                  00009f70    00000018     leds.obj (.text:leds_on)
                  00009f88    00000018     rtsv7M3_T_le_eabi.lib : args_main.obj (.text)
                  00009fa0    00000018                           : ll_mul_t2.obj (.text)
                  00009fb8    00000018                           : strcmp.obj (.text)
                  00009fd0    00000018     rf_multiMode_cc13x0.aem3 : RFCC26XX_multiMode.oem3 (.text:swiFxnFsm)
                  00009fe8    00000018     tags-cc1310_pem3.oem3 (.text:ti_sysbios_BIOS_rtsUnlock__I)
                  0000a000    00000018     tags-cc1310_pem3.oem3 (.text:ti_sysbios_family_arm_m3_Timer_Module__startupDone__F)
                  0000a018    00000018     rom_sysbios.aem3 : rom_sysbios.obj (.text:ti_sysbios_knl_Swi_or__E)
                  0000a030    00000018     tags-cc1310_pem3.oem3 (.text:ti_sysbios_rom_cortexm_cc13xx_CC13xx_checkRevision__E)
                  0000a048    00000018     rom_sysbios.aem3 : rom_sysbios.obj (.text:xdc_runtime_Error_init__E)
                  0000a060    00000016     drivers_cc13x0.aem3 : List.oem3 (.text:List_remove)
                  0000a076    00000016     driverlib.lib : chipinfo.obj (.text:NOROM_ThisLibraryIsFor_CC13x0_HwRev20AndLater_HaltIfViolated)
                  0000a08c    00000016     leds.obj (.text:leds_get)
                  0000a0a2    00000016     rtsv7M3_T_le_eabi.lib : strchr.obj (.text)
                  0000a0b8    00000016                           : strcpy.obj (.text)
                  0000a0ce    00000016     tags-cc1310_pem3.oem3 (.text:ti_sysbios_BIOS_exitFunc__I)
                  0000a0e4    00000014     driverlib.lib : aon_rtc.obj (.text:NOROM_AONRTCCurrent64BitValueGet)
                  0000a0f8    00000014     rf_queue_pointer.obj (.text:RFQueue_nextEntry)
                  0000a10c    00000014     rf_multiMode_cc13x0.aem3 : RFCC26XX_multiMode.oem3 (.text:RF_Params_init)
                  0000a120    00000014     watchdog.obj (.text:SysCtrlSystemReset)
                  0000a134    00000014     rtsv7M3_T_le_eabi.lib : _lock.obj (.text)
                  0000a148    00000014                           : strlen.obj (.text)
                  0000a15c    00000014     tags-cc1310_pem3.oem3 (.text:ti_sysbios_knl_Clock_doTick__I)
                  0000a170    00000012     drivers_cc13x0.aem3 : RingBuf.oem3 (.text:RingBuf_construct)
                  0000a182    00000012     dpl_cc13x0.aem3 : SemaphoreP_tirtos.oem3 (.text:SemaphoreP_pend)
                  0000a194    00000012     rom_sysbios.aem3 : rom_sysbios.obj (.text:ti_sysbios_hal_Timer_Module_startup__E)
                  0000a1a6    00000012                      : rom_sysbios.obj (.text:ti_sysbios_knl_Semaphore_reset__E)
                  0000a1b8    00000012     tags-cc1310_pem3.oem3 (.text:xdc_runtime_Startup_exec__I)
                  0000a1ca    00000010     dpl_cc13x0.aem3 : ClockP_tirtos.oem3 (.text:ClockP_isActive)
                  0000a1da    00000010                     : HwiP_tirtos.oem3 (.text:HwiP_Params_init)
                  0000a1ea    00000002     --HOLE-- [fill = 0]
                  0000a1ec    00000010     driverlib.lib : rfc.obj (.text:NOROM_RFCRfTrimSet)
                  0000a1fc    00000010                   : setup_rom.obj (.text:NOROM_SetupGetTrimForXoscHfFastStart)
                  0000a20c    00000010                   : setup_rom.obj (.text:NOROM_SetupGetTrimForXoscHfIbiastherm)
                  0000a21c    00000010     drivers_cc13x0.aem3 : PINCC26XX.oem3 (.text:PINCC26XX_getPinCount)
                  0000a22c    00000010     dpl_cc13x0.aem3 : SwiP_tirtos.oem3 (.text:SwiP_Params_init)
                  0000a23c    00000010     tag.obj (.text:flashSetConfigurationLimit)
                  0000a24c    00000010     rf_multiMode_cc13x0.aem3 : RFCC26XX_multiMode.oem3 (.text:isClientOwner)
                  0000a25c    00000010     rom_sysbios.aem3 : rom_sysbios.obj (.text:ti_sysbios_family_arm_m3_Hwi_post__E)
                  0000a26c    00000010     drivers_cc13x0.aem3 : UARTCC26XX.oem3 (.text:uartPostNotify)
                  0000a27c    0000000e     driverlib.lib : vims.obj (.text:NOROM_VIMSModeGet)
                  0000a28a    0000000e     rtsv7M3_T_le_eabi.lib : copy_decompress_none.obj (.text:decompress:none)
                  0000a298    0000000e     radio_setup.obj (.text:ratDiffToUs)
                  0000a2a6    0000000e     rom_sysbios.aem3 : rom_sysbios.obj (.text:ti_sysbios_family_arm_cc26xx_TimestampProvider_get32__E)
                  0000a2b4    0000000c     rf_multiMode_cc13x0.aem3 : RFCC26XX_multiMode.oem3 (.text:FsmNextState)
                  0000a2c0    0000000c     drivers_cc13x0.aem3 : List.oem3 (.text:List_empty)
                  0000a2cc    0000000c     driverlib.lib : cpu.obj (.text:NOROM_CPUcpsid)
                  0000a2d8    0000000c                   : cpu.obj (.text:NOROM_CPUcpsie)
                  0000a2e4    0000000c                   : osc.obj (.text:NOROM_OSC_HPOSCRelativeFrequencyOffsetToRFCoreFormatConvert)
                  0000a2f0    0000000c     drivers_cc13x0.aem3 : PowerCC26XX.oem3 (.text:Power_getConstraintMask)
                  0000a2fc    0000000c                         : PowerCC26XX.oem3 (.text:Power_getDependencyCount)
                  0000a308    0000000c     rf_queue_pointer.obj (.text:RFQueue_getDataEntry)
                  0000a314    0000000c     tag.obj (.text:tag_setVoltageThreshold)
                  0000a320    0000000c     rom_sysbios.aem3 : rom_sysbios.obj (.text:ti_sysbios_knl_Swi_getTrigger__E)
                  0000a32c    0000000c     vildehaye.obj (.text:vildehayeInitPacket)
                  0000a338    0000000c     tags-cc1310_pem3.oem3 (.text:xdc_runtime_Startup_reset__I)
                  0000a344    0000000c     rom_sysbios.aem3 : rom_sysbios.obj (.text:xdc_runtime_Startup_rtsDone__E)
                  0000a350    0000000c                      : rom_sysbios.obj (.text:xdc_runtime_SysStd_exit__E)
                  0000a35c    00000008     drivers_cc13x0.aem3 : UARTCC26XX.oem3 (.text:readSemCallback)
                  0000a364    00000008                         : UARTCC26XX.oem3 (.text:writeSemCallback)
                  0000a36c    00000006     dpl_cc13x0.aem3 : ClockP_tirtos.oem3 (.text:ClockP_Params_init)
                  0000a372    00000006     drivers_cc13x0.aem3 : UARTCC26XX.oem3 (.text:UARTCC26XX_readPolling)
                  0000a378    00000006                         : UARTCC26XX.oem3 (.text:UARTCC26XX_writePolling)
                  0000a37e    00000006     rf_multiMode_cc13x0.aem3 : RFCC26XX_multiMode.oem3 (.text:clkReqAccessFxn)
                  0000a384    00000006     rtsv7M3_T_le_eabi.lib : copy_decompress_rle.obj (.text:decompress:rle24)
                  0000a38a    00000006     rom_sysbios.aem3 : rom_sysbios.obj (.text:ti_sysbios_family_arm_m3_Hwi_setFunc__E)
                  0000a390    00000004     dpl_cc13x0.aem3 : PowerCC26XX_tirtos.oem3 (.text:CPUwfi)
                  0000a394    00000004                     : ClockP_tirtos.oem3 (.text:ClockP_destruct)
                  0000a398    00000004                     : ClockP_tirtos.oem3 (.text:ClockP_getCpuFreq)
                  0000a39c    00000004                     : ClockP_tirtos.oem3 (.text:ClockP_getTimeout)
                  0000a3a0    00000004                     : ClockP_tirtos.oem3 (.text:ClockP_setTimeout)
                  0000a3a4    00000004                     : ClockP_tirtos.oem3 (.text:ClockP_start)
                  0000a3a8    00000004                     : ClockP_tirtos.oem3 (.text:ClockP_stop)
                  0000a3ac    00000004                     : HwiP_tirtos.oem3 (.text:HwiP_destruct)
                  0000a3b0    00000004                     : HwiP_tirtos.oem3 (.text:HwiP_disable)
                  0000a3b4    00000004                     : HwiP_tirtos.oem3 (.text:HwiP_enableInterrupt)
                  0000a3b8    00000004                     : HwiP_tirtos.oem3 (.text:HwiP_post)
                  0000a3bc    00000004                     : HwiP_tirtos.oem3 (.text:HwiP_setFunc)
                  0000a3c0    00000004     drivers_cc13x0.aem3 : List.oem3 (.text:List_head)
                  0000a3c4    00000004                         : List.oem3 (.text:List_next)
                  0000a3c8    00000004                         : PowerCC26XX.oem3 (.text:PowerCC26XX_switchXOSC_HF)
                  0000a3cc    00000004     rf_multiMode_cc13x0.aem3 : RFCC26XX_multiMode.oem3 (.text:Q_peek)
                  0000a3d0    00000004     dpl_cc13x0.aem3 : SemaphoreP_tirtos.oem3 (.text:SemaphoreP_destruct)
                  0000a3d4    00000004                     : SemaphoreP_tirtos.oem3 (.text:SemaphoreP_post)
                  0000a3d8    00000004                     : SwiP_tirtos.oem3 (.text:SwiP_destruct)
                  0000a3dc    00000004                     : SwiP_tirtos.oem3 (.text:SwiP_disable)
                  0000a3e0    00000004                     : SwiP_tirtos.oem3 (.text:SwiP_getTrigger)
                  0000a3e4    00000004                     : SwiP_tirtos.oem3 (.text:SwiP_or)
                  0000a3e8    00000004                     : SwiP_tirtos.oem3 (.text:SwiP_post)
                  0000a3ec    00000004     drivers_cc13x0.aem3 : PowerCC26XX.oem3 (.text:nopResourceHandler)
                  0000a3f0    00000004     radio_setup.obj (.text:rf_patch_cpe_genfsk)
                  0000a3f4    00000004     radio_setup.obj (.text:rf_patch_cpe_lrm)
                  0000a3f8    00000004     rom_sysbios.aem3 : rom_sysbios.obj (.text:ti_sysbios_family_arm_cc26xx_Timer_getCount64__E)
                  0000a3fc    00000004                      : rom_sysbios.obj (.text:ti_sysbios_knl_Clock_isActive__E)
                  0000a400    00000004                      : rom_sysbios.obj (.text:ti_sysbios_knl_Semaphore_getCount__E)
                  0000a404    00000004                      : rom_sysbios.obj (.text:xdc_runtime_SysStd_putch__E)
                  0000a408    00000004                      : rom_sysbios.obj (.text:xdc_runtime_SysStd_ready__E)
                  0000a40c    00000004                      : rom_sysbios.obj (.text:xdc_runtime_System_printf_va__F)
                  0000a410    00000008     (.tramp.ti_sysbios_knl_Swi_destruct.1)
                  0000a418    00000008     (.tramp.ti_sysbios_knl_Semaphore_destruct.1)
                  0000a420    00000008     (.tramp.ti_sysbios_family_arm_m3_Hwi_disableFxn__E.1)
                  0000a428    00000008     (.tramp.ti_sysbios_family_arm_m3_Hwi_destruct.1)
                  0000a430    00000008     (.tramp.ti_sysbios_BIOS_getCpuFreq__E.1)
                  0000a438    00000008     (.tramp.ti_sysbios_knl_Clock_destruct.1)
                  0000a440    00000008     (.tramp.xdc_runtime_Startup_startMods__I.1)
                  0000a448    00000008     (.tramp.ti_sysbios_knl_Semaphore_pend__E.1)
                  0000a450    00000008     (.tramp.ti_sysbios_knl_Clock_logTick__E.1)
                  0000a458    00000008     (.tramp.ti_sysbios_knl_Swi_post__E.1)
                  0000a460    00000008     (.tramp.ti_sysbios_BIOS_RtsGateProxy_leave__E.1)
                  0000a468    00000008     (.tramp.xdc_runtime_Memory_free__E.1)
                  0000a470    00000008     (.tramp.ti_sysbios_knl_Swi_construct.1)
                  0000a478    00000008     (.tramp.ti_sysbios_BIOS_RtsGateProxy_enter__E.1)
                  0000a480    00000008     (.tramp.ti_sysbios_knl_Task_restore__E.1)
                  0000a488    00000008     (.tramp.ti_sysbios_knl_Clock_getTicks__E.1)
                  0000a490    00000008     (.tramp.xdc_runtime_Memory_alloc__E.1)
                  0000a498    00000008     (.tramp.ti_sysbios_BIOS_setThreadType__E.1)
                  0000a4a0    00000008     (.tramp.ti_sysbios_knl_Task_disable__E.1)
                  0000a4a8    00000008     (.tramp.ti_sysbios_knl_Swi_disable__E.1)
                  0000a4b0    00000008     (.tramp.ti_sysbios_family_arm_m3_Hwi_disableInterrupt__E.1)
                  0000a4b8    00000008     (.tramp.ti_sysbios_knl_Task_startup__E.1)
                  0000a4c0    00000008     (.tramp.ti_sysbios_knl_Swi_startup__E.1)
                  0000a4c8    00000008     (.tramp.ti_sysbios_hal_Hwi_startup__E.1)
                  0000a4d0    00000008     (.tramp.ti_sysbios_family_arm_cc26xx_Timer_startup__E.1)
                  0000a4d8    00000008     (.tramp.xdc_runtime_System_atexit__E.1)
                  0000a4e0    00000008     (.tramp.ti_sysbios_knl_Mailbox_create.1)
                  0000a4e8    00000008     (.tramp.ti_sysbios_family_arm_m3_Hwi_construct.1)
                  0000a4f0    00000008     (.tramp.ti_sysbios_knl_Swi_Params__init__S.1)
                  0000a4f8    00000008     (.tramp.ti_sysbios_family_arm_m3_Hwi_Params__init__S.1)
                  0000a500    00000008     (.tramp.ti_sysbios_family_arm_m3_Hwi_enableInterrupt__E.1)
                  0000a508    00000008     (.tramp.xdc_runtime_System_exit__E.1)
                  0000a510    00000008     (.tramp.xdc_runtime_Error_raiseX__E.1)
                  0000a518    00000008     (.tramp.ti_sysbios_knl_Clock_construct.1)
                  0000a520    00000008     (.tramp.ti_sysbios_knl_Clock_Params__init__S.1)
                  0000a528    00000008     (.tramp.ti_sysbios_knl_Semaphore_create.1)
                  0000a530    00000008     (.tramp.ti_sysbios_knl_Clock_scheduleNextTick__E.1)
                  0000a538    00000008     (.tramp.ti_sysbios_knl_Clock_walkQueueDynamic__E.1)
                  0000a540    00000008     (.tramp.ti_sysbios_knl_Clock_TimerProxy_getCurrentTick__E.1)
                  0000a548    00000008     (.tramp.ti_sysbios_BIOS_start__E.1)
                  0000a550    00000008     (.tramp.ti_sysbios_knl_Mailbox_pend__E.1)
                  0000a558    00000008     (.tramp.ti_sysbios_knl_Semaphore_construct.1)
                  0000a560    00000008     (.tramp.ti_sysbios_knl_Semaphore_Params__init__S.1)
                  0000a568    00000008     (.tramp.ti_sysbios_knl_Clock_start__E.1)
                  0000a570    00000008     (.tramp.ti_sysbios_knl_Clock_setTimeout__E.1)
                  0000a578    00000008     (.tramp.ti_sysbios_knl_Task_construct.1)
                  0000a580    00000008     (.tramp.ti_sysbios_knl_Task_Params__init__S.1)
                  0000a588    00000008     (.tramp.xdc_runtime_System_abort__E.1)
                  0000a590    00000008     (.tramp.ti_sysbios_knl_Semaphore_post__E.1)
                  0000a598    00000008     (.tramp.ti_sysbios_knl_Swi_restore__E.1)
                  0000a5a0    00000008     (.tramp.ti_sysbios_family_arm_m3_Hwi_restoreFxn__E.1)
                  0000a5a8    00000008     (.tramp.xdc_runtime_Timestamp_get32__E.1)
                  0000a5b0    00000008     (.tramp.ti_sysbios_knl_Mailbox_post__E.1)
                  0000a5b8    00000008     (.tramp.ti_sysbios_knl_Task_sleep__E.1)
                  0000a5c0    00000008     (.tramp.xdc_runtime_Timestamp_getFreq__E.1)

.const     0    0000a5c8    00001384     
                  0000a5c8    000006b4     radio_setup.obj (.const:patchGenfskRfe)
                  0000ac7c    00000558     radio_setup.obj (.const:patchLrmMce)
                  0000b1d4    0000028c     radio_setup.obj (.const:patchImageGenfsk)
                  0000b460    0000028c     radio_setup.obj (.const:patchImageLrm)
                  0000b6ec    0000004c     drivers_cc13x0.aem3 : PowerCC26XX.oem3 (.const:resourceDB)
                  0000b738    00000048     tags-cc1310_pem3.oem3 (.const:.string)
                  0000b780    00000040     drivers_cc13x0.aem3 : UARTCC26XX.oem3 (.const:$O1$$)
                  0000b7c0    00000040     CC1310_LAUNCHXL.obj (.const:BoardGpioInitTable)
                  0000b800    0000002c     tags-cc1310_pem3.oem3 (.const:xdc_runtime_Startup_sfxnTab__A)
                  0000b82c    00000028     drivers_cc13x0.aem3 : UARTCC26XX.oem3 (.const:UARTCC26XX_fxnTable)
                  0000b854    00000020     CC1310_LAUNCHXL.obj (.const:uartCC26XXHWAttrs)
                  0000b874    0000001e     radio_setup.obj (.const:power_setting)
                  0000b892    00000002     tags-cc1310_pem3.oem3 (.const:ti_sysbios_family_arm_m3_Timer_Module__id__C)
                  0000b894    0000001c     rf_multiMode_cc13x0.aem3 : RFCC26XX_multiMode.oem3 (.const:RF_defaultParams)
                  0000b8b0    00000018     CC1310_LAUNCHXL.obj (.const:PowerCC26XX_config)
                  0000b8c8    00000018     CC1310_LAUNCHXL.obj (.const:UART_config)
                  0000b8e0    00000018     driverlib.lib : rfc.obj (.const:rfc_defaultIrqAddr)
                  0000b8f8    00000016     tags-cc1310_pem3.oem3 (.const:xdc_runtime_Startup_sfxnRts__A)
                  0000b90e    00000001     tags-cc1310_pem3.oem3 (.const:xdc_runtime_Text_charTab__A)
                  0000b90f    00000001     --HOLE-- [fill = 0]
                  0000b910    0000000c     tags-cc1310_pem3.oem3 (.const:xdc_runtime_Startup_firstFxns__A)
                  0000b91c    00000008     CC1310_LAUNCHXL.obj (.const:PINCC26XX_hwAttrs)
                  0000b924    00000004     CC1310_LAUNCHXL.obj (.const)
                  0000b928    00000004     CC1310_LAUNCHXL.obj (.const:RFCC26XX_hwAttrs)
                  0000b92c    00000004     tags-cc1310_pem3.oem3 (.const:ti_sysbios_family_arm_m3_Hwi_swiDisable__C)
                  0000b930    00000004     tags-cc1310_pem3.oem3 (.const:ti_sysbios_family_arm_m3_Hwi_swiRestoreHwi__C)
                  0000b934    00000004     tags-cc1310_pem3.oem3 (.const:ti_sysbios_family_arm_m3_Timer_E_cannotSupport__C)
                  0000b938    00000004     tags-cc1310_pem3.oem3 (.const:ti_sysbios_family_arm_m3_Timer_startupNeeded__C)
                  0000b93c    00000004     tags-cc1310_pem3.oem3 (.const:ti_sysbios_knl_Clock_tickPeriod__C)
                  0000b940    00000004     tags-cc1310_pem3.oem3 (.const:ti_sysbios_knl_Clock_triggerClock__C)
                  0000b944    00000004     tags-cc1310_pem3.oem3 (.const:ti_sysbios_knl_Idle_funcList__A)
                  0000b948    00000004     tags-cc1310_pem3.oem3 (.const:xdc_runtime_System_extendFxn__C)

.init_array 
*          0    00000000    00000000     UNINITIALIZED

.ccfg      0    0001ffa8    00000058     
                  0001ffa8    00000058     ccfg.obj (.ccfg:retain)

.resetVecs 
*          0    00000000    0000003c     
                  00000000    0000003c     tags-cc1310_pem3.oem3 (.resetVecs)

.binit     0    00000000    00000000     

.const:ti_sysbios_knl_Task_Object__PARAMS__C 
*          0    00001000    0000003c     
                  00001000    0000003c     tags-cc1310_pem3.oem3 (.const:ti_sysbios_knl_Task_Object__PARAMS__C)

.const:ti_sysbios_knl_Mailbox_Object__PARAMS__C 
*          0    0000103c    00000034     
                  0000103c    00000034     tags-cc1310_pem3.oem3 (.const:ti_sysbios_knl_Mailbox_Object__PARAMS__C)

.const:ti_sysbios_family_arm_m3_Hwi_Object__PARAMS__C 
*          0    00001070    00000030     
                  00001070    00000030     tags-cc1310_pem3.oem3 (.const:ti_sysbios_family_arm_m3_Hwi_Object__PARAMS__C)

.const:ti_sysbios_hal_Hwi_Object__PARAMS__C 
*          0    000010a0    0000002c     
                  000010a0    0000002c     tags-cc1310_pem3.oem3 (.const:ti_sysbios_hal_Hwi_Object__PARAMS__C)

.const:ti_sysbios_heaps_HeapMem_Module__FXNS__C 
*          0    000010cc    00000028     
                  000010cc    00000028     tags-cc1310_pem3.oem3 (.const:ti_sysbios_heaps_HeapMem_Module__FXNS__C)

.const:ti_sysbios_knl_Swi_Object__PARAMS__C 
*          0    000010f4    00000028     
                  000010f4    00000028     tags-cc1310_pem3.oem3 (.const:ti_sysbios_knl_Swi_Object__PARAMS__C)

.const:ti_sysbios_gates_GateHwi_Module__FXNS__C 
*          0    0000111c    00000024     
                  0000111c    00000024     tags-cc1310_pem3.oem3 (.const:ti_sysbios_gates_GateHwi_Module__FXNS__C)

.const:ti_sysbios_gates_GateMutex_Module__FXNS__C 
*          0    00001140    00000024     
                  00001140    00000024     tags-cc1310_pem3.oem3 (.const:ti_sysbios_gates_GateMutex_Module__FXNS__C)

.const:ti_sysbios_heaps_HeapMem_Object__PARAMS__C 
*          0    00001164    00000024     
                  00001164    00000024     tags-cc1310_pem3.oem3 (.const:ti_sysbios_heaps_HeapMem_Object__PARAMS__C)

.const:ti_sysbios_knl_Clock_Object__PARAMS__C 
*          0    00001188    00000024     
                  00001188    00000024     tags-cc1310_pem3.oem3 (.const:ti_sysbios_knl_Clock_Object__PARAMS__C)

.const:ti_sysbios_knl_Semaphore_Object__PARAMS__C 
*          0    000011ac    00000024     
                  000011ac    00000024     tags-cc1310_pem3.oem3 (.const:ti_sysbios_knl_Semaphore_Object__PARAMS__C)

.const:ti_sysbios_family_arm_m3_Hwi_Object__DESC__C 
*          0    000011d0    00000020     
                  000011d0    00000020     tags-cc1310_pem3.oem3 (.const:ti_sysbios_family_arm_m3_Hwi_Object__DESC__C)

.const:ti_sysbios_gates_GateHwi_Object__DESC__C 
*          0    000011f0    00000020     
                  000011f0    00000020     tags-cc1310_pem3.oem3 (.const:ti_sysbios_gates_GateHwi_Object__DESC__C)

.const:ti_sysbios_gates_GateMutex_Object__DESC__C 
*          0    00001210    00000020     
                  00001210    00000020     tags-cc1310_pem3.oem3 (.const:ti_sysbios_gates_GateMutex_Object__DESC__C)

.const:ti_sysbios_hal_Hwi_Object__DESC__C 
*          0    00001230    00000020     
                  00001230    00000020     tags-cc1310_pem3.oem3 (.const:ti_sysbios_hal_Hwi_Object__DESC__C)

.const:ti_sysbios_heaps_HeapMem_Object__DESC__C 
*          0    00001250    00000020     
                  00001250    00000020     tags-cc1310_pem3.oem3 (.const:ti_sysbios_heaps_HeapMem_Object__DESC__C)

.const:ti_sysbios_knl_Clock_Object__DESC__C 
*          0    00001270    00000020     
                  00001270    00000020     tags-cc1310_pem3.oem3 (.const:ti_sysbios_knl_Clock_Object__DESC__C)

.const:ti_sysbios_knl_Mailbox_Object__DESC__C 
*          0    00001290    00000020     
                  00001290    00000020     tags-cc1310_pem3.oem3 (.const:ti_sysbios_knl_Mailbox_Object__DESC__C)

.const:ti_sysbios_knl_Queue_Object__DESC__C 
*          0    000012b0    00000020     
                  000012b0    00000020     tags-cc1310_pem3.oem3 (.const:ti_sysbios_knl_Queue_Object__DESC__C)

.const:ti_sysbios_knl_Semaphore_Object__DESC__C 
*          0    000012d0    00000020     
                  000012d0    00000020     tags-cc1310_pem3.oem3 (.const:ti_sysbios_knl_Semaphore_Object__DESC__C)

.const:ti_sysbios_knl_Swi_Object__DESC__C 
*          0    000012f0    00000020     
                  000012f0    00000020     tags-cc1310_pem3.oem3 (.const:ti_sysbios_knl_Swi_Object__DESC__C)

.const:ti_sysbios_knl_Task_Object__DESC__C 
*          0    00001310    00000020     
                  00001310    00000020     tags-cc1310_pem3.oem3 (.const:ti_sysbios_knl_Task_Object__DESC__C)

.const:ti_sysbios_gates_GateHwi_Object__PARAMS__C 
*          0    00001330    00000018     
                  00001330    00000018     tags-cc1310_pem3.oem3 (.const:ti_sysbios_gates_GateHwi_Object__PARAMS__C)

.const:ti_sysbios_gates_GateMutex_Object__PARAMS__C 
*          0    00001348    00000018     
                  00001348    00000018     tags-cc1310_pem3.oem3 (.const:ti_sysbios_gates_GateMutex_Object__PARAMS__C)

.const:ti_sysbios_knl_Queue_Object__PARAMS__C 
*          0    00001360    00000018     
                  00001360    00000018     tags-cc1310_pem3.oem3 (.const:ti_sysbios_knl_Queue_Object__PARAMS__C)

.const:ti_sysbios_knl_Idle_funcList__C 
*          0    00001378    00000008     
                  00001378    00000008     tags-cc1310_pem3.oem3 (.const:ti_sysbios_knl_Idle_funcList__C)

.const:ti_sysbios_family_arm_cc26xx_Timer_startupNeeded__C 
*          0    00001384    00000004     
                  00001384    00000004     tags-cc1310_pem3.oem3 (.const:ti_sysbios_family_arm_cc26xx_Timer_startupNeeded__C)

.const:ti_sysbios_family_arm_m3_Hwi_E_alreadyDefined__C 
*          0    00001388    00000004     
                  00001388    00000004     tags-cc1310_pem3.oem3 (.const:ti_sysbios_family_arm_m3_Hwi_E_alreadyDefined__C)

.const:ti_sysbios_family_arm_m3_Hwi_E_hwiLimitExceeded__C 
*          0    0000138c    00000004     
                  0000138c    00000004     tags-cc1310_pem3.oem3 (.const:ti_sysbios_family_arm_m3_Hwi_E_hwiLimitExceeded__C)

.const:ti_sysbios_family_arm_m3_Hwi_NUM_INTERRUPTS__C 
*          0    00001390    00000004     
                  00001390    00000004     tags-cc1310_pem3.oem3 (.const:ti_sysbios_family_arm_m3_Hwi_NUM_INTERRUPTS__C)

.const:ti_sysbios_family_arm_m3_Hwi_Object__count__C 
*          0    00001394    00000004     
                  00001394    00000004     tags-cc1310_pem3.oem3 (.const:ti_sysbios_family_arm_m3_Hwi_Object__count__C)

.const:ti_sysbios_family_arm_m3_Hwi_Object__table__C 
*          0    00001398    00000004     
                  00001398    00000004     tags-cc1310_pem3.oem3 (.const:ti_sysbios_family_arm_m3_Hwi_Object__table__C)

.const:ti_sysbios_family_arm_m3_Hwi_ccr__C 
*          0    0000139c    00000004     
                  0000139c    00000004     tags-cc1310_pem3.oem3 (.const:ti_sysbios_family_arm_m3_Hwi_ccr__C)

.const:ti_sysbios_family_arm_m3_Hwi_excHandlerFunc__C 
*          0    000013a0    00000004     
                  000013a0    00000004     tags-cc1310_pem3.oem3 (.const:ti_sysbios_family_arm_m3_Hwi_excHandlerFunc__C)

.const:ti_sysbios_family_arm_m3_Hwi_nullIsrFunc__C 
*          0    000013a4    00000004     
                  000013a4    00000004     tags-cc1310_pem3.oem3 (.const:ti_sysbios_family_arm_m3_Hwi_nullIsrFunc__C)

.const:ti_sysbios_family_arm_m3_Hwi_numSparseInterrupts__C 
*          0    000013a8    00000004     
                  000013a8    00000004     tags-cc1310_pem3.oem3 (.const:ti_sysbios_family_arm_m3_Hwi_numSparseInterrupts__C)

.const:ti_sysbios_family_arm_m3_Hwi_priGroup__C 
*          0    000013ac    00000004     
                  000013ac    00000004     tags-cc1310_pem3.oem3 (.const:ti_sysbios_family_arm_m3_Hwi_priGroup__C)

.const:ti_sysbios_family_arm_m3_TaskSupport_stackAlignment__C 
*          0    000013b0    00000004     
                  000013b0    00000004     tags-cc1310_pem3.oem3 (.const:ti_sysbios_family_arm_m3_TaskSupport_stackAlignment__C)

.const:ti_sysbios_heaps_HeapMem_E_memory__C 
*          0    000013b4    00000004     
                  000013b4    00000004     tags-cc1310_pem3.oem3 (.const:ti_sysbios_heaps_HeapMem_E_memory__C)

.const:ti_sysbios_heaps_HeapMem_Module__gateObj__C 
*          0    000013b8    00000004     
                  000013b8    00000004     tags-cc1310_pem3.oem3 (.const:ti_sysbios_heaps_HeapMem_Module__gateObj__C)

.const:ti_sysbios_heaps_HeapMem_Object__count__C 
*          0    000013bc    00000004     
                  000013bc    00000004     tags-cc1310_pem3.oem3 (.const:ti_sysbios_heaps_HeapMem_Object__count__C)

.const:ti_sysbios_heaps_HeapMem_Object__table__C 
*          0    000013c0    00000004     
                  000013c0    00000004     tags-cc1310_pem3.oem3 (.const:ti_sysbios_heaps_HeapMem_Object__table__C)

.const:ti_sysbios_heaps_HeapMem_reqAlign__C 
*          0    000013c4    00000004     
                  000013c4    00000004     tags-cc1310_pem3.oem3 (.const:ti_sysbios_heaps_HeapMem_reqAlign__C)

.const:ti_sysbios_knl_Clock_serviceMargin__C 
*          0    000013c8    00000004     
                  000013c8    00000004     tags-cc1310_pem3.oem3 (.const:ti_sysbios_knl_Clock_serviceMargin__C)

.const:ti_sysbios_knl_Mailbox_Object__count__C 
*          0    000013cc    00000004     
                  000013cc    00000004     tags-cc1310_pem3.oem3 (.const:ti_sysbios_knl_Mailbox_Object__count__C)

.const:ti_sysbios_knl_Mailbox_Object__table__C 
*          0    000013d0    00000004     
                  000013d0    00000004     tags-cc1310_pem3.oem3 (.const:ti_sysbios_knl_Mailbox_Object__table__C)

.const:ti_sysbios_knl_Mailbox_maxTypeAlign__C 
*          0    000013d4    00000004     
                  000013d4    00000004     tags-cc1310_pem3.oem3 (.const:ti_sysbios_knl_Mailbox_maxTypeAlign__C)

.const:ti_sysbios_knl_Queue_Object__count__C 
*          0    000013d8    00000004     
                  000013d8    00000004     tags-cc1310_pem3.oem3 (.const:ti_sysbios_knl_Queue_Object__count__C)

.const:ti_sysbios_knl_Queue_Object__table__C 
*          0    000013dc    00000004     
                  000013dc    00000004     tags-cc1310_pem3.oem3 (.const:ti_sysbios_knl_Queue_Object__table__C)

.const:ti_sysbios_knl_Swi_Object__count__C 
*          0    000013e0    00000004     
                  000013e0    00000004     tags-cc1310_pem3.oem3 (.const:ti_sysbios_knl_Swi_Object__count__C)

.const:ti_sysbios_knl_Swi_Object__table__C 
*          0    000013e4    00000004     
                  000013e4    00000004     tags-cc1310_pem3.oem3 (.const:ti_sysbios_knl_Swi_Object__table__C)

.const:ti_sysbios_knl_Swi_numPriorities__C 
*          0    000013e8    00000004     
                  000013e8    00000004     tags-cc1310_pem3.oem3 (.const:ti_sysbios_knl_Swi_numPriorities__C)

.const:ti_sysbios_knl_Task_Object__count__C 
*          0    000013ec    00000004     
                  000013ec    00000004     tags-cc1310_pem3.oem3 (.const:ti_sysbios_knl_Task_Object__count__C)

.const:ti_sysbios_knl_Task_Object__table__C 
*          0    000013f0    00000004     
                  000013f0    00000004     tags-cc1310_pem3.oem3 (.const:ti_sysbios_knl_Task_Object__table__C)

.const:ti_sysbios_knl_Task_allBlockedFunc__C 
*          0    000013f4    00000004     
                  000013f4    00000004     tags-cc1310_pem3.oem3 (.const:ti_sysbios_knl_Task_allBlockedFunc__C)

.const:ti_sysbios_knl_Task_defaultStackHeap__C 
*          0    000013f8    00000004     
                  000013f8    00000004     tags-cc1310_pem3.oem3 (.const:ti_sysbios_knl_Task_defaultStackHeap__C)

.const:ti_sysbios_knl_Task_defaultStackSize__C 
*          0    000013fc    00000004     
                  000013fc    00000004     tags-cc1310_pem3.oem3 (.const:ti_sysbios_knl_Task_defaultStackSize__C)

.const:ti_sysbios_knl_Task_numConstructedTasks__C 
*          0    00001400    00000004     
                  00001400    00000004     tags-cc1310_pem3.oem3 (.const:ti_sysbios_knl_Task_numConstructedTasks__C)

.const:ti_sysbios_family_arm_cc26xx_Timer_Module__id__C 
*          0    00001406    00000002     
                  00001406    00000002     tags-cc1310_pem3.oem3 (.const:ti_sysbios_family_arm_cc26xx_Timer_Module__id__C)

.const:ti_sysbios_family_arm_cc26xx_TimestampProvider_useClockTimer__C 
*          0    00001408    00000002     
                  00001408    00000002     tags-cc1310_pem3.oem3 (.const:ti_sysbios_family_arm_cc26xx_TimestampProvider_useClockTimer__C)

.const:ti_sysbios_family_arm_m3_Hwi_Module__id__C 
*          0    0000140a    00000002     
                  0000140a    00000002     tags-cc1310_pem3.oem3 (.const:ti_sysbios_family_arm_m3_Hwi_Module__id__C)

.const:ti_sysbios_gates_GateHwi_Module__id__C 
*          0    0000140c    00000002     
                  0000140c    00000002     tags-cc1310_pem3.oem3 (.const:ti_sysbios_gates_GateHwi_Module__id__C)

.const:ti_sysbios_gates_GateMutex_Module__id__C 
*          0    0000140e    00000002     
                  0000140e    00000002     tags-cc1310_pem3.oem3 (.const:ti_sysbios_gates_GateMutex_Module__id__C)

.const:ti_sysbios_heaps_HeapMem_Module__id__C 
*          0    00001410    00000002     
                  00001410    00000002     tags-cc1310_pem3.oem3 (.const:ti_sysbios_heaps_HeapMem_Module__id__C)

.const:ti_sysbios_knl_Task_initStackFlag__C 
*          0    00001412    00000002     
[...]
1001c233  ti_sysbios_knl_Swi_Module_startup__E                                      
1001c239  ti_sysbios_knl_Swi_startup__E                                             
1001c23f  ti_sysbios_knl_Task_enable__E                                             
1001c245  ti_sysbios_BIOS_RtsGateProxy_enter__E                                     
1001c249  ti_sysbios_BIOS_RtsGateProxy_leave__E                                     
1001c24d  ti_sysbios_family_arm_cc26xx_Timer_getExpiredTicks__E                     
1001c251  ti_sysbios_family_arm_cc26xx_Timer_getPeriod__E                           
1001c255  ti_sysbios_family_arm_cc26xx_Timer_setPeriod__E                           
1001c259  ti_sysbios_family_arm_m3_Hwi_delete                                       
1001c25d  ti_sysbios_family_arm_m3_Hwi_destruct                                     
1001c261  ti_sysbios_family_arm_m3_TaskSupport_Module__startupDone__S               
1001c261  ti_sysbios_knl_Task_SupportProxy_Module__startupDone__S__mangled__        
1001c265  ti_sysbios_gates_GateHwi_query__E                                         
1001c265  xdc_runtime_Main_Module_GateProxy_query__E                                
1001c265  xdc_runtime_System_Module_GateProxy_query__E                              
1001c265  xdc_runtime_System_Module_GateProxy_query__E__mangled__                   
1001c269  ti_sysbios_gates_GateMutex_delete                                         
1001c26d  ti_sysbios_gates_GateMutex_destruct                                       
1001c271  ti_sysbios_BIOS_RtsGateProxy_query__E                                     
1001c271  ti_sysbios_BIOS_RtsGateProxy_query__E__mangled__                          
1001c271  ti_sysbios_gates_GateMutex_query__E                                       
1001c271  ti_sysbios_heaps_HeapMem_Module_GateProxy_query__E                        
1001c271  ti_sysbios_heaps_HeapMem_Module_GateProxy_query__E__mangled__             
1001c275  ti_sysbios_hal_Hwi_HwiProxy_Module__startupDone__S                        
1001c279  ti_sysbios_hal_Hwi_HwiProxy_delete                                        
1001c27d  ti_sysbios_hal_Hwi_HwiProxy_disableInterrupt__E                           
1001c27d  ti_sysbios_hal_Hwi_disableInterrupt__E                                    
1001c27d  ti_sysbios_hal_Hwi_disableInterrupt__E                                    
1001c281  ti_sysbios_hal_Hwi_HwiProxy_enableInterrupt__E                            
1001c281  ti_sysbios_hal_Hwi_enableInterrupt__E                                     
1001c281  ti_sysbios_hal_Hwi_enableInterrupt__E                                     
1001c285  ti_sysbios_hal_Hwi_HwiProxy_getStackInfo__E                               
1001c285  ti_sysbios_hal_Hwi_getStackInfo__E                                        
1001c285  ti_sysbios_hal_Hwi_getStackInfo__E                                        
1001c289  ti_sysbios_hal_Hwi_HwiProxy_startup__E                                    
1001c289  ti_sysbios_hal_Hwi_startup__E                                             
1001c289  ti_sysbios_hal_Hwi_startup__E                                             
1001c28d  ti_sysbios_hal_Hwi_HwiProxy_switchFromBootStack__E                        
1001c291  ti_sysbios_hal_Hwi_delete                                                 
1001c295  ti_sysbios_hal_Hwi_switchFromBootStack__E                                 
1001c295  ti_sysbios_hal_Hwi_switchFromBootStack__E                                 
1001c299  ti_sysbios_heaps_HeapMem_Module_GateProxy_enter__E                        
1001c29d  ti_sysbios_heaps_HeapMem_Module_GateProxy_leave__E                        
1001c2a1  ti_sysbios_heaps_HeapMem_isBlocking__E                                    
1001c2a5  ti_sysbios_knl_Clock_TimerProxy_Module__startupDone__S                    
1001c2a9  ti_sysbios_knl_Clock_TimerProxy_getExpiredTicks__E                        
1001c2ad  ti_sysbios_knl_Clock_TimerProxy_getPeriod__E                              
1001c2b1  ti_sysbios_knl_Clock_delete                                               
1001c2b5  ti_sysbios_knl_Clock_destruct                                             
1001c2b9  ti_sysbios_knl_Clock_removeI__E                                           
1001c2bd  ti_sysbios_knl_Clock_setTimeout__E                                        
1001c2c1  ti_sysbios_knl_Mailbox_delete                                             
1001c2c5  ti_sysbios_knl_Mailbox_destruct                                           
1001c2c9  ti_sysbios_knl_Queue_delete                                               
1001c2cd  ti_sysbios_knl_Queue_destruct                                             
1001c2d1  ti_sysbios_knl_Queue_head__E                                              
1001c2d5  ti_sysbios_knl_Queue_next__E                                              
1001c2d9  ti_sysbios_knl_Semaphore_delete                                           
1001c2dd  ti_sysbios_knl_Semaphore_destruct                                         
1001c2e1  ti_sysbios_knl_Swi_delete                                                 
1001c2e5  ti_sysbios_knl_Swi_destruct                                               
1001c2e9  ti_sysbios_knl_Swi_postInit__I                                            
1001c2ed  ti_sysbios_knl_Task_SupportProxy_Module__startupDone__S                   
1001c2f1  ti_sysbios_knl_Task_SupportProxy_getStackAlignment__E                     
1001c2f5  ti_sysbios_knl_Task_SupportProxy_start__E                                 
1001c2f9  ti_sysbios_knl_Task_SupportProxy_swap__E                                  
1001c2fd  ti_sysbios_knl_Task_delete                                                
1001c301  ti_sysbios_knl_Task_destruct                                              
1001c305  ti_sysbios_knl_Task_startup__E                                            
1001c309  xdc_runtime_Startup_startMods__I                                          
1001c401  xdc_runtime_Core_createObject__I                                          
1001c483  xdc_runtime_Error_policySpin__E                                           
1001c485  xdc_runtime_Memory_alloc__E                                               
1001c4f5  xdc_runtime_Core_deleteObject__I                                          
1001c555  xdc_runtime_Startup_exec__E                                               
1001c5a5  xdc_runtime_Assert_raise__I                                               
1001c5ed  xdc_runtime_Core_assignParams__I                                          
1001c635  xdc_runtime_Core_constructObject__I                                       
1001c67d  xdc_runtime_System_atexit__E                                              
1001c6b5  xdc_runtime_System_processAtExit__E                                       
1001c6e9  xdc_runtime_Core_assignLabel__I                                           
1001c719  xdc_runtime_Text_cordText__E                                              
1001c745  xdc_runtime_System_abort__E                                               
1001c765  xdc_runtime_Error_raiseX__E                                               
1001c781  xdc_runtime_Memory_valloc__E                                              
1001c79d  xdc_runtime_Core_destructObject__I                                        
1001c7b5  xdc_runtime_Error_check__E                                                
1001c7cd  xdc_runtime_System_exit__E                                                
1001c7e5  xdc_runtime_Text_ropeText__E                                              
1001c7fd  xdc_runtime_Memory_free__E                                                
1001c80d  xdc_runtime_SysCallback_abort__E                                          
1001c81d  xdc_runtime_SysCallback_exit__E                                           
1001c82d  xdc_runtime_Timestamp_SupportProxy_get32__E                               
1001c82d  xdc_runtime_Timestamp_get32__E                                            
1001c82d  xdc_runtime_Timestamp_get32__E                                            
1001c849  xdc_runtime_Memory_calloc__E                                              
1001c855  xdc_runtime_Memory_getMaxDefaultTypeAlign__E                              
1001c875  xdc_runtime_Gate_leaveSystem__E                                           
1001c87b  xdc_runtime_System_Module_startup__E                                      
1001c881  xdc_runtime_Gate_enterSystem__E                                           
1001c885  xdc_runtime_Memory_HeapProxy_alloc__E                                     
1001c889  xdc_runtime_Memory_HeapProxy_free__E                                      
1001c88d  xdc_runtime_System_Module_GateProxy_enter__E                              
1001c891  xdc_runtime_System_Module_GateProxy_leave__E                              
1001c895  xdc_runtime_System_abortSpin__E                                           
1001c897  xdc_runtime_System_exitSpin__E                                            
1001c899  ti_sysbios_family_arm_m3_Hwi_dispatch__I                                  
1001c969  ti_sysbios_family_arm_m3_TaskSupport_buildTaskStack                       
1001c9b5  ti_sysbios_family_arm_m3_Hwi_initStacks__E                                
1001c9fd  ti_sysbios_family_arm_m3_Hwi_excHandlerAsm__I                             
1001ca1d  ti_sysbios_family_xxx_Hwi_switchAndRunFunc                                
1001ca3b  ti_sysbios_family_arm_m3_Hwi_pendSV__I                                    
1001ca53  ti_sysbios_family_arm_m3_Hwi_return                                       
1001ca55  ti_sysbios_family_arm_m3_TaskSupport_glue                                 
1001ca65  ti_sysbios_family_arm_m3_TaskSupport_swap__E                              
1001ca65  ti_sysbios_knl_Task_SupportProxy_swap__E__mangled__                       
1001ca6d  ti_sysbios_knl_Task_swapReturn                                            
1001ca97  ti_sysbios_rom_cortexm_cc13xx_CC13xx_getRevision__E                       
20000000  ti_sysbios_family_arm_m3_Hwi_ramVectors                                   
20000100  ti_sysbios_knl_Task_Module__state__V                                      
20000144  ti_sysbios_family_arm_m3_Hwi_Module__state__V                             
20000178  ti_sysbios_knl_Clock_Module__state__V                                     
200001a4  ti_sysbios_BIOS_Module__state__V                                          
200001c8  ti_sysbios_knl_Swi_Module__state__V                                       
200001e4  ti_sysbios_family_arm_cc26xx_Timer_Module__state__V                       
200001ec  ti_sysbios_family_arm_cc26xx_TimestampProvider_Module__state__V           
200001f0  xdc_runtime_Startup_Module__state__V                                      
200001f8  xdc_runtime_System_Module__state__V                                       
20000200  xdc_runtime_Memory_Module__state__V                                       
20000208  buffers                                                                   
20001608  ti_sysbios_heaps_HeapMem_Instance_State_0_buf__A                          
20002518  ti_sysbios_knl_Task_Instance_State_0_stack__A                             
20002918  uartCC26XXObjects                                                         
20002a44  __CIOBUF_                                                                 
20002b64  vildehayePayload                                                          
20002d30  ti_sysbios_family_arm_m3_Hwi_dispatchTable                                
20002df8  configurations                                                            
20002ea0  __TI_tmpnams                                                              
20002f40  tagTask                                                                   
20002f90  watchdogTask                                                              
20003078  uartCC26XXRingBuffer                                                      
20003098  packetReceivedSemaphoreStruct                                             
200030d8  wakeupTriggers                                                            
200030f4  ledsSemaphores                                                            
20003100  PowerCC26XX_taskKey                                                       
20003104  PowerCC26XX_swiKey                                                        
20003120  dataQueue                                                                 
20003128  nextSlotForSetup                                                          
20003130  parmbuf                                                                   
20003138  slotCountForSetup                                                         
20003140  slotLimitForSetup                                                         
20003148  slotStepForSetup                                                          
20003158  ClockP_tickPeriod                                                         
2000315c  freeMailbox                                                               
20003160  incomingBuffer                                                            
20003164  noWakeupTriggerSecs                                                       
20003168  packetReceivedSemaphore                                                   
2000316c  radioSetupDataProtocol                                                    
20003170  readEntry                                                                 
20003174  readyBuffer                                                               
20003178  slotActionPtr                                                             
20003180  slotInFrameIndex                                                          
20003182  configurationsCount                                                       
20003183  driverlib_release_0_49471                                                 
20003184  radioSetupsCount                                                          
20003185  slotRadioSetup                                                            
20003188  pinUpperBound                                                             
2000318c  pinLowerBound                                                             
20003220  pinHandleTable                                                            
2000329c  PowerCC26XX_module                                                        
200033b0  _ftable                                                                   
200034a0  radio_cmd_prop_div_setup                                                  
20003540  radio_cmd_prop_rx                                                         
200035d0  radio_cmd_prop_tx_adv                                                     
20003650  _device                                                                   
200036c8  fastlrmOverrides                                                          
2000372c  radio_cmd_fs                                                              
2000378c  radio_cmd_prop_tx                                                         
200037ec  ti_sysbios_knl_Task_Module_State_0_readyQ__A                              
20003950  _stream                                                                   
200039a0  ti_sysbios_knl_Task_Object__table__V                                      
200039f0  ti_sysbios_family_arm_cc26xx_Timer_Object__table__V                       
20003a38  radio_mode                                                                
20003a78  ti_sysbios_gates_GateMutex_Object__table__V                               
20003ab0  ti_sysbios_knl_Swi_Module_State_0_readyQ__A                               
20003ae0  ti_sysbios_knl_Swi_Object__table__V                                       
20003b18  tagId                                                                     
20003b20  tagPeriodMs                                                               
20003b22  currentConfiguration                                                      
20003b23  wakeupTriggersCount                                                       
20003b24  lastWakeupSecs                                                            
20003b28  noWakeupTriggerConf                                                       
20003b29  noWakeupTriggerArmed                                                      
20003b38  ti_sysbios_knl_Clock_Object__table__V                                     
20003b58  xdc_runtime_Error_IgnoreBlock                                             
20003b94  ti_sysbios_family_arm_m3_Hwi_Object__table__V                             
20003bac  ti_sysbios_heaps_HeapMem_Object__table__V                                 
20003bc4  __TI_ft_end                                                               
20003bc8  __aeabi_stdin                                                             
20003bcc  __aeabi_stdout                                                            
20003bd0  __aeabi_stderr                                                            
20003bd4  __TI_cleanup_ptr                                                          
20003bd8  __TI_dtors_ptr                                                            
20003bdc  __TI_enable_exit_profile_output                                           
20003bec  ti_sysbios_family_arm_m3_Timer_Module__state__V                           
20003c04  _lock                                                                     
20003c08  _unlock                                                                   
20003c0c  ti_sysbios_family_arm_cc26xx_Seconds_Module__state__V                     
20003c14  ti_sysbios_family_arm_m3_Hwi_Module__root__V                              
20003c1c  ti_sysbios_gates_GateHwi_Module__root__V                                  
20003c24  ti_sysbios_gates_GateMutex_Module__root__V                                
20003c2c  ti_sysbios_hal_Hwi_Module__root__V                                        
20003c34  ti_sysbios_heaps_HeapMem_Module__root__V                                  
20003c3c  ti_sysbios_knl_Clock_Module__root__V                                      
20003c44  ti_sysbios_knl_Mailbox_Module__root__V                                    
20003c4c  ti_sysbios_knl_Queue_Module__root__V                                      
20003c54  ti_sysbios_knl_Semaphore_Module__root__V                                  
20003c5c  ti_sysbios_knl_Swi_Module__root__V                                        
20003c64  ti_sysbios_knl_Task_Module__root__V                                       
20003c70  main_func_sp                                                              
20003c74  ti_sysbios_family_arm_m3_Hwi_Module_State_0_excContext__A                 
20003c78  ti_sysbios_family_arm_m3_Hwi_Module_State_0_excStack__A                   
20003c7c  ti_sysbios_knl_Task_Module_State_0_idleTask__A                            
20003c80  ti_sysbios_family_arm_m3_Hwi_Module_State_0_excActive__A                  
20004d00  __stack                                                                   
20005000  __STACK_END                                                               
e000e000  ti_sysbios_family_arm_m3_Hwi_nvic                                         
ffffffff  __TI_pprof_out_hndl                                                       
ffffffff  __TI_prof_data_size                                                       
ffffffff  __TI_prof_data_start                                                      
ffffffff  __binit__                                                                 
ffffffff  __c_args__                                                                
ffffffff  binit                                                                     
UNDEFED   SHT$$INIT_ARRAY$$Base                                                     
UNDEFED   SHT$$INIT_ARRAY$$Limit                                                    

[969 symbols]
